Archive member included to satisfy reference by file (symbol)

d:/st/stm32cubeide_1.12.0/stm32cubeide/plugins/com.st.stm32cube.ide.mcu.externaltools.gnu-tools-for-stm32.10.3-2021.10.win32_1.0.200.202301161003/tools/bin/../lib/gcc/arm-none-eabi/10.3.1/../../../../arm-none-eabi/lib/thumb/v7-m/nofp\libc_nano.a(lib_a-errno.o)
                              ./Core/Src/syscalls.o (__errno)
d:/st/stm32cubeide_1.12.0/stm32cubeide/plugins/com.st.stm32cube.ide.mcu.externaltools.gnu-tools-for-stm32.10.3-2021.10.win32_1.0.200.202301161003/tools/bin/../lib/gcc/arm-none-eabi/10.3.1/../../../../arm-none-eabi/lib/thumb/v7-m/nofp\libc_nano.a(lib_a-exit.o)
                              d:/st/stm32cubeide_1.12.0/stm32cubeide/plugins/com.st.stm32cube.ide.mcu.externaltools.gnu-tools-for-stm32.10.3-2021.10.win32_1.0.200.202301161003/tools/bin/../lib/gcc/arm-none-eabi/10.3.1/../../../../arm-none-eabi/lib/thumb/v7-m/nofp/crt0.o (exit)
d:/st/stm32cubeide_1.12.0/stm32cubeide/plugins/com.st.stm32cube.ide.mcu.externaltools.gnu-tools-for-stm32.10.3-2021.10.win32_1.0.200.202301161003/tools/bin/../lib/gcc/arm-none-eabi/10.3.1/../../../../arm-none-eabi/lib/thumb/v7-m/nofp\libc_nano.a(lib_a-impure.o)
                              d:/st/stm32cubeide_1.12.0/stm32cubeide/plugins/com.st.stm32cube.ide.mcu.externaltools.gnu-tools-for-stm32.10.3-2021.10.win32_1.0.200.202301161003/tools/bin/../lib/gcc/arm-none-eabi/10.3.1/../../../../arm-none-eabi/lib/thumb/v7-m/nofp\libc_nano.a(lib_a-exit.o) (_global_impure_ptr)
d:/st/stm32cubeide_1.12.0/stm32cubeide/plugins/com.st.stm32cube.ide.mcu.externaltools.gnu-tools-for-stm32.10.3-2021.10.win32_1.0.200.202301161003/tools/bin/../lib/gcc/arm-none-eabi/10.3.1/../../../../arm-none-eabi/lib/thumb/v7-m/nofp\libc_nano.a(lib_a-init.o)
                              d:/st/stm32cubeide_1.12.0/stm32cubeide/plugins/com.st.stm32cube.ide.mcu.externaltools.gnu-tools-for-stm32.10.3-2021.10.win32_1.0.200.202301161003/tools/bin/../lib/gcc/arm-none-eabi/10.3.1/../../../../arm-none-eabi/lib/thumb/v7-m/nofp/crt0.o (__libc_init_array)
d:/st/stm32cubeide_1.12.0/stm32cubeide/plugins/com.st.stm32cube.ide.mcu.externaltools.gnu-tools-for-stm32.10.3-2021.10.win32_1.0.200.202301161003/tools/bin/../lib/gcc/arm-none-eabi/10.3.1/../../../../arm-none-eabi/lib/thumb/v7-m/nofp\libc_nano.a(lib_a-memcmp.o)
                              ./Core/Src/w5500/MQTT/MQTTPacket/MQTTConnectServer.o (memcmp)
d:/st/stm32cubeide_1.12.0/stm32cubeide/plugins/com.st.stm32cube.ide.mcu.externaltools.gnu-tools-for-stm32.10.3-2021.10.win32_1.0.200.202301161003/tools/bin/../lib/gcc/arm-none-eabi/10.3.1/../../../../arm-none-eabi/lib/thumb/v7-m/nofp\libc_nano.a(lib_a-memcpy-stub.o)
                              ./Core/Src/main.o (memcpy)
d:/st/stm32cubeide_1.12.0/stm32cubeide/plugins/com.st.stm32cube.ide.mcu.externaltools.gnu-tools-for-stm32.10.3-2021.10.win32_1.0.200.202301161003/tools/bin/../lib/gcc/arm-none-eabi/10.3.1/../../../../arm-none-eabi/lib/thumb/v7-m/nofp\libc_nano.a(lib_a-memset.o)
                              d:/st/stm32cubeide_1.12.0/stm32cubeide/plugins/com.st.stm32cube.ide.mcu.externaltools.gnu-tools-for-stm32.10.3-2021.10.win32_1.0.200.202301161003/tools/bin/../lib/gcc/arm-none-eabi/10.3.1/../../../../arm-none-eabi/lib/thumb/v7-m/nofp/crt0.o (memset)
d:/st/stm32cubeide_1.12.0/stm32cubeide/plugins/com.st.stm32cube.ide.mcu.externaltools.gnu-tools-for-stm32.10.3-2021.10.win32_1.0.200.202301161003/tools/bin/../lib/gcc/arm-none-eabi/10.3.1/../../../../arm-none-eabi/lib/thumb/v7-m/nofp\libc_nano.a(lib_a-printf.o)
                              ./Core/Src/main.o (printf)
d:/st/stm32cubeide_1.12.0/stm32cubeide/plugins/com.st.stm32cube.ide.mcu.externaltools.gnu-tools-for-stm32.10.3-2021.10.win32_1.0.200.202301161003/tools/bin/../lib/gcc/arm-none-eabi/10.3.1/../../../../arm-none-eabi/lib/thumb/v7-m/nofp\libc_nano.a(lib_a-puts.o)
                              ./Core/Src/main.o (puts)
d:/st/stm32cubeide_1.12.0/stm32cubeide/plugins/com.st.stm32cube.ide.mcu.externaltools.gnu-tools-for-stm32.10.3-2021.10.win32_1.0.200.202301161003/tools/bin/../lib/gcc/arm-none-eabi/10.3.1/../../../../arm-none-eabi/lib/thumb/v7-m/nofp\libc_nano.a(lib_a-snprintf.o)
                              ./Core/Src/w5500/MQTT/MQTTPacket/MQTTFormat.o (snprintf)
d:/st/stm32cubeide_1.12.0/stm32cubeide/plugins/com.st.stm32cube.ide.mcu.externaltools.gnu-tools-for-stm32.10.3-2021.10.win32_1.0.200.202301161003/tools/bin/../lib/gcc/arm-none-eabi/10.3.1/../../../../arm-none-eabi/lib/thumb/v7-m/nofp\libc_nano.a(lib_a-sprintf.o)
                              ./Core/Src/main.o (sprintf)
d:/st/stm32cubeide_1.12.0/stm32cubeide/plugins/com.st.stm32cube.ide.mcu.externaltools.gnu-tools-for-stm32.10.3-2021.10.win32_1.0.200.202301161003/tools/bin/../lib/gcc/arm-none-eabi/10.3.1/../../../../arm-none-eabi/lib/thumb/v7-m/nofp\libc_nano.a(lib_a-strcmp.o)
                              ./Core/Src/main.o (strcmp)
[...]
Memory Configuration

Name             Origin             Length             Attributes
RAM              0x0000000020000000 0x0000000000005000 xrw
FLASH            0x0000000008000000 0x0000000000010000 xr
*default*        0x0000000000000000 0xffffffffffffffff

Linker script and memory map

LOAD d:/st/stm32cubeide_1.12.0/stm32cubeide/plugins/com.st.stm32cube.ide.mcu.externaltools.gnu-tools-for-stm32.10.3-2021.10.win32_1.0.200.202301161003/tools/bin/../lib/gcc/arm-none-eabi/10.3.1/thumb/v7-m/nofp/crti.o
LOAD d:/st/stm32cubeide_1.12.0/stm32cubeide/plugins/com.st.stm32cube.ide.mcu.externaltools.gnu-tools-for-stm32.10.3-2021.10.win32_1.0.200.202301161003/tools/bin/../lib/gcc/arm-none-eabi/10.3.1/thumb/v7-m/nofp/crtbegin.o
LOAD d:/st/stm32cubeide_1.12.0/stm32cubeide/plugins/com.st.stm32cube.ide.mcu.externaltools.gnu-tools-for-stm32.10.3-2021.10.win32_1.0.200.202301161003/tools/bin/../lib/gcc/arm-none-eabi/10.3.1/../../../../arm-none-eabi/lib/thumb/v7-m/nofp/crt0.o
LOAD ./Core/Src/main.o
LOAD ./Core/Src/stm32f1xx_hal_msp.o
LOAD ./Core/Src/stm32f1xx_it.o
LOAD ./Core/Src/syscalls.o
LOAD ./Core/Src/sysmem.o
LOAD ./Core/Src/system_stm32f1xx.o
LOAD ./Core/Src/w5500/MQTT/MQTTClient.o
LOAD ./Core/Src/w5500/MQTT/mqtt_interface.o
LOAD ./Core/Src/w5500/MQTT/MQTTPacket/MQTTConnectClient.o
LOAD ./Core/Src/w5500/MQTT/MQTTPacket/MQTTConnectServer.o
LOAD ./Core/Src/w5500/MQTT/MQTTPacket/MQTTDeserializePublish.o
LOAD ./Core/Src/w5500/MQTT/MQTTPacket/MQTTFormat.o
LOAD ./Core/Src/w5500/MQTT/MQTTPacket/MQTTPacket.o
LOAD ./Core/Src/w5500/MQTT/MQTTPacket/MQTTSerializePublish.o
LOAD ./Core/Src/w5500/MQTT/MQTTPacket/MQTTSubscribeClient.o
LOAD ./Core/Src/w5500/MQTT/MQTTPacket/MQTTSubscribeServer.o
LOAD ./Core/Src/w5500/MQTT/MQTTPacket/MQTTUnsubscribeClient.o
LOAD ./Core/Src/w5500/MQTT/MQTTPacket/MQTTUnsubscribeServer.o
LOAD ./Core/Src/w5500/W5500/w5500.o
LOAD ./Core/Src/w5500/socket.o
LOAD ./Core/Src/w5500/w5500_spi.o
LOAD ./Core/Src/w5500/wizchip_conf.o
LOAD ./Core/Startup/startup_stm32f103c8tx.o
LOAD ./Drivers/STM32F1xx_HAL_Driver/Src/stm32f1xx_hal.o
LOAD ./Drivers/STM32F1xx_HAL_Driver/Src/stm32f1xx_hal_cortex.o
LOAD ./Drivers/STM32F1xx_HAL_Driver/Src/stm32f1xx_hal_dma.o
LOAD ./Drivers/STM32F1xx_HAL_Driver/Src/stm32f1xx_hal_exti.o
LOAD ./Drivers/STM32F1xx_HAL_Driver/Src/stm32f1xx_hal_flash.o
LOAD ./Drivers/STM32F1xx_HAL_Driver/Src/stm32f1xx_hal_flash_ex.o
LOAD ./Drivers/STM32F1xx_HAL_Driver/Src/stm32f1xx_hal_gpio.o
LOAD ./Drivers/STM32F1xx_HAL_Driver/Src/stm32f1xx_hal_gpio_ex.o
LOAD ./Drivers/STM32F1xx_HAL_Driver/Src/stm32f1xx_hal_pwr.o
LOAD ./Drivers/STM32F1xx_HAL_Driver/Src/stm32f1xx_hal_rcc.o
LOAD ./Drivers/STM32F1xx_HAL_Driver/Src/stm32f1xx_hal_rcc_ex.o
LOAD ./Drivers/STM32F1xx_HAL_Driver/Src/stm32f1xx_hal_spi.o
LOAD ./Drivers/STM32F1xx_HAL_Driver/Src/stm32f1xx_hal_tim.o
LOAD ./Drivers/STM32F1xx_HAL_Driver/Src/stm32f1xx_hal_tim_ex.o
LOAD ./Drivers/STM32F1xx_HAL_Driver/Src/stm32f1xx_hal_uart.o
START GROUP
LOAD d:/st/stm32cubeide_1.12.0/stm32cubeide/plugins/com.st.stm32cube.ide.mcu.externaltools.gnu-tools-for-stm32.10.3-2021.10.win32_1.0.200.202301161003/tools/bin/../lib/gcc/arm-none-eabi/10.3.1/../../../../arm-none-eabi/lib/thumb/v7-m/nofp\libc_nano.a
LOAD d:/st/stm32cubeide_1.12.0/stm32cubeide/plugins/com.st.stm32cube.ide.mcu.externaltools.gnu-tools-for-stm32.10.3-2021.10.win32_1.0.200.202301161003/tools/bin/../lib/gcc/arm-none-eabi/10.3.1/../../../../arm-none-eabi/lib/thumb/v7-m/nofp\libm.a
END GROUP
START GROUP
LOAD d:/st/stm32cubeide_1.12.0/stm32cubeide/plugins/com.st.stm32cube.ide.mcu.externaltools.gnu-tools-for-stm32.10.3-2021.10.win32_1.0.200.202301161003/tools/bin/../lib/gcc/arm-none-eabi/10.3.1/thumb/v7-m/nofp\libgcc.a
LOAD d:/st/stm32cubeide_1.12.0/stm32cubeide/plugins/com.st.stm32cube.ide.mcu.externaltools.gnu-tools-for-stm32.10.3-2021.10.win32_1.0.200.202301161003/tools/bin/../lib/gcc/arm-none-eabi/10.3.1/../../../../arm-none-eabi/lib/thumb/v7-m/nofp\libc_nano.a
END GROUP
START GROUP
LOAD d:/st/stm32cubeide_1.12.0/stm32cubeide/plugins/com.st.stm32cube.ide.mcu.externaltools.gnu-tools-for-stm32.10.3-2021.10.win32_1.0.200.202301161003/tools/bin/../lib/gcc/arm-none-eabi/10.3.1/thumb/v7-m/nofp\libgcc.a
LOAD d:/st/stm32cubeide_1.12.0/stm32cubeide/plugins/com.st.stm32cube.ide.mcu.externaltools.gnu-tools-for-stm32.10.3-2021.10.win32_1.0.200.202301161003/tools/bin/../lib/gcc/arm-none-eabi/10.3.1/../../../../arm-none-eabi/lib/thumb/v7-m/nofp\libc_nano.a
LOAD d:/st/stm32cubeide_1.12.0/stm32cubeide/plugins/com.st.stm32cube.ide.mcu.externaltools.gnu-tools-for-stm32.10.3-2021.10.win32_1.0.200.202301161003/tools/bin/../lib/gcc/arm-none-eabi/10.3.1/../../../../arm-none-eabi/lib/thumb/v7-m/nofp\libnosys.a
END GROUP
START GROUP
LOAD d:/st/stm32cubeide_1.12.0/stm32cubeide/plugins/com.st.stm32cube.ide.mcu.externaltools.gnu-tools-for-stm32.10.3-2021.10.win32_1.0.200.202301161003/tools/bin/../lib/gcc/arm-none-eabi/10.3.1/thumb/v7-m/nofp\libgcc.a
LOAD d:/st/stm32cubeide_1.12.0/stm32cubeide/plugins/com.st.stm32cube.ide.mcu.externaltools.gnu-tools-for-stm32.10.3-2021.10.win32_1.0.200.202301161003/tools/bin/../lib/gcc/arm-none-eabi/10.3.1/../../../../arm-none-eabi/lib/thumb/v7-m/nofp\libc_nano.a
LOAD d:/st/stm32cubeide_1.12.0/stm32cubeide/plugins/com.st.stm32cube.ide.mcu.externaltools.gnu-tools-for-stm32.10.3-2021.10.win32_1.0.200.202301161003/tools/bin/../lib/gcc/arm-none-eabi/10.3.1/../../../../arm-none-eabi/lib/thumb/v7-m/nofp\libnosys.a
END GROUP
LOAD d:/st/stm32cubeide_1.12.0/stm32cubeide/plugins/com.st.stm32cube.ide.mcu.externaltools.gnu-tools-for-stm32.10.3-2021.10.win32_1.0.200.202301161003/tools/bin/../lib/gcc/arm-none-eabi/10.3.1/thumb/v7-m/nofp/crtend.o
LOAD d:/st/stm32cubeide_1.12.0/stm32cubeide/plugins/com.st.stm32cube.ide.mcu.externaltools.gnu-tools-for-stm32.10.3-2021.10.win32_1.0.200.202301161003/tools/bin/../lib/gcc/arm-none-eabi/10.3.1/thumb/v7-m/nofp/crtn.o
                0x0000000020005000                _estack = (ORIGIN (RAM) + LENGTH (RAM))
                0x0000000000000200                _Min_Heap_Size = 0x200
                0x0000000000000400                _Min_Stack_Size = 0x400

.isr_vector     0x0000000008000000      0x10c
                0x0000000008000000                . = ALIGN (0x4)
 *(.isr_vector)
 .isr_vector    0x0000000008000000      0x10c ./Core/Startup/startup_stm32f103c8tx.o
                0x0000000008000000                g_pfnVectors
                0x000000000800010c                . = ALIGN (0x4)

.text           0x000000000800010c     0x638c
                0x000000000800010c                . = ALIGN (0x4)
 *(.text)
 .text          0x000000000800010c       0x40 d:/st/stm32cubeide_1.12.0/stm32cubeide/plugins/com.st.stm32cube.ide.mcu.externaltools.gnu-tools-for-stm32.10.3-2021.10.win32_1.0.200.202301161003/tools/bin/../lib/gcc/arm-none-eabi/10.3.1/thumb/v7-m/nofp/crtbegin.o
 .text          0x000000000800014c       0x14 d:/st/stm32cubeide_1.12.0/stm32cubeide/plugins/com.st.stm32cube.ide.mcu.externaltools.gnu-tools-for-stm32.10.3-2021.10.win32_1.0.200.202301161003/tools/bin/../lib/gcc/arm-none-eabi/10.3.1/../../../../arm-none-eabi/lib/thumb/v7-m/nofp\libc_nano.a(lib_a-strcmp.o)
                0x000000000800014c                strcmp
 .text          0x0000000008000160       0x10 d:/st/stm32cubeide_1.12.0/stm32cubeide/plugins/com.st.stm32cube.ide.mcu.externaltools.gnu-tools-for-stm32.10.3-2021.10.win32_1.0.200.202301161003/tools/bin/../lib/gcc/arm-none-eabi/10.3.1/../../../../arm-none-eabi/lib/thumb/v7-m/nofp\libc_nano.a(lib_a-strlen.o)
                0x0000000008000160                strlen
 *(.text*)
 .text.messageArrived
                0x0000000008000170       0xa4 ./Core/Src/main.o
                0x0000000008000170                messageArrived
 .text.__io_putchar
                0x0000000008000214       0x24 ./Core/Src/main.o
                0x0000000008000214                __io_putchar
 .text.main     0x0000000008000238      0x150 ./Core/Src/main.o
                0x0000000008000238                main
 .text.SystemClock_Config
                0x0000000008000388       0x8a ./Core/Src/main.o
                0x0000000008000388                SystemClock_Config
 *fill*         0x0000000008000412        0x2 
 .text.MX_SPI1_Init
                0x0000000008000414       0x7c ./Core/Src/main.o
 .text.MX_USART2_UART_Init
                0x0000000008000490       0x54 ./Core/Src/main.o
 .text.MX_GPIO_Init
                0x00000000080004e4       0x98 ./Core/Src/main.o
 .text.PHYStatusCheck
                0x000000000800057c       0x4c ./Core/Src/main.o
 .text.PrintPHYConf
                0x00000000080005c8       0x88 ./Core/Src/main.o
 .text.Error_Handler
                0x0000000008000650        0xa ./Core/Src/main.o
                0x0000000008000650                Error_Handler
 *fill*         0x000000000800065a        0x2 
 .text.HAL_MspInit
                0x000000000800065c       0x64 ./Core/Src/stm32f1xx_hal_msp.o
                0x000000000800065c                HAL_MspInit
 .text.HAL_SPI_MspInit
                0x00000000080006c0       0x94 ./Core/Src/stm32f1xx_hal_msp.o
                0x00000000080006c0                HAL_SPI_MspInit
 .text.HAL_UART_MspInit
                0x0000000008000754       0x94 ./Core/Src/stm32f1xx_hal_msp.o
                0x0000000008000754                HAL_UART_MspInit
 .text.NMI_Handler
                0x00000000080007e8        0x6 ./Core/Src/stm32f1xx_it.o
                0x00000000080007e8                NMI_Handler
 .text.HardFault_Handler
                0x00000000080007ee        0x6 ./Core/Src/stm32f1xx_it.o
                0x00000000080007ee                HardFault_Handler
 .text.MemManage_Handler
                0x00000000080007f4        0x6 ./Core/Src/stm32f1xx_it.o
                0x00000000080007f4                MemManage_Handler
 .text.BusFault_Handler
                0x00000000080007fa        0x6 ./Core/Src/stm32f1xx_it.o
                0x00000000080007fa                BusFault_Handler
 .text.UsageFault_Handler
                0x0000000008000800        0x6 ./Core/Src/stm32f1xx_it.o
                0x0000000008000800                UsageFault_Handler
 .text.SVC_Handler
                0x0000000008000806        0xc ./Core/Src/stm32f1xx_it.o
                0x0000000008000806                SVC_Handler
 .text.DebugMon_Handler
                0x0000000008000812        0xc ./Core/Src/stm32f1xx_it.o
                0x0000000008000812                DebugMon_Handler
 .text.PendSV_Handler
                0x000000000800081e        0xc ./Core/Src/stm32f1xx_it.o
                0x000000000800081e                PendSV_Handler
 .text.SysTick_Handler
                0x000000000800082a       0x10 ./Core/Src/stm32f1xx_it.o
                0x000000000800082a                SysTick_Handler
 .text._read    0x000000000800083a       0x3a ./Core/Src/syscalls.o
                0x000000000800083a                _read
 .text._write   0x0000000008000874       0x38 ./Core/Src/syscalls.o
                0x0000000008000874                _write
 .text._close   0x00000000080008ac       0x16 ./Core/Src/syscalls.o
                0x00000000080008ac                _close
 .text._fstat   0x00000000080008c2       0x1e ./Core/Src/syscalls.o
                0x00000000080008c2                _fstat
 .text._isatty  0x00000000080008e0       0x14 ./Core/Src/syscalls.o
                0x00000000080008e0                _isatty
 .text._lseek   0x00000000080008f4       0x18 ./Core/Src/syscalls.o
                0x00000000080008f4                _lseek
 .text._sbrk    0x000000000800090c       0x6c ./Core/Src/sysmem.o
                0x000000000800090c                _sbrk
 .text.SystemInit
                0x0000000008000978        0xc ./Core/Src/system_stm32f1xx.o
                0x0000000008000978                SystemInit
 .text.NewMessageData
                0x0000000008000984       0x22 ./Core/Src/w5500/MQTT/MQTTClient.o
                0x0000000008000984                NewMessageData
 .text.getNextPacketId
                0x00000000080009a6       0x30 ./Core/Src/w5500/MQTT/MQTTClient.o
                0x00000000080009a6                getNextPacketId
 .text.sendPacket
                0x00000000080009d6       0x92 ./Core/Src/w5500/MQTT/MQTTClient.o
                0x00000000080009d6                sendPacket
 .text.MQTTClient
                0x0000000008000a68       0x76 ./Core/Src/w5500/MQTT/MQTTClient.o
                0x0000000008000a68                MQTTClient
 .text.decodePacket
                0x0000000008000ade       0x88 ./Core/Src/w5500/MQTT/MQTTClient.o
                0x0000000008000ade                decodePacket
 .text.readPacket
                0x0000000008000b66       0xc8 ./Core/Src/w5500/MQTT/MQTTClient.o
                0x0000000008000b66                readPacket
 .text.isTopicMatched
                0x0000000008000c2e       0xd0 ./Core/Src/w5500/MQTT/MQTTClient.o
                0x0000000008000c2e                isTopicMatched
 .text.deliverMessage
                0x0000000008000cfe       0xd6 ./Core/Src/w5500/MQTT/MQTTClient.o
                0x0000000008000cfe                deliverMessage
 .text.keepalive
                0x0000000008000dd4       0x8e ./Core/Src/w5500/MQTT/MQTTClient.o
                0x0000000008000dd4                keepalive
 *fill*         0x0000000008000e62        0x2 
 .text.cycle    0x0000000008000e64      0x1c0 ./Core/Src/w5500/MQTT/MQTTClient.o
                0x0000000008000e64                cycle
 .text.MQTTYield
                0x0000000008001024       0x5e ./Core/Src/w5500/MQTT/MQTTClient.o
                0x0000000008001024                MQTTYield
 .text.waitfor  0x0000000008001082       0x3e ./Core/Src/w5500/MQTT/MQTTClient.o
                0x0000000008001082                waitfor
 .text.MQTTConnect
                0x00000000080010c0      0x10c ./Core/Src/w5500/MQTT/MQTTClient.o
                0x00000000080010c0                MQTTConnect
 .text.MQTTSubscribe
                0x00000000080011cc      0x14a ./Core/Src/w5500/MQTT/MQTTClient.o
                0x00000000080011cc                MQTTSubscribe
 *fill*         0x0000000008001316        0x2 
 .text.MilliTimer_Handler
                0x0000000008001318       0x1c ./Core/Src/w5500/MQTT/mqtt_interface.o
                0x0000000008001318                MilliTimer_Handler
 .text.expired  0x0000000008001334       0x28 ./Core/Src/w5500/MQTT/mqtt_interface.o
                0x0000000008001334                expired
 .text.countdown_ms
                0x000000000800135c       0x24 ./Core/Src/w5500/MQTT/mqtt_interface.o
                0x000000000800135c                countdown_ms
 .text.countdown
                0x0000000008001380       0x2c ./Core/Src/w5500/MQTT/mqtt_interface.o
                0x0000000008001380                countdown
 .text.left_ms  0x00000000080013ac       0x28 ./Core/Src/w5500/MQTT/mqtt_interface.o
                0x00000000080013ac                left_ms
 .text.InitTimer
                0x00000000080013d4       0x18 ./Core/Src/w5500/MQTT/mqtt_interface.o
                0x00000000080013d4                InitTimer
 .text.NewNetwork
                0x00000000080013ec       0x38 ./Core/Src/w5500/MQTT/mqtt_interface.o
                0x00000000080013ec                NewNetwork
 .text.w5500_read
                0x0000000008001424       0x58 ./Core/Src/w5500/MQTT/mqtt_interface.o
                0x0000000008001424                w5500_read
 .text.w5500_write
                0x000000000800147c       0x46 ./Core/Src/w5500/MQTT/mqtt_interface.o
                0x000000000800147c                w5500_write
 .text.w5500_disconnect
                0x00000000080014c2       0x1c ./Core/Src/w5500/MQTT/mqtt_interface.o
                0x00000000080014c2                w5500_disconnect
 .text.ConnectNetwork
                0x00000000080014de       0x58 ./Core/Src/w5500/MQTT/mqtt_interface.o
                0x00000000080014de                ConnectNetwork
 .text.MQTTSerialize_connectLength
                0x0000000008001536       0xc2 ./Core/Src/w5500/MQTT/MQTTPacket/MQTTConnectClient.o
                0x0000000008001536                MQTTSerialize_connectLength
 .text.MQTTSerialize_connect
                0x00000000080015f8      0x1d8 ./Core/Src/w5500/MQTT/MQTTPacket/MQTTConnectClient.o
                0x00000000080015f8                MQTTSerialize_connect
 .text.MQTTDeserialize_connack
                0x00000000080017d0       0xaa ./Core/Src/w5500/MQTT/MQTTPacket/MQTTConnectClient.o
                0x00000000080017d0                MQTTDeserialize_connack
 .text.MQTTSerialize_zero
                0x000000000800187a       0x70 ./Core/Src/w5500/MQTT/MQTTPacket/MQTTConnectClient.o
                0x000000000800187a                MQTTSerialize_zero
 .text.MQTTSerialize_pingreq
                0x00000000080018ea       0x1e ./Core/Src/w5500/MQTT/MQTTPacket/MQTTConnectClient.o
                0x00000000080018ea                MQTTSerialize_pingreq
 .text.MQTTDeserialize_publish
                0x0000000008001908       0xe4 ./Core/Src/w5500/MQTT/MQTTPacket/MQTTDeserializePublish.o
                0x0000000008001908                MQTTDeserialize_publish
 .text.MQTTDeserialize_ack
                0x00000000080019ec       0x96 ./Core/Src/w5500/MQTT/MQTTPacket/MQTTDeserializePublish.o
                0x00000000080019ec                MQTTDeserialize_ack
 .text.MQTTPacket_encode
                0x0000000008001a82       0x5c ./Core/Src/w5500/MQTT/MQTTPacket/MQTTPacket.o
                0x0000000008001a82                MQTTPacket_encode
 .text.MQTTPacket_decode
                0x0000000008001ade       0x78 ./Core/Src/w5500/MQTT/MQTTPacket/MQTTPacket.o
                0x0000000008001ade                MQTTPacket_decode
 *fill*         0x0000000008001b56        0x2 
 .text.MQTTPacket_len
                0x0000000008001b58       0x54 ./Core/Src/w5500/MQTT/MQTTPacket/MQTTPacket.o
                0x0000000008001b58                MQTTPacket_len
 .text.bufchar  0x0000000008001bac       0x40 ./Core/Src/w5500/MQTT/MQTTPacket/MQTTPacket.o
                0x0000000008001bac                bufchar
 .text.MQTTPacket_decodeBuf
                0x0000000008001bec       0x2c ./Core/Src/w5500/MQTT/MQTTPacket/MQTTPacket.o
                0x0000000008001bec                MQTTPacket_decodeBuf
 .text.readInt  0x0000000008001c18       0x34 ./Core/Src/w5500/MQTT/MQTTPacket/MQTTPacket.o
                0x0000000008001c18                readInt
 .text.readChar
                0x0000000008001c4c       0x26 ./Core/Src/w5500/MQTT/MQTTPacket/MQTTPacket.o
                0x0000000008001c4c                readChar
 .text.writeChar
                0x0000000008001c72       0x28 ./Core/Src/w5500/MQTT/MQTTPacket/MQTTPacket.o
                0x0000000008001c72                writeChar
 .text.writeInt
                0x0000000008001c9a       0x50 ./Core/Src/w5500/MQTT/MQTTPacket/MQTTPacket.o
                0x0000000008001c9a                writeInt
 .text.writeCString
                0x0000000008001cea       0x3e ./Core/Src/w5500/MQTT/MQTTPacket/MQTTPacket.o
                0x0000000008001cea                writeCString
 .text.writeMQTTString
                0x0000000008001d28       0x5c ./Core/Src/w5500/MQTT/MQTTPacket/MQTTPacket.o
                0x0000000008001d28                writeMQTTString
 .text.readMQTTLenString
                0x0000000008001d84       0x62 ./Core/Src/w5500/MQTT/MQTTPacket/MQTTPacket.o
                0x0000000008001d84                readMQTTLenString
 .text.MQTTstrlen
                0x0000000008001de6       0x32 ./Core/Src/w5500/MQTT/MQTTPacket/MQTTPacket.o
                0x0000000008001de6                MQTTstrlen
 .text.MQTTPacket_equals
                0x0000000008001e18       0x6e ./Core/Src/w5500/MQTT/MQTTPacket/MQTTPacket.o
                0x0000000008001e18                MQTTPacket_equals
 .text.MQTTSerialize_ack
                0x0000000008001e86       0xaa ./Core/Src/w5500/MQTT/MQTTPacket/MQTTSerializePublish.o
                0x0000000008001e86                MQTTSerialize_ack
 .text.MQTTSerialize_subscribeLength
                0x0000000008001f30       0x4e ./Core/Src/w5500/MQTT/MQTTPacket/MQTTSubscribeClient.o
                0x0000000008001f30                MQTTSerialize_subscribeLength
 .text.MQTTSerialize_subscribe
                0x0000000008001f7e       0xf8 ./Core/Src/w5500/MQTT/MQTTPacket/MQTTSubscribeClient.o
                0x0000000008001f7e                MQTTSerialize_subscribe
 .text.MQTTDeserialize_suback
                0x0000000008002076       0xce ./Core/Src/w5500/MQTT/MQTTPacket/MQTTSubscribeClient.o
                0x0000000008002076                MQTTDeserialize_suback
 .text.WIZCHIP_READ
                0x0000000008002144       0x98 ./Core/Src/w5500/W5500/w5500.o
                0x0000000008002144                WIZCHIP_READ
 .text.WIZCHIP_WRITE
                0x00000000080021dc       0x9c ./Core/Src/w5500/W5500/w5500.o
                0x00000000080021dc                WIZCHIP_WRITE
 .text.WIZCHIP_READ_BUF
                0x0000000008002278       0xc0 ./Core/Src/w5500/W5500/w5500.o
                0x0000000008002278                WIZCHIP_READ_BUF
 .text.WIZCHIP_WRITE_BUF
                0x0000000008002338       0xc0 ./Core/Src/w5500/W5500/w5500.o
                0x0000000008002338                WIZCHIP_WRITE_BUF
 .text.getSn_TX_FSR
                0x00000000080023f8       0x96 ./Core/Src/w5500/W5500/w5500.o
                0x00000000080023f8                getSn_TX_FSR
 .text.getSn_RX_RSR
                0x000000000800248e       0x96 ./Core/Src/w5500/W5500/w5500.o
                0x000000000800248e                getSn_RX_RSR
 .text.wiz_send_data
                0x0000000008002524       0xb8 ./Core/Src/w5500/W5500/w5500.o
                0x0000000008002524                wiz_send_data
 .text.wiz_recv_data
                0x00000000080025dc       0xb8 ./Core/Src/w5500/W5500/w5500.o
                0x00000000080025dc                wiz_recv_data
 .text.socket   0x0000000008002694      0x22c ./Core/Src/w5500/socket.o
                0x0000000008002694                socket
 .text.close    0x00000000080028c0       0xdc ./Core/Src/w5500/socket.o
                0x00000000080028c0                close
 .text.connect  0x000000000800299c      0x1b8 ./Core/Src/w5500/socket.o
                0x000000000800299c                connect
 .text.disconnect
                0x0000000008002b54       0xec ./Core/Src/w5500/socket.o
                0x0000000008002b54                disconnect
 .text.send     0x0000000008002c40      0x1f4 ./Core/Src/w5500/socket.o
                0x0000000008002c40                send
 .text.recv     0x0000000008002e34      0x16c ./Core/Src/w5500/socket.o
                0x0000000008002e34                recv
 .text.SPIReadWrite
                0x0000000008002fa0       0x4c ./Core/Src/w5500/w5500_spi.o
                0x0000000008002fa0                SPIReadWrite
 .text.wizchip_select
                0x0000000008002fec       0x18 ./Core/Src/w5500/w5500_spi.o
                0x0000000008002fec                wizchip_select
 .text.wizchip_deselect
                0x0000000008003004       0x18 ./Core/Src/w5500/w5500_spi.o
                0x0000000008003004                wizchip_deselect
 .text.wizchip_read
                0x000000000800301c       0x1a ./Core/Src/w5500/w5500_spi.o
                0x000000000800301c                wizchip_read
 .text.wizchip_write
                0x0000000008003036       0x1a ./Core/Src/w5500/w5500_spi.o
                0x0000000008003036                wizchip_write
 .text.wizchip_readburst
                0x0000000008003050       0x3e ./Core/Src/w5500/w5500_spi.o
                0x0000000008003050                wizchip_readburst
 .text.wizchip_writeburst
                0x000000000800308e       0x3a ./Core/Src/w5500/w5500_spi.o
                0x000000000800308e                wizchip_writeburst
 .text.W5500IOInit
                0x00000000080030c8       0x5c ./Core/Src/w5500/w5500_spi.o
                0x00000000080030c8                W5500IOInit
 .text.W5500Init
                0x0000000008003124       0xa8 ./Core/Src/w5500/w5500_spi.o
                0x0000000008003124                W5500Init
 .text.wizchip_cris_enter
                0x00000000080031cc        0xc ./Core/Src/w5500/wizchip_conf.o
                0x00000000080031cc                wizchip_cris_enter
 .text.wizchip_cris_exit
                0x00000000080031d8        0xc ./Core/Src/w5500/wizchip_conf.o
                0x00000000080031d8                wizchip_cris_exit
 .text.wizchip_cs_select
                0x00000000080031e4        0xc ./Core/Src/w5500/wizchip_conf.o
                0x00000000080031e4                wizchip_cs_select
 .text.wizchip_cs_deselect
                0x00000000080031f0        0xc ./Core/Src/w5500/wizchip_conf.o
                0x00000000080031f0                wizchip_cs_deselect
 .text.wizchip_bus_readdata
                0x00000000080031fc       0x18 ./Core/Src/w5500/wizchip_conf.o
                0x00000000080031fc                wizchip_bus_readdata
 .text.wizchip_bus_writedata
                0x0000000008003214       0x1c ./Core/Src/w5500/wizchip_conf.o
                0x0000000008003214                wizchip_bus_writedata
 .text.wizchip_spi_readbyte
                0x0000000008003230        0xe ./Core/Src/w5500/wizchip_conf.o
                0x0000000008003230                wizchip_spi_readbyte
 .text.wizchip_spi_writebyte
                0x000000000800323e       0x14 ./Core/Src/w5500/wizchip_conf.o
                0x000000000800323e                wizchip_spi_writebyte
 .text.wizchip_spi_readburst
                0x0000000008003252       0x16 ./Core/Src/w5500/wizchip_conf.o
                0x0000000008003252                wizchip_spi_readburst
 .text.wizchip_spi_writeburst
                0x0000000008003268       0x16 ./Core/Src/w5500/wizchip_conf.o
                0x0000000008003268                wizchip_spi_writeburst
 *fill*         0x000000000800327e        0x2 
 .text.reg_wizchip_cs_cbfunc
                0x0000000008003280       0x48 ./Core/Src/w5500/wizchip_conf.o
                0x0000000008003280                reg_wizchip_cs_cbfunc
 .text.reg_wizchip_spi_cbfunc
                0x00000000080032c8       0x58 ./Core/Src/w5500/wizchip_conf.o
                0x00000000080032c8                reg_wizchip_spi_cbfunc
 .text.reg_wizchip_spiburst_cbfunc
                0x0000000008003320       0x58 ./Core/Src/w5500/wizchip_conf.o
                0x0000000008003320                reg_wizchip_spiburst_cbfunc
 .text.ctlwizchip
                0x0000000008003378      0x1c4 ./Core/Src/w5500/wizchip_conf.o
                0x0000000008003378                ctlwizchip
 .text.ctlnetwork
                0x000000000800353c       0x7c ./Core/Src/w5500/wizchip_conf.o
                0x000000000800353c                ctlnetwork
 .text.wizchip_sw_reset
                0x00000000080035b8       0x98 ./Core/Src/w5500/wizchip_conf.o
                0x00000000080035b8                wizchip_sw_reset
 .text.wizchip_init
                0x0000000008003650      0x118 ./Core/Src/w5500/wizchip_conf.o
                0x0000000008003650                wizchip_init
 .text.wizchip_clrinterrupt
                0x0000000008003768       0x68 ./Core/Src/w5500/wizchip_conf.o
                0x0000000008003768                wizchip_clrinterrupt
 .text.wizchip_getinterrupt
                0x00000000080037d0       0x4a ./Core/Src/w5500/wizchip_conf.o
                0x00000000080037d0                wizchip_getinterrupt
 .text.wizchip_setinterruptmask
                0x000000000800381a       0x36 ./Core/Src/w5500/wizchip_conf.o
                0x000000000800381a                wizchip_setinterruptmask
 .text.wizchip_getinterruptmask
                0x0000000008003850       0x46 ./Core/Src/w5500/wizchip_conf.o
                0x0000000008003850                wizchip_getinterruptmask
 .text.wizphy_getphylink
                0x0000000008003896       0x2c ./Core/Src/w5500/wizchip_conf.o
                0x0000000008003896                wizphy_getphylink
 .text.wizphy_getphypmode
                0x00000000080038c2       0x32 ./Core/Src/w5500/wizchip_conf.o
                0x00000000080038c2                wizphy_getphypmode
 .text.wizphy_reset
                0x00000000080038f4       0x4e ./Core/Src/w5500/wizchip_conf.o
                0x00000000080038f4                wizphy_reset
 .text.wizphy_setphyconf
                0x0000000008003942       0x84 ./Core/Src/w5500/wizchip_conf.o
                0x0000000008003942                wizphy_setphyconf
 .text.wizphy_getphyconf
                0x00000000080039c6       0xd2 ./Core/Src/w5500/wizchip_conf.o
                0x00000000080039c6                wizphy_getphyconf
 .text.wizphy_setphypmode
                0x0000000008003a98       0x94 ./Core/Src/w5500/wizchip_conf.o
                0x0000000008003a98                wizphy_setphypmode
 .text.wizchip_setnetinfo
                0x0000000008003b2c       0x80 ./Core/Src/w5500/wizchip_conf.o
                0x0000000008003b2c                wizchip_setnetinfo
 .text.wizchip_getnetinfo
                0x0000000008003bac       0x80 ./Core/Src/w5500/wizchip_conf.o
                0x0000000008003bac                wizchip_getnetinfo
 .text.wizchip_setnetmode
                0x0000000008003c2c       0x44 ./Core/Src/w5500/wizchip_conf.o
                0x0000000008003c2c                wizchip_setnetmode
 .text.wizchip_getnetmode
                0x0000000008003c70       0x10 ./Core/Src/w5500/wizchip_conf.o
                0x0000000008003c70                wizchip_getnetmode
 .text.wizchip_settimeout
                0x0000000008003c80       0x42 ./Core/Src/w5500/wizchip_conf.o
                0x0000000008003c80                wizchip_settimeout
 .text.wizchip_gettimeout
                0x0000000008003cc2       0x44 ./Core/Src/w5500/wizchip_conf.o
                0x0000000008003cc2                wizchip_gettimeout
 *fill*         0x0000000008003d06        0x2 
 .text.Reset_Handler
                0x0000000008003d08       0x48 ./Core/Startup/startup_stm32f103c8tx.o
                0x0000000008003d08                Reset_Handler
 .text.Default_Handler
                0x0000000008003d50        0x2 ./Core/Startup/startup_stm32f103c8tx.o
                0x0000000008003d50                RTC_Alarm_IRQHandler
                0x0000000008003d50                EXTI2_IRQHandler
                0x0000000008003d50                TIM1_CC_IRQHandler
                0x0000000008003d50                PVD_IRQHandler
                0x0000000008003d50                EXTI3_IRQHandler
                0x0000000008003d50                EXTI0_IRQHandler
                0x0000000008003d50                I2C2_EV_IRQHandler
                0x0000000008003d50                ADC1_2_IRQHandler
                0x0000000008003d50                SPI1_IRQHandler
                0x0000000008003d50                TAMPER_IRQHandler
                0x0000000008003d50                DMA1_Channel4_IRQHandler
                0x0000000008003d50                USART3_IRQHandler
                0x0000000008003d50                RTC_IRQHandler
                0x0000000008003d50                DMA1_Channel7_IRQHandler
                0x0000000008003d50                CAN1_RX1_IRQHandler
                0x0000000008003d50                TIM4_IRQHandler
                0x0000000008003d50                I2C1_EV_IRQHandler
                0x0000000008003d50                DMA1_Channel6_IRQHandler
                0x0000000008003d50                TIM3_IRQHandler
                0x0000000008003d50                RCC_IRQHandler
                0x0000000008003d50                TIM1_TRG_COM_IRQHandler
                0x0000000008003d50                DMA1_Channel1_IRQHandler
                0x0000000008003d50                Default_Handler
                0x0000000008003d50                EXTI15_10_IRQHandler
                0x0000000008003d50                EXTI9_5_IRQHandler
                0x0000000008003d50                SPI2_IRQHandler
                0x0000000008003d50                DMA1_Channel5_IRQHandler
                0x0000000008003d50                EXTI4_IRQHandler
                0x0000000008003d50                USB_LP_CAN1_RX0_IRQHandler
                0x0000000008003d50                USB_HP_CAN1_TX_IRQHandler
                0x0000000008003d50                DMA1_Channel3_IRQHandler
                0x0000000008003d50                TIM1_UP_IRQHandler
                0x0000000008003d50                WWDG_IRQHandler
                0x0000000008003d50                TIM2_IRQHandler
                0x0000000008003d50                TIM1_BRK_IRQHandler
                0x0000000008003d50                EXTI1_IRQHandler
                0x0000000008003d50                USART2_IRQHandler
                0x0000000008003d50                I2C2_ER_IRQHandler
                0x0000000008003d50                DMA1_Channel2_IRQHandler
                0x0000000008003d50                CAN1_SCE_IRQHandler
                0x0000000008003d50                FLASH_IRQHandler
                0x0000000008003d50                USART1_IRQHandler
                0x0000000008003d50                I2C1_ER_IRQHandler
                0x0000000008003d50                USBWakeUp_IRQHandler
 *fill*         0x0000000008003d52        0x2 
 .text.HAL_Init
                0x0000000008003d54       0x2c ./Drivers/STM32F1xx_HAL_Driver/Src/stm32f1xx_hal.o
                0x0000000008003d54                HAL_Init
 .text.HAL_InitTick
                0x0000000008003d80       0x60 ./Drivers/STM32F1xx_HAL_Driver/Src/stm32f1xx_hal.o
                0x0000000008003d80                HAL_InitTick
 .text.HAL_IncTick
                0x0000000008003de0       0x24 ./Drivers/STM32F1xx_HAL_Driver/Src/stm32f1xx_hal.o
                0x0000000008003de0                HAL_IncTick
 .text.HAL_GetTick
                0x0000000008003e04       0x14 ./Drivers/STM32F1xx_HAL_Driver/Src/stm32f1xx_hal.o
                0x0000000008003e04                HAL_GetTick
 .text.HAL_Delay
                0x0000000008003e18       0x48 ./Drivers/STM32F1xx_HAL_Driver/Src/stm32f1xx_hal.o
                0x0000000008003e18                HAL_Delay
 .text.__NVIC_SetPriorityGrouping
                0x0000000008003e60       0x48 ./Drivers/STM32F1xx_HAL_Driver/Src/stm32f1xx_hal_cortex.o
 .text.__NVIC_GetPriorityGrouping
                0x0000000008003ea8       0x1c ./Drivers/STM32F1xx_HAL_Driver/Src/stm32f1xx_hal_cortex.o
 .text.__NVIC_SetPriority
                0x0000000008003ec4       0x54 ./Drivers/STM32F1xx_HAL_Driver/Src/stm32f1xx_hal_cortex.o
 .text.NVIC_EncodePriority
                0x0000000008003f18       0x64 ./Drivers/STM32F1xx_HAL_Driver/Src/stm32f1xx_hal_cortex.o
 .text.SysTick_Config
                0x0000000008003f7c       0x44 ./Drivers/STM32F1xx_HAL_Driver/Src/stm32f1xx_hal_cortex.o
 .text.HAL_NVIC_SetPriorityGrouping
                0x0000000008003fc0       0x16 ./Drivers/STM32F1xx_HAL_Driver/Src/stm32f1xx_hal_cortex.o
                0x0000000008003fc0                HAL_NVIC_SetPriorityGrouping
 .text.HAL_NVIC_SetPriority
                0x0000000008003fd6       0x38 ./Drivers/STM32F1xx_HAL_Driver/Src/stm32f1xx_hal_cortex.o
                0x0000000008003fd6                HAL_NVIC_SetPriority
 .text.HAL_SYSTICK_Config
                0x000000000800400e       0x18 ./Drivers/STM32F1xx_HAL_Driver/Src/stm32f1xx_hal_cortex.o
                0x000000000800400e                HAL_SYSTICK_Config
 *fill*         0x0000000008004026        0x2 
 .text.HAL_GPIO_Init
                0x0000000008004028      0x308 ./Drivers/STM32F1xx_HAL_Driver/Src/stm32f1xx_hal_gpio.o
                0x0000000008004028                HAL_GPIO_Init
 .text.HAL_GPIO_WritePin
                0x0000000008004330       0x30 ./Drivers/STM32F1xx_HAL_Driver/Src/stm32f1xx_hal_gpio.o
                0x0000000008004330                HAL_GPIO_WritePin
 .text.HAL_RCC_OscConfig
                0x0000000008004360      0x504 ./Drivers/STM32F1xx_HAL_Driver/Src/stm32f1xx_hal_rcc.o
                0x0000000008004360                HAL_RCC_OscConfig
 .text.HAL_RCC_ClockConfig
                0x0000000008004864      0x1d4 ./Drivers/STM32F1xx_HAL_Driver/Src/stm32f1xx_hal_rcc.o
                0x0000000008004864                HAL_RCC_ClockConfig
 .text.HAL_RCC_GetSysClockFreq
                0x0000000008004a38       0xa8 ./Drivers/STM32F1xx_HAL_Driver/Src/stm32f1xx_hal_rcc.o
                0x0000000008004a38                HAL_RCC_GetSysClockFreq
 .text.HAL_RCC_GetHCLKFreq
                0x0000000008004ae0       0x14 ./Drivers/STM32F1xx_HAL_Driver/Src/stm32f1xx_hal_rcc.o
                0x0000000008004ae0                HAL_RCC_GetHCLKFreq
 .text.HAL_RCC_GetPCLK1Freq
                0x0000000008004af4       0x28 ./Drivers/STM32F1xx_HAL_Driver/Src/stm32f1xx_hal_rcc.o
                0x0000000008004af4                HAL_RCC_GetPCLK1Freq
 .text.HAL_RCC_GetPCLK2Freq
                0x0000000008004b1c       0x28 ./Drivers/STM32F1xx_HAL_Driver/Src/stm32f1xx_hal_rcc.o
                0x0000000008004b1c                HAL_RCC_GetPCLK2Freq
 .text.RCC_Delay
                0x0000000008004b44       0x3c ./Drivers/STM32F1xx_HAL_Driver/Src/stm32f1xx_hal_rcc.o
 .text.HAL_SPI_Init
                0x0000000008004b80      0x108 ./Drivers/STM32F1xx_HAL_Driver/Src/stm32f1xx_hal_spi.o
                0x0000000008004b80                HAL_SPI_Init
 .text.HAL_UART_Init
                0x0000000008004c88       0xa0 ./Drivers/STM32F1xx_HAL_Driver/Src/stm32f1xx_hal_uart.o
                0x0000000008004c88                HAL_UART_Init
 .text.HAL_UART_Transmit
                0x0000000008004d28      0x106 ./Drivers/STM32F1xx_HAL_Driver/Src/stm32f1xx_hal_uart.o
                0x0000000008004d28                HAL_UART_Transmit
 .text.UART_WaitOnFlagUntilTimeout
                0x0000000008004e2e       0xdc ./Drivers/STM32F1xx_HAL_Driver/Src/stm32f1xx_hal_uart.o
 *fill*         0x0000000008004f0a        0x2 
 .text.UART_SetConfig
                0x0000000008004f0c      0x11c ./Drivers/STM32F1xx_HAL_Driver/Src/stm32f1xx_hal_uart.o
 .text.__errno  0x0000000008005028        0xc d:/st/stm32cubeide_1.12.0/stm32cubeide/plugins/com.st.stm32cube.ide.mcu.externaltools.gnu-tools-for-stm32.10.3-2021.10.win32_1.0.200.202301161003/tools/bin/../lib/gcc/arm-none-eabi/10.3.1/../../../../arm-none-eabi/lib/thumb/v7-m/nofp\libc_nano.a(lib_a-errno.o)
                0x0000000008005028                __errno
 .text.__libc_init_array
                0x0000000008005034       0x48 d:/st/stm32cubeide_1.12.0/stm32cubeide/plugins/com.st.stm32cube.ide.mcu.externaltools.gnu-tools-for-stm32.10.3-2021.10.win32_1.0.200.202301161003/tools/bin/../lib/gcc/arm-none-eabi/10.3.1/../../../../arm-none-eabi/lib/thumb/v7-m/nofp\libc_nano.a(lib_a-init.o)
                0x0000000008005034                __libc_init_array
 .text.memcpy   0x000000000800507c       0x1c d:/st/stm32cubeide_1.12.0/stm32cubeide/plugins/com.st.stm32cube.ide.mcu.externaltools.gnu-tools-for-stm32.10.3-2021.10.win32_1.0.200.202301161003/tools/bin/../lib/gcc/arm-none-eabi/10.3.1/../../../../arm-none-eabi/lib/thumb/v7-m/nofp\libc_nano.a(lib_a-memcpy-stub.o)
                0x000000000800507c                memcpy
 .text.memset   0x0000000008005098       0x10 d:/st/stm32cubeide_1.12.0/stm32cubeide/plugins/com.st.stm32cube.ide.mcu.externaltools.gnu-tools-for-stm32.10.3-2021.10.win32_1.0.200.202301161003/tools/bin/../lib/gcc/arm-none-eabi/10.3.1/../../../../arm-none-eabi/lib/thumb/v7-m/nofp\libc_nano.a(lib_a-memset.o)
                0x0000000008005098                memset
 .text.printf   0x00000000080050a8       0x30 d:/st/stm32cubeide_1.12.0/stm32cubeide/plugins/com.st.stm32cube.ide.mcu.externaltools.gnu-tools-for-stm32.10.3-2021.10.win32_1.0.200.202301161003/tools/bin/../lib/gcc/arm-none-eabi/10.3.1/../../../../arm-none-eabi/lib/thumb/v7-m/nofp\libc_nano.a(lib_a-printf.o)
                0x00000000080050a8                iprintf
                0x00000000080050a8                printf
 .text._puts_r  0x00000000080050d8       0xdc d:/st/stm32cubeide_1.12.0/stm32cubeide/plugins/com.st.stm32cube.ide.mcu.externaltools.gnu-tools-for-stm32.10.3-2021.10.win32_1.0.200.202301161003/tools/bin/../lib/gcc/arm-none-eabi/10.3.1/../../../../arm-none-eabi/lib/thumb/v7-m/nofp\libc_nano.a(lib_a-puts.o)
                0x00000000080050d8                _puts_r
 .text.puts     0x00000000080051b4       0x10 d:/st/stm32cubeide_1.12.0/stm32cubeide/plugins/com.st.stm32cube.ide.mcu.externaltools.gnu-tools-for-stm32.10.3-2021.10.win32_1.0.200.202301161003/tools/bin/../lib/gcc/arm-none-eabi/10.3.1/../../../../arm-none-eabi/lib/thumb/v7-m/nofp\libc_nano.a(lib_a-puts.o)
                0x00000000080051b4                puts
 .text.sprintf  0x00000000080051c4       0x40 d:/st/stm32cubeide_1.12.0/stm32cubeide/plugins/com.st.stm32cube.ide.mcu.externaltools.gnu-tools-for-stm32.10.3-2021.10.win32_1.0.200.202301161003/tools/bin/../lib/gcc/arm-none-eabi/10.3.1/../../../../arm-none-eabi/lib/thumb/v7-m/nofp\libc_nano.a(lib_a-sprintf.o)
                0x00000000080051c4                siprintf
                0x00000000080051c4                sprintf
 .text.strncmp  0x0000000008005204       0x28 d:/st/stm32cubeide_1.12.0/stm32cubeide/plugins/com.st.stm32cube.ide.mcu.externaltools.gnu-tools-for-stm32.10.3-2021.10.win32_1.0.200.202301161003/tools/bin/../lib/gcc/arm-none-eabi/10.3.1/../../../../arm-none-eabi/lib/thumb/v7-m/nofp\libc_nano.a(lib_a-strncmp.o)
                0x0000000008005204                strncmp
 .text.__swbuf_r
                0x000000000800522c       0xa4 d:/st/stm32cubeide_1.12.0/stm32cubeide/plugins/com.st.stm32cube.ide.mcu.externaltools.gnu-tools-for-stm32.10.3-2021.10.win32_1.0.200.202301161003/tools/bin/../lib/gcc/arm-none-eabi/10.3.1/../../../../arm-none-eabi/lib/thumb/v7-m/nofp\libc_nano.a(lib_a-wbuf.o)
                0x000000000800522c                __swbuf_r
 .text.__swsetup_r
                0x00000000080052d0       0xdc d:/st/stm32cubeide_1.12.0/stm32cubeide/plugins/com.st.stm32cube.ide.mcu.externaltools.gnu-tools-for-stm32.10.3-2021.10.win32_1.0.200.202301161003/tools/bin/../lib/gcc/arm-none-eabi/10.3.1/../../../../arm-none-eabi/lib/thumb/v7-m/nofp\libc_nano.a(lib_a-wsetup.o)
                0x00000000080052d0                __swsetup_r
 .text.__sflush_r
                0x00000000080053ac      0x104 d:/st/stm32cubeide_1.12.0/stm32cubeide/plugins/com.st.stm32cube.ide.mcu.externaltools.gnu-tools-for-stm32.10.3-2021.10.win32_1.0.200.202301161003/tools/bin/../lib/gcc/arm-none-eabi/10.3.1/../../../../arm-none-eabi/lib/thumb/v7-m/nofp\libc_nano.a(lib_a-fflush.o)
                0x00000000080053ac                __sflush_r
 .text._fflush_r
                0x00000000080054b0       0x78 d:/st/stm32cubeide_1.12.0/stm32cubeide/plugins/com.st.stm32cube.ide.mcu.externaltools.gnu-tools-for-stm32.10.3-2021.10.win32_1.0.200.202301161003/tools/bin/../lib/gcc/arm-none-eabi/10.3.1/../../../../arm-none-eabi/lib/thumb/v7-m/nofp\libc_nano.a(lib_a-fflush.o)
                0x00000000080054b0                _fflush_r
 .text.std      0x0000000008005528       0x48 d:/st/stm32cubeide_1.12.0/stm32cubeide/plugins/com.st.stm32cube.ide.mcu.externaltools.gnu-tools-for-stm32.10.3-2021.10.win32_1.0.200.202301161003/tools/bin/../lib/gcc/arm-none-eabi/10.3.1/../../../../arm-none-eabi/lib/thumb/v7-m/nofp\libc_nano.a(lib_a-findfp.o)
 .text._cleanup_r
                0x0000000008005570        0xc d:/st/stm32cubeide_1.12.0/stm32cubeide/plugins/com.st.stm32cube.ide.mcu.externaltools.gnu-tools-for-stm32.10.3-2021.10.win32_1.0.200.202301161003/tools/bin/../lib/gcc/arm-none-eabi/10.3.1/../../../../arm-none-eabi/lib/thumb/v7-m/nofp\libc_nano.a(lib_a-findfp.o)
                0x0000000008005570                _cleanup_r
 .text.__sfmoreglue
                0x000000000800557c       0x2c d:/st/stm32cubeide_1.12.0/stm32cubeide/plugins/com.st.stm32cube.ide.mcu.externaltools.gnu-tools-for-stm32.10.3-2021.10.win32_1.0.200.202301161003/tools/bin/../lib/gcc/arm-none-eabi/10.3.1/../../../../arm-none-eabi/lib/thumb/v7-m/nofp\libc_nano.a(lib_a-findfp.o)
                0x000000000800557c                __sfmoreglue
 .text.__sfp_lock_acquire
                0x00000000080055a8        0xc d:/st/stm32cubeide_1.12.0/stm32cubeide/plugins/com.st.stm32cube.ide.mcu.externaltools.gnu-tools-for-stm32.10.3-2021.10.win32_1.0.200.202301161003/tools/bin/../lib/gcc/arm-none-eabi/10.3.1/../../../../arm-none-eabi/lib/thumb/v7-m/nofp\libc_nano.a(lib_a-findfp.o)
                0x00000000080055a8                __sfp_lock_acquire
 .text.__sfp_lock_release
                0x00000000080055b4        0xc d:/st/stm32cubeide_1.12.0/stm32cubeide/plugins/com.st.stm32cube.ide.mcu.externaltools.gnu-tools-for-stm32.10.3-2021.10.win32_1.0.200.202301161003/tools/bin/../lib/gcc/arm-none-eabi/10.3.1/../../../../arm-none-eabi/lib/thumb/v7-m/nofp\libc_nano.a(lib_a-findfp.o)
                0x00000000080055b4                __sfp_lock_release
 .text.__sinit_lock_acquire
                0x00000000080055c0        0xc d:/st/stm32cubeide_1.12.0/stm32cubeide/plugins/com.st.stm32cube.ide.mcu.externaltools.gnu-tools-for-stm32.10.3-2021.10.win32_1.0.200.202301161003/tools/bin/../lib/gcc/arm-none-eabi/10.3.1/../../../../arm-none-eabi/lib/thumb/v7-m/nofp\libc_nano.a(lib_a-findfp.o)
                0x00000000080055c0                __sinit_lock_acquire
 .text.__sinit_lock_release
                0x00000000080055cc        0xc d:/st/stm32cubeide_1.12.0/stm32cubeide/plugins/com.st.stm32cube.ide.mcu.externaltools.gnu-tools-for-stm32.10.3-2021.10.win32_1.0.200.202301161003/tools/bin/../lib/gcc/arm-none-eabi/10.3.1/../../../../arm-none-eabi/lib/thumb/v7-m/nofp\libc_nano.a(lib_a-findfp.o)
                0x00000000080055cc                __sinit_lock_release
 .text.__sinit  0x00000000080055d8       0x70 d:/st/stm32cubeide_1.12.0/stm32cubeide/plugins/com.st.stm32cube.ide.mcu.externaltools.gnu-tools-for-stm32.10.3-2021.10.win32_1.0.200.202301161003/tools/bin/../lib/gcc/arm-none-eabi/10.3.1/../../../../arm-none-eabi/lib/thumb/v7-m/nofp\libc_nano.a(lib_a-findfp.o)
                0x00000000080055d8                __sinit
 .text.__sfp    0x0000000008005648       0x8c d:/st/stm32cubeide_1.12.0/stm32cubeide/plugins/com.st.stm32cube.ide.mcu.externaltools.gnu-tools-for-stm32.10.3-2021.10.win32_1.0.200.202301161003/tools/bin/../lib/gcc/arm-none-eabi/10.3.1/../../../../arm-none-eabi/lib/thumb/v7-m/nofp\libc_nano.a(lib_a-findfp.o)
                0x0000000008005648                __sfp
 .text._fwalk_reent
                0x00000000080056d4       0x3e d:/st/stm32cubeide_1.12.0/stm32cubeide/plugins/com.st.stm32cube.ide.mcu.externaltools.gnu-tools-for-stm32.10.3-2021.10.win32_1.0.200.202301161003/tools/bin/../lib/gcc/arm-none-eabi/10.3.1/../../../../arm-none-eabi/lib/thumb/v7-m/nofp\libc_nano.a(lib_a-fwalk.o)
                0x00000000080056d4                _fwalk_reent
 .text.__retarget_lock_init_recursive
                0x0000000008005712        0x2 d:/st/stm32cubeide_1.12.0/stm32cubeide/plugins/com.st.stm32cube.ide.mcu.externaltools.gnu-tools-for-stm32.10.3-2021.10.win32_1.0.200.202301161003/tools/bin/../lib/gcc/arm-none-eabi/10.3.1/../../../../arm-none-eabi/lib/thumb/v7-m/nofp\libc_nano.a(lib_a-lock.o)
                0x0000000008005712                __retarget_lock_init_recursive
 .text.__retarget_lock_acquire_recursive
                0x0000000008005714        0x2 d:/st/stm32cubeide_1.12.0/stm32cubeide/plugins/com.st.stm32cube.ide.mcu.externaltools.gnu-tools-for-stm32.10.3-2021.10.win32_1.0.200.202301161003/tools/bin/../lib/gcc/arm-none-eabi/10.3.1/../../../../arm-none-eabi/lib/thumb/v7-m/nofp\libc_nano.a(lib_a-lock.o)
                0x0000000008005714                __retarget_lock_acquire_recursive
 .text.__retarget_lock_release_recursive
                0x0000000008005716        0x2 d:/st/stm32cubeide_1.12.0/stm32cubeide/plugins/com.st.stm32cube.ide.mcu.externaltools.gnu-tools-for-stm32.10.3-2021.10.win32_1.0.200.202301161003/tools/bin/../lib/gcc/arm-none-eabi/10.3.1/../../../../arm-none-eabi/lib/thumb/v7-m/nofp\libc_nano.a(lib_a-lock.o)
                0x0000000008005716                __retarget_lock_release_recursive
 .text.__swhatbuf_r
                0x0000000008005718       0x4a d:/st/stm32cubeide_1.12.0/stm32cubeide/plugins/com.st.stm32cube.ide.mcu.externaltools.gnu-tools-for-stm32.10.3-2021.10.win32_1.0.200.202301161003/tools/bin/../lib/gcc/arm-none-eabi/10.3.1/../../../../arm-none-eabi/lib/thumb/v7-m/nofp\libc_nano.a(lib_a-makebuf.o)
                0x0000000008005718                __swhatbuf_r
 *fill*         0x0000000008005762        0x2 
 .text.__smakebuf_r
                0x0000000008005764       0x80 d:/st/stm32cubeide_1.12.0/stm32cubeide/plugins/com.st.stm32cube.ide.mcu.externaltools.gnu-tools-for-stm32.10.3-2021.10.win32_1.0.200.202301161003/tools/bin/../lib/gcc/arm-none-eabi/10.3.1/../../../../arm-none-eabi/lib/thumb/v7-m/nofp\libc_nano.a(lib_a-makebuf.o)
                0x0000000008005764                __smakebuf_r
 .text._free_r  0x00000000080057e4       0x90 d:/st/stm32cubeide_1.12.0/stm32cubeide/plugins/com.st.stm32cube.ide.mcu.externaltools.gnu-tools-for-stm32.10.3-2021.10.win32_1.0.200.202301161003/tools/bin/../lib/gcc/arm-none-eabi/10.3.1/../../../../arm-none-eabi/lib/thumb/v7-m/nofp\libc_nano.a(lib_a-nano-freer.o)
                0x00000000080057e4                _free_r
 .text.sbrk_aligned
                0x0000000008005874       0x40 d:/st/stm32cubeide_1.12.0/stm32cubeide/plugins/com.st.stm32cube.ide.mcu.externaltools.gnu-tools-for-stm32.10.3-2021.10.win32_1.0.200.202301161003/tools/bin/../lib/gcc/arm-none-eabi/10.3.1/../../../../arm-none-eabi/lib/thumb/v7-m/nofp\libc_nano.a(lib_a-nano-mallocr.o)
 .text._malloc_r
                0x00000000080058b4       0xe8 d:/st/stm32cubeide_1.12.0/stm32cubeide/plugins/com.st.stm32cube.ide.mcu.externaltools.gnu-tools-for-stm32.10.3-2021.10.win32_1.0.200.202301161003/tools/bin/../lib/gcc/arm-none-eabi/10.3.1/../../../../arm-none-eabi/lib/thumb/v7-m/nofp\libc_nano.a(lib_a-nano-mallocr.o)
                0x00000000080058b4                _malloc_r
 .text.__ssputs_r
                0x000000000800599c       0xb6 d:/st/stm32cubeide_1.12.0/stm32cubeide/plugins/com.st.stm32cube.ide.mcu.externaltools.gnu-tools-for-stm32.10.3-2021.10.win32_1.0.200.202301161003/tools/bin/../lib/gcc/arm-none-eabi/10.3.1/../../../../arm-none-eabi/lib/thumb/v7-m/nofp\libc_nano.a(lib_a-nano-svfprintf.o)
                0x000000000800599c                __ssputs_r
 *fill*         0x0000000008005a52        0x2 
 .text._svfprintf_r
                0x0000000008005a54      0x200 d:/st/stm32cubeide_1.12.0/stm32cubeide/plugins/com.st.stm32cube.ide.mcu.externaltools.gnu-tools-for-stm32.10.3-2021.10.win32_1.0.200.202301161003/tools/bin/../lib/gcc/arm-none-eabi/10.3.1/../../../../arm-none-eabi/lib/thumb/v7-m/nofp\libc_nano.a(lib_a-nano-svfprintf.o)
                0x0000000008005a54                _svfiprintf_r
                0x0000000008005a54                _svfprintf_r
 .text.__sfputc_r
                0x0000000008005c54       0x2a d:/st/stm32cubeide_1.12.0/stm32cubeide/plugins/com.st.stm32cube.ide.mcu.externaltools.gnu-tools-for-stm32.10.3-2021.10.win32_1.0.200.202301161003/tools/bin/../lib/gcc/arm-none-eabi/10.3.1/../../../../arm-none-eabi/lib/thumb/v7-m/nofp\libc_nano.a(lib_a-nano-vfprintf.o)
 .text.__sfputs_r
                0x0000000008005c7e       0x24 d:/st/stm32cubeide_1.12.0/stm32cubeide/plugins/com.st.stm32cube.ide.mcu.externaltools.gnu-tools-for-stm32.10.3-2021.10.win32_1.0.200.202301161003/tools/bin/../lib/gcc/arm-none-eabi/10.3.1/../../../../arm-none-eabi/lib/thumb/v7-m/nofp\libc_nano.a(lib_a-nano-vfprintf.o)
                0x0000000008005c7e                __sfputs_r
 *fill*         0x0000000008005ca2        0x2 
 .text._vfprintf_r
                0x0000000008005ca4      0x260 d:/st/stm32cubeide_1.12.0/stm32cubeide/plugins/com.st.stm32cube.ide.mcu.externaltools.gnu-tools-for-stm32.10.3-2021.10.win32_1.0.200.202301161003/tools/bin/../lib/gcc/arm-none-eabi/10.3.1/../../../../arm-none-eabi/lib/thumb/v7-m/nofp\libc_nano.a(lib_a-nano-vfprintf.o)
                0x0000000008005ca4                _vfprintf_r
                0x0000000008005ca4                _vfiprintf_r
 .text._printf_common
                0x0000000008005f04       0xde d:/st/stm32cubeide_1.12.0/stm32cubeide/plugins/com.st.stm32cube.ide.mcu.externaltools.gnu-tools-for-stm32.10.3-2021.10.win32_1.0.200.202301161003/tools/bin/../lib/gcc/arm-none-eabi/10.3.1/../../../../arm-none-eabi/lib/thumb/v7-m/nofp\libc_nano.a(lib_a-nano-vfprintf_i.o)
                0x0000000008005f04                _printf_common
 *fill*         0x0000000008005fe2        0x2 
 .text._printf_i
                0x0000000008005fe4      0x24c d:/st/stm32cubeide_1.12.0/stm32cubeide/plugins/com.st.stm32cube.ide.mcu.externaltools.gnu-tools-for-stm32.10.3-2021.10.win32_1.0.200.202301161003/tools/bin/../lib/gcc/arm-none-eabi/10.3.1/../../../../arm-none-eabi/lib/thumb/v7-m/nofp\libc_nano.a(lib_a-nano-vfprintf_i.o)
                0x0000000008005fe4                _printf_i
 .text._sbrk_r  0x0000000008006230       0x20 d:/st/stm32cubeide_1.12.0/stm32cubeide/plugins/com.st.stm32cube.ide.mcu.externaltools.gnu-tools-for-stm32.10.3-2021.10.win32_1.0.200.202301161003/tools/bin/../lib/gcc/arm-none-eabi/10.3.1/../../../../arm-none-eabi/lib/thumb/v7-m/nofp\libc_nano.a(lib_a-sbrkr.o)
                0x0000000008006230                _sbrk_r
 .text.__sread  0x0000000008006250       0x22 d:/st/stm32cubeide_1.12.0/stm32cubeide/plugins/com.st.stm32cube.ide.mcu.externaltools.gnu-tools-for-stm32.10.3-2021.10.win32_1.0.200.202301161003/tools/bin/../lib/gcc/arm-none-eabi/10.3.1/../../../../arm-none-eabi/lib/thumb/v7-m/nofp\libc_nano.a(lib_a-stdio.o)
                0x0000000008006250                __sread
 .text.__swrite
                0x0000000008006272       0x38 d:/st/stm32cubeide_1.12.0/stm32cubeide/plugins/com.st.stm32cube.ide.mcu.externaltools.gnu-tools-for-stm32.10.3-2021.10.win32_1.0.200.202301161003/tools/bin/../lib/gcc/arm-none-eabi/10.3.1/../../../../arm-none-eabi/lib/thumb/v7-m/nofp\libc_nano.a(lib_a-stdio.o)
                0x0000000008006272                __swrite
 .text.__sseek  0x00000000080062aa       0x24 d:/st/stm32cubeide_1.12.0/stm32cubeide/plugins/com.st.stm32cube.ide.mcu.externaltools.gnu-tools-for-stm32.10.3-2021.10.win32_1.0.200.202301161003/tools/bin/../lib/gcc/arm-none-eabi/10.3.1/../../../../arm-none-eabi/lib/thumb/v7-m/nofp\libc_nano.a(lib_a-stdio.o)
                0x00000000080062aa                __sseek
 .text.__sclose
                0x00000000080062ce        0x8 d:/st/stm32cubeide_1.12.0/stm32cubeide/plugins/com.st.stm32cube.ide.mcu.externaltools.gnu-tools-for-stm32.10.3-2021.10.win32_1.0.200.202301161003/tools/bin/../lib/gcc/arm-none-eabi/10.3.1/../../../../arm-none-eabi/lib/thumb/v7-m/nofp\libc_nano.a(lib_a-stdio.o)
                0x00000000080062ce                __sclose
 *fill*         0x00000000080062d6        0x2 
 .text._write_r
                0x00000000080062d8       0x24 d:/st/stm32cubeide_1.12.0/stm32cubeide/plugins/com.st.stm32cube.ide.mcu.externaltools.gnu-tools-for-stm32.10.3-2021.10.win32_1.0.200.202301161003/tools/bin/../lib/gcc/arm-none-eabi/10.3.1/../../../../arm-none-eabi/lib/thumb/v7-m/nofp\libc_nano.a(lib_a-writer.o)
                0x00000000080062d8                _write_r
 .text._close_r
                0x00000000080062fc       0x20 d:/st/stm32cubeide_1.12.0/stm32cubeide/plugins/com.st.stm32cube.ide.mcu.externaltools.gnu-tools-for-stm32.10.3-2021.10.win32_1.0.200.202301161003/tools/bin/../lib/gcc/arm-none-eabi/10.3.1/../../../../arm-none-eabi/lib/thumb/v7-m/nofp\libc_nano.a(lib_a-closer.o)
                0x00000000080062fc                _close_r
 .text._fstat_r
                0x000000000800631c       0x24 d:/st/stm32cubeide_1.12.0/stm32cubeide/plugins/com.st.stm32cube.ide.mcu.externaltools.gnu-tools-for-stm32.10.3-2021.10.win32_1.0.200.202301161003/tools/bin/../lib/gcc/arm-none-eabi/10.3.1/../../../../arm-none-eabi/lib/thumb/v7-m/nofp\libc_nano.a(lib_a-fstatr.o)
                0x000000000800631c                _fstat_r
 .text._isatty_r
                0x0000000008006340       0x20 d:/st/stm32cubeide_1.12.0/stm32cubeide/plugins/com.st.stm32cube.ide.mcu.externaltools.gnu-tools-for-stm32.10.3-2021.10.win32_1.0.200.202301161003/tools/bin/../lib/gcc/arm-none-eabi/10.3.1/../../../../arm-none-eabi/lib/thumb/v7-m/nofp\libc_nano.a(lib_a-isattyr.o)
                0x0000000008006340                _isatty_r
 .text._lseek_r
                0x0000000008006360       0x24 d:/st/stm32cubeide_1.12.0/stm32cubeide/plugins/com.st.stm32cube.ide.mcu.externaltools.gnu-tools-for-stm32.10.3-2021.10.win32_1.0.200.202301161003/tools/bin/../lib/gcc/arm-none-eabi/10.3.1/../../../../arm-none-eabi/lib/thumb/v7-m/nofp\libc_nano.a(lib_a-lseekr.o)
                0x0000000008006360                _lseek_r
 .text.memchr   0x0000000008006384       0x1c d:/st/stm32cubeide_1.12.0/stm32cubeide/plugins/com.st.stm32cube.ide.mcu.externaltools.gnu-tools-for-stm32.10.3-2021.10.win32_1.0.200.202301161003/tools/bin/../lib/gcc/arm-none-eabi/10.3.1/../../../../arm-none-eabi/lib/thumb/v7-m/nofp\libc_nano.a(lib_a-memchr-stub.o)
                0x0000000008006384                memchr
 .text.memmove  0x00000000080063a0       0x34 d:/st/stm32cubeide_1.12.0/stm32cubeide/plugins/com.st.stm32cube.ide.mcu.externaltools.gnu-tools-for-stm32.10.3-2021.10.win32_1.0.200.202301161003/tools/bin/../lib/gcc/arm-none-eabi/10.3.1/../../../../arm-none-eabi/lib/thumb/v7-m/nofp\libc_nano.a(lib_a-memmove.o)
                0x00000000080063a0                memmove
 .text.__malloc_lock
                0x00000000080063d4        0xc d:/st/stm32cubeide_1.12.0/stm32cubeide/plugins/com.st.stm32cube.ide.mcu.externaltools.gnu-tools-for-stm32.10.3-2021.10.win32_1.0.200.202301161003/tools/bin/../lib/gcc/arm-none-eabi/10.3.1/../../../../arm-none-eabi/lib/thumb/v7-m/nofp\libc_nano.a(lib_a-mlock.o)
                0x00000000080063d4                __malloc_lock
 .text.__malloc_unlock
                0x00000000080063e0        0xc d:/st/stm32cubeide_1.12.0/stm32cubeide/plugins/com.st.stm32cube.ide.mcu.externaltools.gnu-tools-for-stm32.10.3-2021.10.win32_1.0.200.202301161003/tools/bin/../lib/gcc/arm-none-eabi/10.3.1/../../../../arm-none-eabi/lib/thumb/v7-m/nofp\libc_nano.a(lib_a-mlock.o)
                0x00000000080063e0                __malloc_unlock
 .text._realloc_r
                0x00000000080063ec       0x5e d:/st/stm32cubeide_1.12.0/stm32cubeide/plugins/com.st.stm32cube.ide.mcu.externaltools.gnu-tools-for-stm32.10.3-2021.10.win32_1.0.200.202301161003/tools/bin/../lib/gcc/arm-none-eabi/10.3.1/../../../../arm-none-eabi/lib/thumb/v7-m/nofp\libc_nano.a(lib_a-nano-reallocr.o)
                0x00000000080063ec                _realloc_r
 *fill*         0x000000000800644a        0x2 
 .text._read_r  0x000000000800644c       0x24 d:/st/stm32cubeide_1.12.0/stm32cubeide/plugins/com.st.stm32cube.ide.mcu.externaltools.gnu-tools-for-stm32.10.3-2021.10.win32_1.0.200.202301161003/tools/bin/../lib/gcc/arm-none-eabi/10.3.1/../../../../arm-none-eabi/lib/thumb/v7-m/nofp\libc_nano.a(lib_a-readr.o)
                0x000000000800644c                _read_r
 .text._malloc_usable_size_r
                0x0000000008006470       0x10 d:/st/stm32cubeide_1.12.0/stm32cubeide/plugins/com.st.stm32cube.ide.mcu.externaltools.gnu-tools-for-stm32.10.3-2021.10.win32_1.0.200.202301161003/tools/bin/../lib/gcc/arm-none-eabi/10.3.1/../../../../arm-none-eabi/lib/thumb/v7-m/nofp\libc_nano.a(lib_a-nano-msizer.o)
                0x0000000008006470                _malloc_usable_size_r
 *(.glue_7)
 .glue_7        0x0000000008006480        0x0 linker stubs
 *(.glue_7t)
 .glue_7t       0x0000000008006480        0x0 linker stubs
 *(.eh_frame)
 .eh_frame      0x0000000008006480        0x0 d:/st/stm32cubeide_1.12.0/stm32cubeide/plugins/com.st.stm32cube.ide.mcu.externaltools.gnu-tools-for-stm32.10.3-2021.10.win32_1.0.200.202301161003/tools/bin/../lib/gcc/arm-none-eabi/10.3.1/thumb/v7-m/nofp/crtbegin.o
 *(.init)
 .init          0x0000000008006480        0x4 d:/st/stm32cubeide_1.12.0/stm32cubeide/plugins/com.st.stm32cube.ide.mcu.externaltools.gnu-tools-for-stm32.10.3-2021.10.win32_1.0.200.202301161003/tools/bin/../lib/gcc/arm-none-eabi/10.3.1/thumb/v7-m/nofp/crti.o
                0x0000000008006480                _init
 .init          0x0000000008006484        0x8 d:/st/stm32cubeide_1.12.0/stm32cubeide/plugins/com.st.stm32cube.ide.mcu.externaltools.gnu-tools-for-stm32.10.3-2021.10.win32_1.0.200.202301161003/tools/bin/../lib/gcc/arm-none-eabi/10.3.1/thumb/v7-m/nofp/crtn.o
 *(.fini)
 .fini          0x000000000800648c        0x4 d:/st/stm32cubeide_1.12.0/stm32cubeide/plugins/com.st.stm32cube.ide.mcu.externaltools.gnu-tools-for-stm32.10.3-2021.10.win32_1.0.200.202301161003/tools/bin/../lib/gcc/arm-none-eabi/10.3.1/thumb/v7-m/nofp/crti.o
                0x000000000800648c                _fini
 .fini          0x0000000008006490        0x8 d:/st/stm32cubeide_1.12.0/stm32cubeide/plugins/com.st.stm32cube.ide.mcu.externaltools.gnu-tools-for-stm32.10.3-2021.10.win32_1.0.200.202301161003/tools/bin/../lib/gcc/arm-none-eabi/10.3.1/thumb/v7-m/nofp/crtn.o
                0x0000000008006498                . = ALIGN (0x4)
                0x0000000008006498                _etext = .

.vfp11_veneer   0x0000000008006498        0x0
 .vfp11_veneer  0x0000000008006498        0x0 linker stubs

.v4_bx          0x0000000008006498        0x0
 .v4_bx         0x0000000008006498        0x0 linker stubs

.iplt           0x0000000008006498        0x0
 .iplt          0x0000000008006498        0x0 d:/st/stm32cubeide_1.12.0/stm32cubeide/plugins/com.st.stm32cube.ide.mcu.externaltools.gnu-tools-for-stm32.10.3-2021.10.win32_1.0.200.202301161003/tools/bin/../lib/gcc/arm-none-eabi/10.3.1/thumb/v7-m/nofp/crtbegin.o

.rodata         0x0000000008006498      0x390
                0x0000000008006498                . = ALIGN (0x4)
 *(.rodata)
 .rodata        0x0000000008006498      0x20d ./Core/Src/main.o
 *fill*         0x00000000080066a5        0x3 
 .rodata        0x00000000080066a8       0x58 ./Core/Src/w5500/MQTT/MQTTClient.o
 .rodata        0x0000000008006700        0xf ./Core/Src/w5500/MQTT/MQTTPacket/MQTTConnectClient.o
 *fill*         0x000000000800670f        0x1 
 .rodata        0x0000000008006710       0x54 ./Core/Src/w5500/w5500_spi.o
 *(.rodata*)
 .rodata.AHBPrescTable
                0x0000000008006764       0x10 ./Core/Src/system_stm32f1xx.o
                0x0000000008006764                AHBPrescTable
 .rodata.APBPrescTable
                0x0000000008006774        0x8 ./Core/Src/system_stm32f1xx.o
                0x0000000008006774                APBPrescTable
 .rodata.aPLLMULFactorTable.1
                0x000000000800677c       0x10 ./Drivers/STM32F1xx_HAL_Driver/Src/stm32f1xx_hal_rcc.o
 .rodata.aPredivFactorTable.0
                0x000000000800678c        0x2 ./Drivers/STM32F1xx_HAL_Driver/Src/stm32f1xx_hal_rcc.o
 *fill*         0x000000000800678e        0x2 
 .rodata._global_impure_ptr
                0x0000000008006790        0x4 d:/st/stm32cubeide_1.12.0/stm32cubeide/plugins/com.st.stm32cube.ide.mcu.externaltools.gnu-tools-for-stm32.10.3-2021.10.win32_1.0.200.202301161003/tools/bin/../lib/gcc/arm-none-eabi/10.3.1/../../../../arm-none-eabi/lib/thumb/v7-m/nofp\libc_nano.a(lib_a-impure.o)
                0x0000000008006790                _global_impure_ptr
 .rodata.__sf_fake_stderr
                0x0000000008006794       0x20 d:/st/stm32cubeide_1.12.0/stm32cubeide/plugins/com.st.stm32cube.ide.mcu.externaltools.gnu-tools-for-stm32.10.3-2021.10.win32_1.0.200.202301161003/tools/bin/../lib/gcc/arm-none-eabi/10.3.1/../../../../arm-none-eabi/lib/thumb/v7-m/nofp\libc_nano.a(lib_a-findfp.o)
                0x0000000008006794                __sf_fake_stderr
 .rodata.__sf_fake_stdin
                0x00000000080067b4       0x20 d:/st/stm32cubeide_1.12.0/stm32cubeide/plugins/com.st.stm32cube.ide.mcu.externaltools.gnu-tools-for-stm32.10.3-2021.10.win32_1.0.200.202301161003/tools/bin/../lib/gcc/arm-none-eabi/10.3.1/../../../../arm-none-eabi/lib/thumb/v7-m/nofp\libc_nano.a(lib_a-findfp.o)
                0x00000000080067b4                __sf_fake_stdin
 .rodata.__sf_fake_stdout
                0x00000000080067d4       0x20 d:/st/stm32cubeide_1.12.0/stm32cubeide/plugins/com.st.stm32cube.ide.mcu.externaltools.gnu-tools-for-stm32.10.3-2021.10.win32_1.0.200.202301161003/tools/bin/../lib/gcc/arm-none-eabi/10.3.1/../../../../arm-none-eabi/lib/thumb/v7-m/nofp\libc_nano.a(lib_a-findfp.o)
                0x00000000080067d4                __sf_fake_stdout
 .rodata._svfprintf_r.str1.1
                0x00000000080067f4       0x11 d:/st/stm32cubeide_1.12.0/stm32cubeide/plugins/com.st.stm32cube.ide.mcu.externaltools.gnu-tools-for-stm32.10.3-2021.10.win32_1.0.200.202301161003/tools/bin/../lib/gcc/arm-none-eabi/10.3.1/../../../../arm-none-eabi/lib/thumb/v7-m/nofp\libc_nano.a(lib_a-nano-svfprintf.o)
 .rodata._vfprintf_r.str1.1
                0x0000000008006805       0x11 d:/st/stm32cubeide_1.12.0/stm32cubeide/plugins/com.st.stm32cube.ide.mcu.externaltools.gnu-tools-for-stm32.10.3-2021.10.win32_1.0.200.202301161003/tools/bin/../lib/gcc/arm-none-eabi/10.3.1/../../../../arm-none-eabi/lib/thumb/v7-m/nofp\libc_nano.a(lib_a-nano-vfprintf.o)
 .rodata._printf_i.str1.1
                0x0000000008006805       0x22 d:/st/stm32cubeide_1.12.0/stm32cubeide/plugins/com.st.stm32cube.ide.mcu.externaltools.gnu-tools-for-stm32.10.3-2021.10.win32_1.0.200.202301161003/tools/bin/../lib/gcc/arm-none-eabi/10.3.1/../../../../arm-none-eabi/lib/thumb/v7-m/nofp\libc_nano.a(lib_a-nano-vfprintf_i.o)
                0x0000000008006828                . = ALIGN (0x4)
 *fill*         0x0000000008006827        0x1 

.rel.dyn        0x0000000008006828        0x0
 .rel.iplt      0x0000000008006828        0x0 d:/st/stm32cubeide_1.12.0/stm32cubeide/plugins/com.st.stm32cube.ide.mcu.externaltools.gnu-tools-for-stm32.10.3-2021.10.win32_1.0.200.202301161003/tools/bin/../lib/gcc/arm-none-eabi/10.3.1/thumb/v7-m/nofp/crtbegin.o

.ARM.extab      0x0000000008006828        0x0
                0x0000000008006828                . = ALIGN (0x4)
 *(.ARM.extab* .gnu.linkonce.armextab.*)
                0x0000000008006828                . = ALIGN (0x4)

.ARM            0x0000000008006828        0x0
                0x0000000008006828                . = ALIGN (0x4)
                0x0000000008006828                __exidx_start = .
 *(.ARM.exidx*)
                0x0000000008006828                __exidx_end = .
                0x0000000008006828                . = ALIGN (0x4)

.preinit_array  0x0000000008006828        0x0
                0x0000000008006828                . = ALIGN (0x4)
                0x0000000008006828                PROVIDE (__preinit_array_start = .)
 *(.preinit_array*)
                0x0000000008006828                PROVIDE (__preinit_array_end = .)
                0x0000000008006828                . = ALIGN (0x4)

.init_array     0x0000000008006828        0x4
                0x0000000008006828                . = ALIGN (0x4)
                0x0000000008006828                PROVIDE (__init_array_start = .)
 *(SORT_BY_NAME(.init_array.*))
 *(.init_array*)
 .init_array    0x0000000008006828        0x4 d:/st/stm32cubeide_1.12.0/stm32cubeide/plugins/com.st.stm32cube.ide.mcu.externaltools.gnu-tools-for-stm32.10.3-2021.10.win32_1.0.200.202301161003/tools/bin/../lib/gcc/arm-none-eabi/10.3.1/thumb/v7-m/nofp/crtbegin.o
                0x000000000800682c                PROVIDE (__init_array_end = .)
                0x000000000800682c                . = ALIGN (0x4)

.fini_array     0x000000000800682c        0x4
                0x000000000800682c                . = ALIGN (0x4)
                [!provide]                        PROVIDE (__fini_array_start = .)
 *(SORT_BY_NAME(.fini_array.*))
 *(.fini_array*)
 .fini_array    0x000000000800682c        0x4 d:/st/stm32cubeide_1.12.0/stm32cubeide/plugins/com.st.stm32cube.ide.mcu.externaltools.gnu-tools-for-stm32.10.3-2021.10.win32_1.0.200.202301161003/tools/bin/../lib/gcc/arm-none-eabi/10.3.1/thumb/v7-m/nofp/crtbegin.o
                [!provide]                        PROVIDE (__fini_array_end = .)
                0x0000000008006830                . = ALIGN (0x4)
                0x0000000008006830                _sidata = LOADADDR (.data)

.data           0x0000000020000000       0xe4 load address 0x0000000008006830
                0x0000000020000000                . = ALIGN (0x4)
                0x0000000020000000                _sdata = .
 *(.data)
 *(.data*)
 .data.WIZNETINFO
                0x0000000020000000       0x17 ./Core/Src/main.o
                0x0000000020000000                WIZNETINFO
 *fill*         0x0000000020000017        0x1 
 .data.MQTTBroker
                0x0000000020000018        0x4 ./Core/Src/main.o
                0x0000000020000018                MQTTBroker
 .data.targetPort
                0x000000002000001c        0x4 ./Core/Src/main.o
                0x000000002000001c                targetPort
 .data.opts     0x0000000020000020       0x24 ./Core/Src/main.o
                0x0000000020000020                opts
 .data.SystemCoreClock
                0x0000000020000044        0x4 ./Core/Src/system_stm32f1xx.o
                0x0000000020000044                SystemCoreClock
 .data.sock_any_port
                0x0000000020000048        0x2 ./Core/Src/w5500/socket.o
 *fill*         0x000000002000004a        0x2 
 .data.WIZCHIP  0x000000002000004c       0x2c ./Core/Src/w5500/wizchip_conf.o
                0x000000002000004c                WIZCHIP
 .data.uwTickPrio
                0x0000000020000078        0x4 ./Drivers/STM32F1xx_HAL_Driver/Src/stm32f1xx_hal.o
                0x0000000020000078                uwTickPrio
 .data.uwTickFreq
                0x000000002000007c        0x1 ./Drivers/STM32F1xx_HAL_Driver/Src/stm32f1xx_hal.o
                0x000000002000007c                uwTickFreq
 *fill*         0x000000002000007d        0x3 
 .data._impure_ptr
                0x0000000020000080        0x4 d:/st/stm32cubeide_1.12.0/stm32cubeide/plugins/com.st.stm32cube.ide.mcu.externaltools.gnu-tools-for-stm32.10.3-2021.10.win32_1.0.200.202301161003/tools/bin/../lib/gcc/arm-none-eabi/10.3.1/../../../../arm-none-eabi/lib/thumb/v7-m/nofp\libc_nano.a(lib_a-impure.o)
                0x0000000020000080                _impure_ptr
 .data.impure_data
                0x0000000020000084       0x60 d:/st/stm32cubeide_1.12.0/stm32cubeide/plugins/com.st.stm32cube.ide.mcu.externaltools.gnu-tools-for-stm32.10.3-2021.10.win32_1.0.200.202301161003/tools/bin/../lib/gcc/arm-none-eabi/10.3.1/../../../../arm-none-eabi/lib/thumb/v7-m/nofp\libc_nano.a(lib_a-impure.o)
 *(.RamFunc)
 *(.RamFunc*)
                0x00000000200000e4                . = ALIGN (0x4)
                0x00000000200000e4                _edata = .

.igot.plt       0x00000000200000e4        0x0 load address 0x0000000008006914
 .igot.plt      0x00000000200000e4        0x0 d:/st/stm32cubeide_1.12.0/stm32cubeide/plugins/com.st.stm32cube.ide.mcu.externaltools.gnu-tools-for-stm32.10.3-2021.10.win32_1.0.200.202301161003/tools/bin/../lib/gcc/arm-none-eabi/10.3.1/thumb/v7-m/nofp/crtbegin.o
                0x00000000200000e4                . = ALIGN (0x4)

.bss            0x00000000200000e4      0x900 load address 0x0000000008006914
                0x00000000200000e4                _sbss = .
                0x00000000200000e4                __bss_start__ = _sbss
 *(.bss)
 .bss           0x00000000200000e4       0x1c d:/st/stm32cubeide_1.12.0/stm32cubeide/plugins/com.st.stm32cube.ide.mcu.externaltools.gnu-tools-for-stm32.10.3-2021.10.win32_1.0.200.202301161003/tools/bin/../lib/gcc/arm-none-eabi/10.3.1/thumb/v7-m/nofp/crtbegin.o
 *(.bss*)
 .bss.hspi1     0x0000000020000100       0x58 ./Core/Src/main.o
                0x0000000020000100                hspi1
 .bss.huart2    0x0000000020000158       0x48 ./Core/Src/main.o
                0x0000000020000158                huart2
 .bss.tempBuffer
                0x00000000200001a0      0x800 ./Core/Src/main.o
                0x00000000200001a0                tempBuffer
 .bss.__sbrk_heap_end
                0x00000000200009a0        0x4 ./Core/Src/sysmem.o
 .bss.MilliTimer
                0x00000000200009a4        0x4 ./Core/Src/w5500/MQTT/mqtt_interface.o
                0x00000000200009a4                MilliTimer
 .bss.bufptr    0x00000000200009a8        0x4 ./Core/Src/w5500/MQTT/MQTTPacket/MQTTPacket.o
 .bss.sock_io_mode
                0x00000000200009ac        0x2 ./Core/Src/w5500/socket.o
 .bss.sock_is_sending
                0x00000000200009ae        0x2 ./Core/Src/w5500/socket.o
 .bss.sock_remained_size
                0x00000000200009b0       0x10 ./Core/Src/w5500/socket.o
 .bss.sock_pack_info
                0x00000000200009c0        0x8 ./Core/Src/w5500/socket.o
                0x00000000200009c0                sock_pack_info
 .bss._DNS_     0x00000000200009c8        0x4 ./Core/Src/w5500/wizchip_conf.o
 .bss._DHCP_    0x00000000200009cc        0x1 ./Core/Src/w5500/wizchip_conf.o
 *fill*         0x00000000200009cd        0x3 
 .bss.uwTick    0x00000000200009d0        0x4 ./Drivers/STM32F1xx_HAL_Driver/Src/stm32f1xx_hal.o
                0x00000000200009d0                uwTick
 .bss.__lock___malloc_recursive_mutex
                0x00000000200009d4        0x1 d:/st/stm32cubeide_1.12.0/stm32cubeide/plugins/com.st.stm32cube.ide.mcu.externaltools.gnu-tools-for-stm32.10.3-2021.10.win32_1.0.200.202301161003/tools/bin/../lib/gcc/arm-none-eabi/10.3.1/../../../../arm-none-eabi/lib/thumb/v7-m/nofp\libc_nano.a(lib_a-lock.o)
                0x00000000200009d4                __lock___malloc_recursive_mutex
 .bss.__lock___sfp_recursive_mutex
                0x00000000200009d5        0x1 d:/st/stm32cubeide_1.12.0/stm32cubeide/plugins/com.st.stm32cube.ide.mcu.externaltools.gnu-tools-for-stm32.10.3-2021.10.win32_1.0.200.202301161003/tools/bin/../lib/gcc/arm-none-eabi/10.3.1/../../../../arm-none-eabi/lib/thumb/v7-m/nofp\libc_nano.a(lib_a-lock.o)
                0x00000000200009d5                __lock___sfp_recursive_mutex
 .bss.__lock___sinit_recursive_mutex
                0x00000000200009d6        0x1 d:/st/stm32cubeide_1.12.0/stm32cubeide/plugins/com.st.stm32cube.ide.mcu.externaltools.gnu-tools-for-stm32.10.3-2021.10.win32_1.0.200.202301161003/tools/bin/../lib/gcc/arm-none-eabi/10.3.1/../../../../arm-none-eabi/lib/thumb/v7-m/nofp\libc_nano.a(lib_a-lock.o)
                0x00000000200009d6                __lock___sinit_recursive_mutex
 *fill*         0x00000000200009d7        0x1 
 .bss.__malloc_free_list
                0x00000000200009d8        0x4 d:/st/stm32cubeide_1.12.0/stm32cubeide/plugins/com.st.stm32cube.ide.mcu.externaltools.gnu-tools-for-stm32.10.3-2021.10.win32_1.0.200.202301161003/tools/bin/../lib/gcc/arm-none-eabi/10.3.1/../../../../arm-none-eabi/lib/thumb/v7-m/nofp\libc_nano.a(lib_a-nano-mallocr.o)
                0x00000000200009d8                __malloc_free_list
 .bss.__malloc_sbrk_start
                0x00000000200009dc        0x4 d:/st/stm32cubeide_1.12.0/stm32cubeide/plugins/com.st.stm32cube.ide.mcu.externaltools.gnu-tools-for-stm32.10.3-2021.10.win32_1.0.200.202301161003/tools/bin/../lib/gcc/arm-none-eabi/10.3.1/../../../../arm-none-eabi/lib/thumb/v7-m/nofp\libc_nano.a(lib_a-nano-mallocr.o)
                0x00000000200009dc                __malloc_sbrk_start
 .bss.errno     0x00000000200009e0        0x4 d:/st/stm32cubeide_1.12.0/stm32cubeide/plugins/com.st.stm32cube.ide.mcu.externaltools.gnu-tools-for-stm32.10.3-2021.10.win32_1.0.200.202301161003/tools/bin/../lib/gcc/arm-none-eabi/10.3.1/../../../../arm-none-eabi/lib/thumb/v7-m/nofp\libc_nano.a(lib_a-reent.o)
                0x00000000200009e0                errno
 *(COMMON)
                0x00000000200009e4                . = ALIGN (0x4)
                0x00000000200009e4                _ebss = .
                0x00000000200009e4                __bss_end__ = _ebss

._user_heap_stack
                0x00000000200009e4      0x604 load address 0x0000000008006914
                0x00000000200009e8                . = ALIGN (0x8)
 *fill*         0x00000000200009e4        0x4 
                [!provide]                        PROVIDE (end = .)
                0x00000000200009e8                PROVIDE (_end = .)
                0x0000000020000be8                . = (. + _Min_Heap_Size)
 *fill*         0x00000000200009e8      0x200 
                0x0000000020000fe8                . = (. + _Min_Stack_Size)
 *fill*         0x0000000020000be8      0x400 
                0x0000000020000fe8                . = ALIGN (0x8)

/DISCARD/
 libc.a(*)
 libm.a(*)
 libgcc.a(*)

.ARM.attributes
                0x0000000000000000       0x29
 *(.ARM.attributes)
 .ARM.attributes
                0x0000000000000000       0x1d d:/st/stm32cubeide_1.12.0/stm32cubeide/plugins/com.st.stm32cube.ide.mcu.externaltools.gnu-tools-for-stm32.10.3-2021.10.win32_1.0.200.202301161003/tools/bin/../lib/gcc/arm-none-eabi/10.3.1/thumb/v7-m/nofp/crti.o
 .ARM.attributes
                0x000000000000001d       0x2d d:/st/stm32cubeide_1.12.0/stm32cubeide/plugins/com.st.stm32cube.ide.mcu.externaltools.gnu-tools-for-stm32.10.3-2021.10.win32_1.0.200.202301161003/tools/bin/../lib/gcc/arm-none-eabi/10.3.1/thumb/v7-m/nofp/crtbegin.o
 .ARM.attributes
                0x000000000000004a       0x2d ./Core/Src/main.o
 .ARM.attributes
                0x0000000000000077       0x2d ./Core/Src/stm32f1xx_hal_msp.o
 .ARM.attributes
                0x00000000000000a4       0x2d ./Core/Src/stm32f1xx_it.o
 .ARM.attributes
                0x00000000000000d1       0x2d ./Core/Src/syscalls.o
 .ARM.attributes
                0x00000000000000fe       0x2d ./Core/Src/sysmem.o
 .ARM.attributes
                0x000000000000012b       0x2d ./Core/Src/system_stm32f1xx.o
 .ARM.attributes
                0x0000000000000158       0x2d ./Core/Src/w5500/MQTT/MQTTClient.o
 .ARM.attributes
                0x0000000000000185       0x2d ./Core/Src/w5500/MQTT/mqtt_interface.o
 .ARM.attributes
                0x00000000000001b2       0x2d ./Core/Src/w5500/MQTT/MQTTPacket/MQTTConnectClient.o
 .ARM.attributes
                0x00000000000001df       0x2d ./Core/Src/w5500/MQTT/MQTTPacket/MQTTDeserializePublish.o
 .ARM.attributes
                0x000000000000020c       0x2d ./Core/Src/w5500/MQTT/MQTTPacket/MQTTPacket.o
 .ARM.attributes
                0x0000000000000239       0x2d ./Core/Src/w5500/MQTT/MQTTPacket/MQTTSerializePublish.o
 .ARM.attributes
                0x0000000000000266       0x2d ./Core/Src/w5500/MQTT/MQTTPacket/MQTTSubscribeClient.o
 .ARM.attributes
                0x0000000000000293       0x2d ./Core/Src/w5500/W5500/w5500.o
 .ARM.attributes
                0x00000000000002c0       0x2d ./Core/Src/w5500/socket.o
 .ARM.attributes
                0x00000000000002ed       0x2d ./Core/Src/w5500/w5500_spi.o
 .ARM.attributes
                0x000000000000031a       0x2d ./Core/Src/w5500/wizchip_conf.o
 .ARM.attributes
                0x0000000000000347       0x21 ./Core/Startup/startup_stm32f103c8tx.o
 .ARM.attributes
                0x0000000000000368       0x2d ./Drivers/STM32F1xx_HAL_Driver/Src/stm32f1xx_hal.o
 .ARM.attributes
                0x0000000000000395       0x2d ./Drivers/STM32F1xx_HAL_Driver/Src/stm32f1xx_hal_cortex.o
 .ARM.attributes
                0x00000000000003c2       0x2d ./Drivers/STM32F1xx_HAL_Driver/Src/stm32f1xx_hal_gpio.o
 .ARM.attributes
                0x00000000000003ef       0x2d ./Drivers/STM32F1xx_HAL_Driver/Src/stm32f1xx_hal_rcc.o
 .ARM.attributes
                0x000000000000041c       0x2d ./Drivers/STM32F1xx_HAL_Driver/Src/stm32f1xx_hal_spi.o
 .ARM.attributes
                0x0000000000000449       0x2d ./Drivers/STM32F1xx_HAL_Driver/Src/stm32f1xx_hal_uart.o
 .ARM.attributes
                0x0000000000000476       0x2d d:/st/stm32cubeide_1.12.0/stm32cubeide/plugins/com.st.stm32cube.ide.mcu.externaltools.gnu-tools-for-stm32.10.3-2021.10.win32_1.0.200.202301161003/tools/bin/../lib/gcc/arm-none-eabi/10.3.1/../../../../arm-none-eabi/lib/thumb/v7-m/nofp\libc_nano.a(lib_a-errno.o)
 .ARM.attributes
                0x00000000000004a3       0x2d d:/st/stm32cubeide_1.12.0/stm32cubeide/plugins/com.st.stm32cube.ide.mcu.externaltools.gnu-tools-for-stm32.10.3-2021.10.win32_1.0.200.202301161003/tools/bin/../lib/gcc/arm-none-eabi/10.3.1/../../../../arm-none-eabi/lib/thumb/v7-m/nofp\libc_nano.a(lib_a-impure.o)
 .ARM.attributes
                0x00000000000004d0       0x2d d:/st/stm32cubeide_1.12.0/stm32cubeide/plugins/com.st.stm32cube.ide.mcu.externaltools.gnu-tools-for-stm32.10.3-2021.10.win32_1.0.200.202301161003/tools/bin/../lib/gcc/arm-none-eabi/10.3.1/../../../../arm-none-eabi/lib/thumb/v7-m/nofp\libc_nano.a(lib_a-init.o)
 .ARM.attributes
                0x00000000000004fd       0x2d d:/st/stm32cubeide_1.12.0/stm32cubeide/plugins/com.st.stm32cube.ide.mcu.externaltools.gnu-tools-for-stm32.10.3-2021.10.win32_1.0.200.202301161003/tools/bin/../lib/gcc/arm-none-eabi/10.3.1/../../../../arm-none-eabi/lib/thumb/v7-m/nofp\libc_nano.a(lib_a-memcpy-stub.o)
 .ARM.attributes
                0x000000000000052a       0x2d d:/st/stm32cubeide_1.12.0/stm32cubeide/plugins/com.st.stm32cube.ide.mcu.externaltools.gnu-tools-for-stm32.10.3-2021.10.win32_1.0.200.202301161003/tools/bin/../lib/gcc/arm-none-eabi/10.3.1/../../../../arm-none-eabi/lib/thumb/v7-m/nofp\libc_nano.a(lib_a-memset.o)
 .ARM.attributes
                0x0000000000000557       0x2d d:/st/stm32cubeide_1.12.0/stm32cubeide/plugins/com.st.stm32cube.ide.mcu.externaltools.gnu-tools-for-stm32.10.3-2021.10.win32_1.0.200.202301161003/tools/bin/../lib/gcc/arm-none-eabi/10.3.1/../../../../arm-none-eabi/lib/thumb/v7-m/nofp\libc_nano.a(lib_a-printf.o)
 .ARM.attributes
                0x0000000000000584       0x2d d:/st/stm32cubeide_1.12.0/stm32cubeide/plugins/com.st.stm32cube.ide.mcu.externaltools.gnu-tools-for-stm32.10.3-2021.10.win32_1.0.200.202301161003/tools/bin/../lib/gcc/arm-none-eabi/10.3.1/../../../../arm-none-eabi/lib/thumb/v7-m/nofp\libc_nano.a(lib_a-puts.o)
 .ARM.attributes
                0x00000000000005b1       0x2d d:/st/stm32cubeide_1.12.0/stm32cubeide/plugins/com.st.stm32cube.ide.mcu.externaltools.gnu-tools-for-stm32.10.3-2021.10.win32_1.0.200.202301161003/tools/bin/../lib/gcc/arm-none-eabi/10.3.1/../../../../arm-none-eabi/lib/thumb/v7-m/nofp\libc_nano.a(lib_a-sprintf.o)
 .ARM.attributes
                0x00000000000005de       0x1b d:/st/stm32cubeide_1.12.0/stm32cubeide/plugins/com.st.stm32cube.ide.mcu.externaltools.gnu-tools-for-stm32.10.3-2021.10.win32_1.0.200.202301161003/tools/bin/../lib/gcc/arm-none-eabi/10.3.1/../../../../arm-none-eabi/lib/thumb/v7-m/nofp\libc_nano.a(lib_a-strcmp.o)
 .ARM.attributes
                0x00000000000005f9       0x17 d:/st/stm32cubeide_1.12.0/stm32cubeide/plugins/com.st.stm32cube.ide.mcu.externaltools.gnu-tools-for-stm32.10.3-2021.10.win32_1.0.200.202301161003/tools/bin/../lib/gcc/arm-none-eabi/10.3.1/../../../../arm-none-eabi/lib/thumb/v7-m/nofp\libc_nano.a(lib_a-strlen.o)
 .ARM.attributes
                0x0000000000000610       0x2d d:/st/stm32cubeide_1.12.0/stm32cubeide/plugins/com.st.stm32cube.ide.mcu.externaltools.gnu-tools-for-stm32.10.3-2021.10.win32_1.0.200.202301161003/tools/bin/../lib/gcc/arm-none-eabi/10.3.1/../../../../arm-none-eabi/lib/thumb/v7-m/nofp\libc_nano.a(lib_a-strncmp.o)
 .ARM.attributes
                0x000000000000063d       0x2d d:/st/stm32cubeide_1.12.0/stm32cubeide/plugins/com.st.stm32cube.ide.mcu.externaltools.gnu-tools-for-stm32.10.3-2021.10.win32_1.0.200.202301161003/tools/bin/../lib/gcc/arm-none-eabi/10.3.1/../../../../arm-none-eabi/lib/thumb/v7-m/nofp\libc_nano.a(lib_a-wbuf.o)
 .ARM.attributes
                0x000000000000066a       0x2d d:/st/stm32cubeide_1.12.0/stm32cubeide/plugins/com.st.stm32cube.ide.mcu.externaltools.gnu-tools-for-stm32.10.3-2021.10.win32_1.0.200.202301161003/tools/bin/../lib/gcc/arm-none-eabi/10.3.1/../../../../arm-none-eabi/lib/thumb/v7-m/nofp\libc_nano.a(lib_a-wsetup.o)
 .ARM.attributes
                0x0000000000000697       0x2d d:/st/stm32cubeide_1.12.0/stm32cubeide/plugins/com.st.stm32cube.ide.mcu.externaltools.gnu-tools-for-stm32.10.3-2021.10.win32_1.0.200.202301161003/tools/bin/../lib/gcc/arm-none-eabi/10.3.1/../../../../arm-none-eabi/lib/thumb/v7-m/nofp\libc_nano.a(lib_a-fflush.o)
 .ARM.attributes
                0x00000000000006c4       0x2d d:/st/stm32cubeide_1.12.0/stm32cubeide/plugins/com.st.stm32cube.ide.mcu.externaltools.gnu-tools-for-stm32.10.3-2021.10.win32_1.0.200.202301161003/tools/bin/../lib/gcc/arm-none-eabi/10.3.1/../../../../arm-none-eabi/lib/thumb/v7-m/nofp\libc_nano.a(lib_a-findfp.o)
 .ARM.attributes
                0x00000000000006f1       0x2d d:/st/stm32cubeide_1.12.0/stm32cubeide/plugins/com.st.stm32cube.ide.mcu.externaltools.gnu-tools-for-stm32.10.3-2021.10.win32_1.0.200.202301161003/tools/bin/../lib/gcc/arm-none-eabi/10.3.1/../../../../arm-none-eabi/lib/thumb/v7-m/nofp\libc_nano.a(lib_a-fwalk.o)
 .ARM.attributes
                0x000000000000071e       0x2d d:/st/stm32cubeide_1.12.0/stm32cubeide/plugins/com.st.stm32cube.ide.mcu.externaltools.gnu-tools-for-stm32.10.3-2021.10.win32_1.0.200.202301161003/tools/bin/../lib/gcc/arm-none-eabi/10.3.1/../../../../arm-none-eabi/lib/thumb/v7-m/nofp\libc_nano.a(lib_a-lock.o)
 .ARM.attributes
                0x000000000000074b       0x2d d:/st/stm32cubeide_1.12.0/stm32cubeide/plugins/com.st.stm32cube.ide.mcu.externaltools.gnu-tools-for-stm32.10.3-2021.10.win32_1.0.200.202301161003/tools/bin/../lib/gcc/arm-none-eabi/10.3.1/../../../../arm-none-eabi/lib/thumb/v7-m/nofp\libc_nano.a(lib_a-makebuf.o)
 .ARM.attributes
                0x0000000000000778       0x2d d:/st/stm32cubeide_1.12.0/stm32cubeide/plugins/com.st.stm32cube.ide.mcu.externaltools.gnu-tools-for-stm32.10.3-2021.10.win32_1.0.200.202301161003/tools/bin/../lib/gcc/arm-none-eabi/10.3.1/../../../../arm-none-eabi/lib/thumb/v7-m/nofp\libc_nano.a(lib_a-nano-freer.o)
 .ARM.attributes
                0x00000000000007a5       0x2d d:/st/stm32cubeide_1.12.0/stm32cubeide/plugins/com.st.stm32cube.ide.mcu.externaltools.gnu-tools-for-stm32.10.3-2021.10.win32_1.0.200.202301161003/tools/bin/../lib/gcc/arm-none-eabi/10.3.1/../../../../arm-none-eabi/lib/thumb/v7-m/nofp\libc_nano.a(lib_a-nano-mallocr.o)
 .ARM.attributes
                0x00000000000007d2       0x2d d:/st/stm32cubeide_1.12.0/stm32cubeide/plugins/com.st.stm32cube.ide.mcu.externaltools.gnu-tools-for-stm32.10.3-2021.10.win32_1.0.200.202301161003/tools/bin/../lib/gcc/arm-none-eabi/10.3.1/../../../../arm-none-eabi/lib/thumb/v7-m/nofp\libc_nano.a(lib_a-nano-svfprintf.o)
 .ARM.attributes
                0x00000000000007ff       0x2d d:/st/stm32cubeide_1.12.0/stm32cubeide/plugins/com.st.stm32cube.ide.mcu.externaltools.gnu-tools-for-stm32.10.3-2021.10.win32_1.0.200.202301161003/tools/bin/../lib/gcc/arm-none-eabi/10.3.1/../../../../arm-none-eabi/lib/thumb/v7-m/nofp\libc_nano.a(lib_a-nano-vfprintf.o)
 .ARM.attributes
                0x000000000000082c       0x2d d:/st/stm32cubeide_1.12.0/stm32cubeide/plugins/com.st.stm32cube.ide.mcu.externaltools.gnu-tools-for-stm32.10.3-2021.10.win32_1.0.200.202301161003/tools/bin/../lib/gcc/arm-none-eabi/10.3.1/../../../../arm-none-eabi/lib/thumb/v7-m/nofp\libc_nano.a(lib_a-nano-vfprintf_i.o)
 .ARM.attributes
                0x0000000000000859       0x2d d:/st/stm32cubeide_1.12.0/stm32cubeide/plugins/com.st.stm32cube.ide.mcu.externaltools.gnu-tools-for-stm32.10.3-2021.10.win32_1.0.200.202301161003/tools/bin/../lib/gcc/arm-none-eabi/10.3.1/../../../../arm-none-eabi/lib/thumb/v7-m/nofp\libc_nano.a(lib_a-sbrkr.o)
 .ARM.attributes
                0x0000000000000886       0x2d d:/st/stm32cubeide_1.12.0/stm32cubeide/plugins/com.st.stm32cube.ide.mcu.externaltools.gnu-tools-for-stm32.10.3-2021.10.win32_1.0.200.202301161003/tools/bin/../lib/gcc/arm-none-eabi/10.3.1/../../../../arm-none-eabi/lib/thumb/v7-m/nofp\libc_nano.a(lib_a-stdio.o)
 .ARM.attributes
                0x00000000000008b3       0x2d d:/st/stm32cubeide_1.12.0/stm32cubeide/plugins/com.st.stm32cube.ide.mcu.externaltools.gnu-tools-for-stm32.10.3-2021.10.win32_1.0.200.202301161003/tools/bin/../lib/gcc/arm-none-eabi/10.3.1/../../../../arm-none-eabi/lib/thumb/v7-m/nofp\libc_nano.a(lib_a-writer.o)
 .ARM.attributes
                0x00000000000008e0       0x2d d:/st/stm32cubeide_1.12.0/stm32cubeide/plugins/com.st.stm32cube.ide.mcu.externaltools.gnu-tools-for-stm32.10.3-2021.10.win32_1.0.200.202301161003/tools/bin/../lib/gcc/arm-none-eabi/10.3.1/../../../../arm-none-eabi/lib/thumb/v7-m/nofp\libc_nano.a(lib_a-closer.o)
 .ARM.attributes
                0x000000000000090d       0x2d d:/st/stm32cubeide_1.12.0/stm32cubeide/plugins/com.st.stm32cube.ide.mcu.externaltools.gnu-tools-for-stm32.10.3-2021.10.win32_1.0.200.202301161003/tools/bin/../lib/gcc/arm-none-eabi/10.3.1/../../../../arm-none-eabi/lib/thumb/v7-m/nofp\libc_nano.a(lib_a-fstatr.o)
 .ARM.attributes
                0x000000000000093a       0x2d d:/st/stm32cubeide_1.12.0/stm32cubeide/plugins/com.st.stm32cube.ide.mcu.externaltools.gnu-tools-for-stm32.10.3-2021.10.win32_1.0.200.202301161003/tools/bin/../lib/gcc/arm-none-eabi/10.3.1/../../../../arm-none-eabi/lib/thumb/v7-m/nofp\libc_nano.a(lib_a-isattyr.o)
 .ARM.attributes
                0x0000000000000967       0x2d d:/st/stm32cubeide_1.12.0/stm32cubeide/plugins/com.st.stm32cube.ide.mcu.externaltools.gnu-tools-for-stm32.10.3-2021.10.win32_1.0.200.202301161003/tools/bin/../lib/gcc/arm-none-eabi/10.3.1/../../../../arm-none-eabi/lib/thumb/v7-m/nofp\libc_nano.a(lib_a-lseekr.o)
 .ARM.attributes
                0x0000000000000994       0x2d d:/st/stm32cubeide_1.12.0/stm32cubeide/plugins/com.st.stm32cube.ide.mcu.externaltools.gnu-tools-for-stm32.10.3-2021.10.win32_1.0.200.202301161003/tools/bin/../lib/gcc/arm-none-eabi/10.3.1/../../../../arm-none-eabi/lib/thumb/v7-m/nofp\libc_nano.a(lib_a-memchr-stub.o)
 .ARM.attributes
                0x00000000000009c1       0x2d d:/st/stm32cubeide_1.12.0/stm32cubeide/plugins/com.st.stm32cube.ide.mcu.externaltools.gnu-tools-for-stm32.10.3-2021.10.win32_1.0.200.202301161003/tools/bin/../lib/gcc/arm-none-eabi/10.3.1/../../../../arm-none-eabi/lib/thumb/v7-m/nofp\libc_nano.a(lib_a-memmove.o)
 .ARM.attributes
                0x00000000000009ee       0x2d d:/st/stm32cubeide_1.12.0/stm32cubeide/plugins/com.st.stm32cube.ide.mcu.externaltools.gnu-tools-for-stm32.10.3-2021.10.win32_1.0.200.202301161003/tools/bin/../lib/gcc/arm-none-eabi/10.3.1/../../../../arm-none-eabi/lib/thumb/v7-m/nofp\libc_nano.a(lib_a-mlock.o)
 .ARM.attributes
                0x0000000000000a1b       0x2d d:/st/stm32cubeide_1.12.0/stm32cubeide/plugins/com.st.stm32cube.ide.mcu.externaltools.gnu-tools-for-stm32.10.3-2021.10.win32_1.0.200.202301161003/tools/bin/../lib/gcc/arm-none-eabi/10.3.1/../../../../arm-none-eabi/lib/thumb/v7-m/nofp\libc_nano.a(lib_a-nano-reallocr.o)
 .ARM.attributes
                0x0000000000000a48       0x2d d:/st/stm32cubeide_1.12.0/stm32cubeide/plugins/com.st.stm32cube.ide.mcu.externaltools.gnu-tools-for-stm32.10.3-2021.10.win32_1.0.200.202301161003/tools/bin/../lib/gcc/arm-none-eabi/10.3.1/../../../../arm-none-eabi/lib/thumb/v7-m/nofp\libc_nano.a(lib_a-readr.o)
 .ARM.attributes
                0x0000000000000a75       0x2d d:/st/stm32cubeide_1.12.0/stm32cubeide/plugins/com.st.stm32cube.ide.mcu.externaltools.gnu-tools-for-stm32.10.3-2021.10.win32_1.0.200.202301161003/tools/bin/../lib/gcc/arm-none-eabi/10.3.1/../../../../arm-none-eabi/lib/thumb/v7-m/nofp\libc_nano.a(lib_a-reent.o)
 .ARM.attributes
                0x0000000000000aa2       0x2d d:/st/stm32cubeide_1.12.0/stm32cubeide/plugins/com.st.stm32cube.ide.mcu.externaltools.gnu-tools-for-stm32.10.3-2021.10.win32_1.0.200.202301161003/tools/bin/../lib/gcc/arm-none-eabi/10.3.1/../../../../arm-none-eabi/lib/thumb/v7-m/nofp\libc_nano.a(lib_a-nano-msizer.o)
 .ARM.attributes
                0x0000000000000acf       0x1d d:/st/stm32cubeide_1.12.0/stm32cubeide/plugins/com.st.stm32cube.ide.mcu.externaltools.gnu-tools-for-stm32.10.3-2021.10.win32_1.0.200.202301161003/tools/bin/../lib/gcc/arm-none-eabi/10.3.1/thumb/v7-m/nofp/crtn.o
OUTPUT(MQTT_TEST.elf elf32-littlearm)
LOAD linker stubs
LOAD d:/st/stm32cubeide_1.12.0/stm32cubeide/plugins/com.st.stm32cube.ide.mcu.externaltools.gnu-tools-for-stm32.10.3-2021.10.win32_1.0.200.202301161003/tools/bin/../lib/gcc/arm-none-eabi/10.3.1/../../../../arm-none-eabi/lib/thumb/v7-m/nofp\libc.a
LOAD d:/st/stm32cubeide_1.12.0/stm32cubeide/plugins/com.st.stm32cube.ide.mcu.externaltools.gnu-tools-for-stm32.10.3-2021.10.win32_1.0.200.202301161003/tools/bin/../lib/gcc/arm-none-eabi/10.3.1/../../../../arm-none-eabi/lib/thumb/v7-m/nofp\libm.a
LOAD d:/st/stm32cubeide_1.12.0/stm32cubeide/plugins/com.st.stm32cube.ide.mcu.externaltools.gnu-tools-for-stm32.10.3-2021.10.win32_1.0.200.202301161003/tools/bin/../lib/gcc/arm-none-eabi/10.3.1/thumb/v7-m/nofp\libgcc.a

.debug_info     0x0000000000000000     0xf021
 .debug_info    0x0000000000000000     0x1696 ./Core/Src/main.o
 .debug_info    0x0000000000001696      0xb77 ./Core/Src/stm32f1xx_hal_msp.o
 .debug_info    0x000000000000220d      0x12a ./Core/Src/stm32f1xx_it.o
 .debug_info    0x0000000000002337      0x6e0 ./Core/Src/syscalls.o
 .debug_info    0x0000000000002a17      0x171 ./Core/Src/sysmem.o
 .debug_info    0x0000000000002b88      0x23d ./Core/Src/system_stm32f1xx.o
 .debug_info    0x0000000000002dc5     0x11d7 ./Core/Src/w5500/MQTT/MQTTClient.o
 .debug_info    0x0000000000003f9c      0x4fa ./Core/Src/w5500/MQTT/mqtt_interface.o
 .debug_info    0x0000000000004496      0x75c ./Core/Src/w5500/MQTT/MQTTPacket/MQTTConnectClient.o
 .debug_info    0x0000000000004bf2      0x3f8 ./Core/Src/w5500/MQTT/MQTTPacket/MQTTDeserializePublish.o
 .debug_info    0x0000000000004fea      0x866 ./Core/Src/w5500/MQTT/MQTTPacket/MQTTPacket.o
 .debug_info    0x0000000000005850      0x576 ./Core/Src/w5500/MQTT/MQTTPacket/MQTTSerializePublish.o
 .debug_info    0x0000000000005dc6      0x4cd ./Core/Src/w5500/MQTT/MQTTPacket/MQTTSubscribeClient.o
 .debug_info    0x0000000000006293      0x586 ./Core/Src/w5500/W5500/w5500.o
 .debug_info    0x0000000000006819      0x78a ./Core/Src/w5500/socket.o
 .debug_info    0x0000000000006fa3      0xa49 ./Core/Src/w5500/w5500_spi.o
 .debug_info    0x00000000000079ec      0xd36 ./Core/Src/w5500/wizchip_conf.o
 .debug_info    0x0000000000008722       0x22 ./Core/Startup/startup_stm32f103c8tx.o
 .debug_info    0x0000000000008744      0x734 ./Drivers/STM32F1xx_HAL_Driver/Src/stm32f1xx_hal.o
 .debug_info    0x0000000000008e78      0xb20 ./Drivers/STM32F1xx_HAL_Driver/Src/stm32f1xx_hal_cortex.o
 .debug_info    0x0000000000009998      0x615 ./Drivers/STM32F1xx_HAL_Driver/Src/stm32f1xx_hal_gpio.o