Archive member included to satisfy reference by file (symbol)

d:/st/stm32cubeide_1.12.0/stm32cubeide/plugins/com.st.stm32cube.ide.mcu.externaltools.gnu-tools-for-stm32.10.3-2021.10.win32_1.0.200.202301161003/tools/bin/../lib/gcc/arm-none-eabi/10.3.1/../../../../arm-none-eabi/lib/thumb/v7-m/nofp\libc_nano.a(lib_a-errno.o)
                              ./Core/Src/syscalls.o (__errno)
d:/st/stm32cubeide_1.12.0/stm32cubeide/plugins/com.st.stm32cube.ide.mcu.externaltools.gnu-tools-for-stm32.10.3-2021.10.win32_1.0.200.202301161003/tools/bin/../lib/gcc/arm-none-eabi/10.3.1/../../../../arm-none-eabi/lib/thumb/v7-m/nofp\libc_nano.a(lib_a-exit.o)
                              d:/st/stm32cubeide_1.12.0/stm32cubeide/plugins/com.st.stm32cube.ide.mcu.externaltools.gnu-tools-for-stm32.10.3-2021.10.win32_1.0.200.202301161003/tools/bin/../lib/gcc/arm-none-eabi/10.3.1/../../../../arm-none-eabi/lib/thumb/v7-m/nofp/crt0.o (exit)
d:/st/stm32cubeide_1.12.0/stm32cubeide/plugins/com.st.stm32cube.ide.mcu.externaltools.gnu-tools-for-stm32.10.3-2021.10.win32_1.0.200.202301161003/tools/bin/../lib/gcc/arm-none-eabi/10.3.1/../../../../arm-none-eabi/lib/thumb/v7-m/nofp\libc_nano.a(lib_a-impure.o)
                              d:/st/stm32cubeide_1.12.0/stm32cubeide/plugins/com.st.stm32cube.ide.mcu.externaltools.gnu-tools-for-stm32.10.3-2021.10.win32_1.0.200.202301161003/tools/bin/../lib/gcc/arm-none-eabi/10.3.1/../../../../arm-none-eabi/lib/thumb/v7-m/nofp\libc_nano.a(lib_a-exit.o) (_global_impure_ptr)
d:/st/stm32cubeide_1.12.0/stm32cubeide/plugins/com.st.stm32cube.ide.mcu.externaltools.gnu-tools-for-stm32.10.3-2021.10.win32_1.0.200.202301161003/tools/bin/../lib/gcc/arm-none-eabi/10.3.1/../../../../arm-none-eabi/lib/thumb/v7-m/nofp\libc_nano.a(lib_a-init.o)
                              d:/st/stm32cubeide_1.12.0/stm32cubeide/plugins/com.st.stm32cube.ide.mcu.externaltools.gnu-tools-for-stm32.10.3-2021.10.win32_1.0.200.202301161003/tools/bin/../lib/gcc/arm-none-eabi/10.3.1/../../../../arm-none-eabi/lib/thumb/v7-m/nofp/crt0.o (__libc_init_array)
d:/st/stm32cubeide_1.12.0/stm32cubeide/plugins/com.st.stm32cube.ide.mcu.externaltools.gnu-tools-for-stm32.10.3-2021.10.win32_1.0.200.202301161003/tools/bin/../lib/gcc/arm-none-eabi/10.3.1/../../../../arm-none-eabi/lib/thumb/v7-m/nofp\libc_nano.a(lib_a-memcmp.o)
                              ./Core/Src/w5500/MQTT/MQTTPacket/MQTTConnectServer.o (memcmp)
d:/st/stm32cubeide_1.12.0/stm32cubeide/plugins/com.st.stm32cube.ide.mcu.externaltools.gnu-tools-for-stm32.10.3-2021.10.win32_1.0.200.202301161003/tools/bin/../lib/gcc/arm-none-eabi/10.3.1/../../../../arm-none-eabi/lib/thumb/v7-m/nofp\libc_nano.a(lib_a-memcpy-stub.o)
                              ./Core/Src/main.o (memcpy)
d:/st/stm32cubeide_1.12.0/stm32cubeide/plugins/com.st.stm32cube.ide.mcu.externaltools.gnu-tools-for-stm32.10.3-2021.10.win32_1.0.200.202301161003/tools/bin/../lib/gcc/arm-none-eabi/10.3.1/../../../../arm-none-eabi/lib/thumb/v7-m/nofp\libc_nano.a(lib_a-memset.o)
                              d:/st/stm32cubeide_1.12.0/stm32cubeide/plugins/com.st.stm32cube.ide.mcu.externaltools.gnu-tools-for-stm32.10.3-2021.10.win32_1.0.200.202301161003/tools/bin/../lib/gcc/arm-none-eabi/10.3.1/../../../../arm-none-eabi/lib/thumb/v7-m/nofp/crt0.o (memset)
d:/st/stm32cubeide_1.12.0/stm32cubeide/plugins/com.st.stm32cube.ide.mcu.externaltools.gnu-tools-for-stm32.10.3-2021.10.win32_1.0.200.202301161003/tools/bin/../lib/gcc/arm-none-eabi/10.3.1/../../../../arm-none-eabi/lib/thumb/v7-m/nofp\libc_nano.a(lib_a-printf.o)
                              ./Core/Src/main.o (printf)
d:/st/stm32cubeide_1.12.0/stm32cubeide/plugins/com.st.stm32cube.ide.mcu.externaltools.gnu-tools-for-stm32.10.3-2021.10.win32_1.0.200.202301161003/tools/bin/../lib/gcc/arm-none-eabi/10.3.1/../../../../arm-none-eabi/lib/thumb/v7-m/nofp\libc_nano.a(lib_a-puts.o)
                              ./Core/Src/main.o (puts)
d:/st/stm32cubeide_1.12.0/stm32cubeide/plugins/com.st.stm32cube.ide.mcu.externaltools.gnu-tools-for-stm32.10.3-2021.10.win32_1.0.200.202301161003/tools/bin/../lib/gcc/arm-none-eabi/10.3.1/../../../../arm-none-eabi/lib/thumb/v7-m/nofp\libc_nano.a(lib_a-snprintf.o)
                              ./Core/Src/main.o (snprintf)
d:/st/stm32cubeide_1.12.0/stm32cubeide/plugins/com.st.stm32cube.ide.mcu.externaltools.gnu-tools-for-stm32.10.3-2021.10.win32_1.0.200.202301161003/tools/bin/../lib/gcc/arm-none-eabi/10.3.1/../../../../arm-none-eabi/lib/thumb/v7-m/nofp\libc_nano.a(lib_a-sprintf.o)
                              ./Core/Src/main.o (sprintf)
d:/st/stm32cubeide_1.12.0/stm32cubeide/plugins/com.st.stm32cube.ide.mcu.externaltools.gnu-tools-for-stm32.10.3-2021.10.win32_1.0.200.202301161003/tools/bin/../lib/gcc/arm-none-eabi/10.3.1/../../../../arm-none-eabi/lib/thumb/v7-m/nofp\libc_nano.a(lib_a-strcmp.o)
                              ./Core/Src/main.o (strcmp)
[...]
Memory Configuration

Name             Origin             Length             Attributes
RAM              0x0000000020000000 0x0000000000005000 xrw
FLASH            0x0000000008000000 0x0000000000010000 xr
*default*        0x0000000000000000 0xffffffffffffffff

Linker script and memory map

LOAD d:/st/stm32cubeide_1.12.0/stm32cubeide/plugins/com.st.stm32cube.ide.mcu.externaltools.gnu-tools-for-stm32.10.3-2021.10.win32_1.0.200.202301161003/tools/bin/../lib/gcc/arm-none-eabi/10.3.1/thumb/v7-m/nofp/crti.o
LOAD d:/st/stm32cubeide_1.12.0/stm32cubeide/plugins/com.st.stm32cube.ide.mcu.externaltools.gnu-tools-for-stm32.10.3-2021.10.win32_1.0.200.202301161003/tools/bin/../lib/gcc/arm-none-eabi/10.3.1/thumb/v7-m/nofp/crtbegin.o
LOAD d:/st/stm32cubeide_1.12.0/stm32cubeide/plugins/com.st.stm32cube.ide.mcu.externaltools.gnu-tools-for-stm32.10.3-2021.10.win32_1.0.200.202301161003/tools/bin/../lib/gcc/arm-none-eabi/10.3.1/../../../../arm-none-eabi/lib/thumb/v7-m/nofp/crt0.o
LOAD ./Core/Src/main.o
LOAD ./Core/Src/stm32f1xx_hal_msp.o
LOAD ./Core/Src/stm32f1xx_it.o
LOAD ./Core/Src/syscalls.o
LOAD ./Core/Src/sysmem.o
LOAD ./Core/Src/system_stm32f1xx.o
LOAD ./Core/Src/w5500/MQTT/MQTTClient.o
LOAD ./Core/Src/w5500/MQTT/mqtt_interface.o
LOAD ./Core/Src/w5500/MQTT/MQTTPacket/MQTTConnectClient.o
LOAD ./Core/Src/w5500/MQTT/MQTTPacket/MQTTConnectServer.o
LOAD ./Core/Src/w5500/MQTT/MQTTPacket/MQTTDeserializePublish.o
LOAD ./Core/Src/w5500/MQTT/MQTTPacket/MQTTFormat.o
LOAD ./Core/Src/w5500/MQTT/MQTTPacket/MQTTPacket.o
LOAD ./Core/Src/w5500/MQTT/MQTTPacket/MQTTSerializePublish.o
LOAD ./Core/Src/w5500/MQTT/MQTTPacket/MQTTSubscribeClient.o
LOAD ./Core/Src/w5500/MQTT/MQTTPacket/MQTTSubscribeServer.o
LOAD ./Core/Src/w5500/MQTT/MQTTPacket/MQTTUnsubscribeClient.o
LOAD ./Core/Src/w5500/MQTT/MQTTPacket/MQTTUnsubscribeServer.o
LOAD ./Core/Src/w5500/W5500/w5500.o
LOAD ./Core/Src/w5500/socket.o
LOAD ./Core/Src/w5500/w5500_spi.o
LOAD ./Core/Src/w5500/wizchip_conf.o
LOAD ./Core/Startup/startup_stm32f103c8tx.o
LOAD ./Drivers/STM32F1xx_HAL_Driver/Src/stm32f1xx_hal.o
LOAD ./Drivers/STM32F1xx_HAL_Driver/Src/stm32f1xx_hal_cortex.o
LOAD ./Drivers/STM32F1xx_HAL_Driver/Src/stm32f1xx_hal_dma.o
LOAD ./Drivers/STM32F1xx_HAL_Driver/Src/stm32f1xx_hal_exti.o
LOAD ./Drivers/STM32F1xx_HAL_Driver/Src/stm32f1xx_hal_flash.o
LOAD ./Drivers/STM32F1xx_HAL_Driver/Src/stm32f1xx_hal_flash_ex.o
LOAD ./Drivers/STM32F1xx_HAL_Driver/Src/stm32f1xx_hal_gpio.o
LOAD ./Drivers/STM32F1xx_HAL_Driver/Src/stm32f1xx_hal_gpio_ex.o
LOAD ./Drivers/STM32F1xx_HAL_Driver/Src/stm32f1xx_hal_pwr.o
LOAD ./Drivers/STM32F1xx_HAL_Driver/Src/stm32f1xx_hal_rcc.o
LOAD ./Drivers/STM32F1xx_HAL_Driver/Src/stm32f1xx_hal_rcc_ex.o
LOAD ./Drivers/STM32F1xx_HAL_Driver/Src/stm32f1xx_hal_spi.o
LOAD ./Drivers/STM32F1xx_HAL_Driver/Src/stm32f1xx_hal_tim.o
LOAD ./Drivers/STM32F1xx_HAL_Driver/Src/stm32f1xx_hal_tim_ex.o
LOAD ./Drivers/STM32F1xx_HAL_Driver/Src/stm32f1xx_hal_uart.o
START GROUP
LOAD d:/st/stm32cubeide_1.12.0/stm32cubeide/plugins/com.st.stm32cube.ide.mcu.externaltools.gnu-tools-for-stm32.10.3-2021.10.win32_1.0.200.202301161003/tools/bin/../lib/gcc/arm-none-eabi/10.3.1/../../../../arm-none-eabi/lib/thumb/v7-m/nofp\libc_nano.a
LOAD d:/st/stm32cubeide_1.12.0/stm32cubeide/plugins/com.st.stm32cube.ide.mcu.externaltools.gnu-tools-for-stm32.10.3-2021.10.win32_1.0.200.202301161003/tools/bin/../lib/gcc/arm-none-eabi/10.3.1/../../../../arm-none-eabi/lib/thumb/v7-m/nofp\libm.a
END GROUP
START GROUP
LOAD d:/st/stm32cubeide_1.12.0/stm32cubeide/plugins/com.st.stm32cube.ide.mcu.externaltools.gnu-tools-for-stm32.10.3-2021.10.win32_1.0.200.202301161003/tools/bin/../lib/gcc/arm-none-eabi/10.3.1/thumb/v7-m/nofp\libgcc.a
LOAD d:/st/stm32cubeide_1.12.0/stm32cubeide/plugins/com.st.stm32cube.ide.mcu.externaltools.gnu-tools-for-stm32.10.3-2021.10.win32_1.0.200.202301161003/tools/bin/../lib/gcc/arm-none-eabi/10.3.1/../../../../arm-none-eabi/lib/thumb/v7-m/nofp\libc_nano.a
END GROUP
START GROUP
LOAD d:/st/stm32cubeide_1.12.0/stm32cubeide/plugins/com.st.stm32cube.ide.mcu.externaltools.gnu-tools-for-stm32.10.3-2021.10.win32_1.0.200.202301161003/tools/bin/../lib/gcc/arm-none-eabi/10.3.1/thumb/v7-m/nofp\libgcc.a
LOAD d:/st/stm32cubeide_1.12.0/stm32cubeide/plugins/com.st.stm32cube.ide.mcu.externaltools.gnu-tools-for-stm32.10.3-2021.10.win32_1.0.200.202301161003/tools/bin/../lib/gcc/arm-none-eabi/10.3.1/../../../../arm-none-eabi/lib/thumb/v7-m/nofp\libc_nano.a
LOAD d:/st/stm32cubeide_1.12.0/stm32cubeide/plugins/com.st.stm32cube.ide.mcu.externaltools.gnu-tools-for-stm32.10.3-2021.10.win32_1.0.200.202301161003/tools/bin/../lib/gcc/arm-none-eabi/10.3.1/../../../../arm-none-eabi/lib/thumb/v7-m/nofp\libnosys.a
END GROUP
START GROUP
LOAD d:/st/stm32cubeide_1.12.0/stm32cubeide/plugins/com.st.stm32cube.ide.mcu.externaltools.gnu-tools-for-stm32.10.3-2021.10.win32_1.0.200.202301161003/tools/bin/../lib/gcc/arm-none-eabi/10.3.1/thumb/v7-m/nofp\libgcc.a
LOAD d:/st/stm32cubeide_1.12.0/stm32cubeide/plugins/com.st.stm32cube.ide.mcu.externaltools.gnu-tools-for-stm32.10.3-2021.10.win32_1.0.200.202301161003/tools/bin/../lib/gcc/arm-none-eabi/10.3.1/../../../../arm-none-eabi/lib/thumb/v7-m/nofp\libc_nano.a
LOAD d:/st/stm32cubeide_1.12.0/stm32cubeide/plugins/com.st.stm32cube.ide.mcu.externaltools.gnu-tools-for-stm32.10.3-2021.10.win32_1.0.200.202301161003/tools/bin/../lib/gcc/arm-none-eabi/10.3.1/../../../../arm-none-eabi/lib/thumb/v7-m/nofp\libnosys.a
END GROUP
LOAD d:/st/stm32cubeide_1.12.0/stm32cubeide/plugins/com.st.stm32cube.ide.mcu.externaltools.gnu-tools-for-stm32.10.3-2021.10.win32_1.0.200.202301161003/tools/bin/../lib/gcc/arm-none-eabi/10.3.1/thumb/v7-m/nofp/crtend.o
LOAD d:/st/stm32cubeide_1.12.0/stm32cubeide/plugins/com.st.stm32cube.ide.mcu.externaltools.gnu-tools-for-stm32.10.3-2021.10.win32_1.0.200.202301161003/tools/bin/../lib/gcc/arm-none-eabi/10.3.1/thumb/v7-m/nofp/crtn.o
                0x0000000020005000                _estack = (ORIGIN (RAM) + LENGTH (RAM))
                0x0000000000000200                _Min_Heap_Size = 0x200
                0x0000000000000400                _Min_Stack_Size = 0x400

.isr_vector     0x0000000008000000      0x10c
                0x0000000008000000                . = ALIGN (0x4)
 *(.isr_vector)
 .isr_vector    0x0000000008000000      0x10c ./Core/Startup/startup_stm32f103c8tx.o
                0x0000000008000000                g_pfnVectors
                0x000000000800010c                . = ALIGN (0x4)

.text           0x000000000800010c     0x649c
                0x000000000800010c                . = ALIGN (0x4)
 *(.text)
 .text          0x000000000800010c       0x40 d:/st/stm32cubeide_1.12.0/stm32cubeide/plugins/com.st.stm32cube.ide.mcu.externaltools.gnu-tools-for-stm32.10.3-2021.10.win32_1.0.200.202301161003/tools/bin/../lib/gcc/arm-none-eabi/10.3.1/thumb/v7-m/nofp/crtbegin.o
 .text          0x000000000800014c       0x14 d:/st/stm32cubeide_1.12.0/stm32cubeide/plugins/com.st.stm32cube.ide.mcu.externaltools.gnu-tools-for-stm32.10.3-2021.10.win32_1.0.200.202301161003/tools/bin/../lib/gcc/arm-none-eabi/10.3.1/../../../../arm-none-eabi/lib/thumb/v7-m/nofp\libc_nano.a(lib_a-strcmp.o)
                0x000000000800014c                strcmp
 .text          0x0000000008000160       0x10 d:/st/stm32cubeide_1.12.0/stm32cubeide/plugins/com.st.stm32cube.ide.mcu.externaltools.gnu-tools-for-stm32.10.3-2021.10.win32_1.0.200.202301161003/tools/bin/../lib/gcc/arm-none-eabi/10.3.1/../../../../arm-none-eabi/lib/thumb/v7-m/nofp\libc_nano.a(lib_a-strlen.o)
                0x0000000008000160                strlen
 *(.text*)
 .text.messageArrived
                0x0000000008000170       0xbc ./Core/Src/main.o
                0x0000000008000170                messageArrived
 .text.__io_putchar
                0x000000000800022c       0x24 ./Core/Src/main.o
                0x000000000800022c                __io_putchar
 .text.main     0x0000000008000250      0x120 ./Core/Src/main.o
                0x0000000008000250                main
 .text.SystemClock_Config
                0x0000000008000370       0x8a ./Core/Src/main.o
                0x0000000008000370                SystemClock_Config
 *fill*         0x00000000080003fa        0x2 
 .text.MX_SPI1_Init
                0x00000000080003fc       0x7c ./Core/Src/main.o
 .text.MX_USART2_UART_Init
                0x0000000008000478       0x54 ./Core/Src/main.o
 .text.MX_GPIO_Init
                0x00000000080004cc       0x98 ./Core/Src/main.o
 .text.PHYStatusCheck
                0x0000000008000564       0x4c ./Core/Src/main.o
 .text.PrintPHYConf
                0x00000000080005b0       0x88 ./Core/Src/main.o
 .text.subscriptionTopics
                0x0000000008000638       0xc0 ./Core/Src/main.o
 .text.Error_Handler
                0x00000000080006f8        0xa ./Core/Src/main.o
                0x00000000080006f8                Error_Handler
 *fill*         0x0000000008000702        0x2 
 .text.HAL_MspInit
                0x0000000008000704       0x64 ./Core/Src/stm32f1xx_hal_msp.o
                0x0000000008000704                HAL_MspInit
 .text.HAL_SPI_MspInit
                0x0000000008000768       0x94 ./Core/Src/stm32f1xx_hal_msp.o
                0x0000000008000768                HAL_SPI_MspInit
 .text.HAL_UART_MspInit
                0x00000000080007fc       0x94 ./Core/Src/stm32f1xx_hal_msp.o
                0x00000000080007fc                HAL_UART_MspInit
 .text.NMI_Handler
                0x0000000008000890        0x6 ./Core/Src/stm32f1xx_it.o
                0x0000000008000890                NMI_Handler
 .text.HardFault_Handler
                0x0000000008000896        0x6 ./Core/Src/stm32f1xx_it.o
                0x0000000008000896                HardFault_Handler
 .text.MemManage_Handler
                0x000000000800089c        0x6 ./Core/Src/stm32f1xx_it.o
                0x000000000800089c                MemManage_Handler
 .text.BusFault_Handler
                0x00000000080008a2        0x6 ./Core/Src/stm32f1xx_it.o
                0x00000000080008a2                BusFault_Handler
 .text.UsageFault_Handler
                0x00000000080008a8        0x6 ./Core/Src/stm32f1xx_it.o
                0x00000000080008a8                UsageFault_Handler
 .text.SVC_Handler
                0x00000000080008ae        0xc ./Core/Src/stm32f1xx_it.o
                0x00000000080008ae                SVC_Handler
 .text.DebugMon_Handler
                0x00000000080008ba        0xc ./Core/Src/stm32f1xx_it.o
                0x00000000080008ba                DebugMon_Handler
 .text.PendSV_Handler
                0x00000000080008c6        0xc ./Core/Src/stm32f1xx_it.o
                0x00000000080008c6                PendSV_Handler
 .text.SysTick_Handler
                0x00000000080008d2       0x10 ./Core/Src/stm32f1xx_it.o
                0x00000000080008d2                SysTick_Handler
 .text._read    0x00000000080008e2       0x3a ./Core/Src/syscalls.o
                0x00000000080008e2                _read
 .text._write   0x000000000800091c       0x38 ./Core/Src/syscalls.o
                0x000000000800091c                _write
 .text._close   0x0000000008000954       0x16 ./Core/Src/syscalls.o
                0x0000000008000954                _close
 .text._fstat   0x000000000800096a       0x1e ./Core/Src/syscalls.o
                0x000000000800096a                _fstat
 .text._isatty  0x0000000008000988       0x14 ./Core/Src/syscalls.o
                0x0000000008000988                _isatty
 .text._lseek   0x000000000800099c       0x18 ./Core/Src/syscalls.o
                0x000000000800099c                _lseek
 .text._sbrk    0x00000000080009b4       0x6c ./Core/Src/sysmem.o
                0x00000000080009b4                _sbrk
 .text.SystemInit
                0x0000000008000a20        0xc ./Core/Src/system_stm32f1xx.o
                0x0000000008000a20                SystemInit
 .text.NewMessageData
                0x0000000008000a2c       0x22 ./Core/Src/w5500/MQTT/MQTTClient.o
                0x0000000008000a2c                NewMessageData
 .text.getNextPacketId
                0x0000000008000a4e       0x30 ./Core/Src/w5500/MQTT/MQTTClient.o
                0x0000000008000a4e                getNextPacketId
 .text.sendPacket
                0x0000000008000a7e       0x92 ./Core/Src/w5500/MQTT/MQTTClient.o
                0x0000000008000a7e                sendPacket
 .text.MQTTClient
                0x0000000008000b10       0x76 ./Core/Src/w5500/MQTT/MQTTClient.o
                0x0000000008000b10                MQTTClient
 .text.decodePacket
                0x0000000008000b86       0x88 ./Core/Src/w5500/MQTT/MQTTClient.o
                0x0000000008000b86                decodePacket
 .text.readPacket
                0x0000000008000c0e       0xc8 ./Core/Src/w5500/MQTT/MQTTClient.o
                0x0000000008000c0e                readPacket
 .text.isTopicMatched
                0x0000000008000cd6       0xd0 ./Core/Src/w5500/MQTT/MQTTClient.o
                0x0000000008000cd6                isTopicMatched
 .text.deliverMessage
                0x0000000008000da6       0xd6 ./Core/Src/w5500/MQTT/MQTTClient.o
                0x0000000008000da6                deliverMessage
 .text.keepalive
                0x0000000008000e7c       0x8e ./Core/Src/w5500/MQTT/MQTTClient.o
                0x0000000008000e7c                keepalive
 *fill*         0x0000000008000f0a        0x2 
 .text.cycle    0x0000000008000f0c      0x1c0 ./Core/Src/w5500/MQTT/MQTTClient.o
                0x0000000008000f0c                cycle
 .text.MQTTYield
                0x00000000080010cc       0x5e ./Core/Src/w5500/MQTT/MQTTClient.o
                0x00000000080010cc                MQTTYield
 .text.waitfor  0x000000000800112a       0x3e ./Core/Src/w5500/MQTT/MQTTClient.o
                0x000000000800112a                waitfor
 .text.MQTTConnect
                0x0000000008001168      0x10c ./Core/Src/w5500/MQTT/MQTTClient.o
                0x0000000008001168                MQTTConnect
 .text.MQTTSubscribe
                0x0000000008001274      0x14a ./Core/Src/w5500/MQTT/MQTTClient.o
                0x0000000008001274                MQTTSubscribe
 *fill*         0x00000000080013be        0x2 
 .text.MilliTimer_Handler
                0x00000000080013c0       0x1c ./Core/Src/w5500/MQTT/mqtt_interface.o
                0x00000000080013c0                MilliTimer_Handler
 .text.expired  0x00000000080013dc       0x28 ./Core/Src/w5500/MQTT/mqtt_interface.o
                0x00000000080013dc                expired
 .text.countdown_ms
                0x0000000008001404       0x24 ./Core/Src/w5500/MQTT/mqtt_interface.o
                0x0000000008001404                countdown_ms
 .text.countdown
                0x0000000008001428       0x2c ./Core/Src/w5500/MQTT/mqtt_interface.o
                0x0000000008001428                countdown
 .text.left_ms  0x0000000008001454       0x28 ./Core/Src/w5500/MQTT/mqtt_interface.o
                0x0000000008001454                left_ms
 .text.InitTimer
                0x000000000800147c       0x18 ./Core/Src/w5500/MQTT/mqtt_interface.o
                0x000000000800147c                InitTimer
 .text.NewNetwork
                0x0000000008001494       0x38 ./Core/Src/w5500/MQTT/mqtt_interface.o
                0x0000000008001494                NewNetwork
 .text.w5500_read
                0x00000000080014cc       0x58 ./Core/Src/w5500/MQTT/mqtt_interface.o
                0x00000000080014cc                w5500_read
 .text.w5500_write
                0x0000000008001524       0x46 ./Core/Src/w5500/MQTT/mqtt_interface.o
                0x0000000008001524                w5500_write
 .text.w5500_disconnect
                0x000000000800156a       0x1c ./Core/Src/w5500/MQTT/mqtt_interface.o
                0x000000000800156a                w5500_disconnect
 .text.ConnectNetwork
                0x0000000008001586       0x58 ./Core/Src/w5500/MQTT/mqtt_interface.o
                0x0000000008001586                ConnectNetwork
 .text.MQTTSerialize_connectLength
                0x00000000080015de       0xc2 ./Core/Src/w5500/MQTT/MQTTPacket/MQTTConnectClient.o
                0x00000000080015de                MQTTSerialize_connectLength
 .text.MQTTSerialize_connect
                0x00000000080016a0      0x1d8 ./Core/Src/w5500/MQTT/MQTTPacket/MQTTConnectClient.o
                0x00000000080016a0                MQTTSerialize_connect
 .text.MQTTDeserialize_connack
                0x0000000008001878       0xaa ./Core/Src/w5500/MQTT/MQTTPacket/MQTTConnectClient.o
                0x0000000008001878                MQTTDeserialize_connack
 .text.MQTTSerialize_zero
                0x0000000008001922       0x70 ./Core/Src/w5500/MQTT/MQTTPacket/MQTTConnectClient.o
                0x0000000008001922                MQTTSerialize_zero
 .text.MQTTSerialize_pingreq
                0x0000000008001992       0x1e ./Core/Src/w5500/MQTT/MQTTPacket/MQTTConnectClient.o
                0x0000000008001992                MQTTSerialize_pingreq
 .text.MQTTDeserialize_publish
                0x00000000080019b0       0xe4 ./Core/Src/w5500/MQTT/MQTTPacket/MQTTDeserializePublish.o
                0x00000000080019b0                MQTTDeserialize_publish
 .text.MQTTDeserialize_ack
                0x0000000008001a94       0x96 ./Core/Src/w5500/MQTT/MQTTPacket/MQTTDeserializePublish.o
                0x0000000008001a94                MQTTDeserialize_ack
 .text.MQTTPacket_encode
                0x0000000008001b2a       0x5c ./Core/Src/w5500/MQTT/MQTTPacket/MQTTPacket.o
                0x0000000008001b2a                MQTTPacket_encode
 .text.MQTTPacket_decode
                0x0000000008001b86       0x78 ./Core/Src/w5500/MQTT/MQTTPacket/MQTTPacket.o
                0x0000000008001b86                MQTTPacket_decode
 *fill*         0x0000000008001bfe        0x2 
 .text.MQTTPacket_len
                0x0000000008001c00       0x54 ./Core/Src/w5500/MQTT/MQTTPacket/MQTTPacket.o
                0x0000000008001c00                MQTTPacket_len
 .text.bufchar  0x0000000008001c54       0x40 ./Core/Src/w5500/MQTT/MQTTPacket/MQTTPacket.o
                0x0000000008001c54                bufchar
 .text.MQTTPacket_decodeBuf
                0x0000000008001c94       0x2c ./Core/Src/w5500/MQTT/MQTTPacket/MQTTPacket.o
                0x0000000008001c94                MQTTPacket_decodeBuf
 .text.readInt  0x0000000008001cc0       0x34 ./Core/Src/w5500/MQTT/MQTTPacket/MQTTPacket.o
                0x0000000008001cc0                readInt
 .text.readChar
                0x0000000008001cf4       0x26 ./Core/Src/w5500/MQTT/MQTTPacket/MQTTPacket.o
                0x0000000008001cf4                readChar
 .text.writeChar
                0x0000000008001d1a       0x28 ./Core/Src/w5500/MQTT/MQTTPacket/MQTTPacket.o
                0x0000000008001d1a                writeChar
 .text.writeInt
                0x0000000008001d42       0x50 ./Core/Src/w5500/MQTT/MQTTPacket/MQTTPacket.o
                0x0000000008001d42                writeInt
 .text.writeCString
                0x0000000008001d92       0x3e ./Core/Src/w5500/MQTT/MQTTPacket/MQTTPacket.o
                0x0000000008001d92                writeCString
 .text.writeMQTTString
                0x0000000008001dd0       0x5c ./Core/Src/w5500/MQTT/MQTTPacket/MQTTPacket.o
                0x0000000008001dd0                writeMQTTString
 .text.readMQTTLenString
                0x0000000008001e2c       0x62 ./Core/Src/w5500/MQTT/MQTTPacket/MQTTPacket.o
                0x0000000008001e2c                readMQTTLenString
 .text.MQTTstrlen
                0x0000000008001e8e       0x32 ./Core/Src/w5500/MQTT/MQTTPacket/MQTTPacket.o
                0x0000000008001e8e                MQTTstrlen
 .text.MQTTPacket_equals
                0x0000000008001ec0       0x6e ./Core/Src/w5500/MQTT/MQTTPacket/MQTTPacket.o
                0x0000000008001ec0                MQTTPacket_equals
 .text.MQTTSerialize_ack
                0x0000000008001f2e       0xaa ./Core/Src/w5500/MQTT/MQTTPacket/MQTTSerializePublish.o
                0x0000000008001f2e                MQTTSerialize_ack
 .text.MQTTSerialize_subscribeLength
                0x0000000008001fd8       0x4e ./Core/Src/w5500/MQTT/MQTTPacket/MQTTSubscribeClient.o
                0x0000000008001fd8                MQTTSerialize_subscribeLength
 .text.MQTTSerialize_subscribe
                0x0000000008002026       0xf8 ./Core/Src/w5500/MQTT/MQTTPacket/MQTTSubscribeClient.o
                0x0000000008002026                MQTTSerialize_subscribe
 .text.MQTTDeserialize_suback
                0x000000000800211e       0xce ./Core/Src/w5500/MQTT/MQTTPacket/MQTTSubscribeClient.o
                0x000000000800211e                MQTTDeserialize_suback
 .text.WIZCHIP_READ
                0x00000000080021ec       0x98 ./Core/Src/w5500/W5500/w5500.o
                0x00000000080021ec                WIZCHIP_READ
 .text.WIZCHIP_WRITE
                0x0000000008002284       0x9c ./Core/Src/w5500/W5500/w5500.o
                0x0000000008002284                WIZCHIP_WRITE
 .text.WIZCHIP_READ_BUF
                0x0000000008002320       0xc0 ./Core/Src/w5500/W5500/w5500.o
                0x0000000008002320                WIZCHIP_READ_BUF
 .text.WIZCHIP_WRITE_BUF
                0x00000000080023e0       0xc0 ./Core/Src/w5500/W5500/w5500.o
                0x00000000080023e0                WIZCHIP_WRITE_BUF
 .text.getSn_TX_FSR
                0x00000000080024a0       0x96 ./Core/Src/w5500/W5500/w5500.o
                0x00000000080024a0                getSn_TX_FSR
 .text.getSn_RX_RSR
                0x0000000008002536       0x96 ./Core/Src/w5500/W5500/w5500.o
                0x0000000008002536                getSn_RX_RSR
 .text.wiz_send_data
                0x00000000080025cc       0xb8 ./Core/Src/w5500/W5500/w5500.o
                0x00000000080025cc                wiz_send_data
 .text.wiz_recv_data
                0x0000000008002684       0xb8 ./Core/Src/w5500/W5500/w5500.o
                0x0000000008002684                wiz_recv_data
 .text.socket   0x000000000800273c      0x22c ./Core/Src/w5500/socket.o
                0x000000000800273c                socket
 .text.close    0x0000000008002968       0xdc ./Core/Src/w5500/socket.o
                0x0000000008002968                close
 .text.connect  0x0000000008002a44      0x1b8 ./Core/Src/w5500/socket.o
                0x0000000008002a44                connect
 .text.disconnect
                0x0000000008002bfc       0xec ./Core/Src/w5500/socket.o
                0x0000000008002bfc                disconnect
 .text.send     0x0000000008002ce8      0x1f4 ./Core/Src/w5500/socket.o
                0x0000000008002ce8                send
 .text.recv     0x0000000008002edc      0x16c ./Core/Src/w5500/socket.o
                0x0000000008002edc                recv
 .text.SPIReadWrite
                0x0000000008003048       0x4c ./Core/Src/w5500/w5500_spi.o
                0x0000000008003048                SPIReadWrite
 .text.wizchip_select
                0x0000000008003094       0x18 ./Core/Src/w5500/w5500_spi.o
                0x0000000008003094                wizchip_select
 .text.wizchip_deselect
                0x00000000080030ac       0x18 ./Core/Src/w5500/w5500_spi.o
                0x00000000080030ac                wizchip_deselect
 .text.wizchip_read
                0x00000000080030c4       0x1a ./Core/Src/w5500/w5500_spi.o
                0x00000000080030c4                wizchip_read
 .text.wizchip_write
                0x00000000080030de       0x1a ./Core/Src/w5500/w5500_spi.o
                0x00000000080030de                wizchip_write
 .text.wizchip_readburst
                0x00000000080030f8       0x3e ./Core/Src/w5500/w5500_spi.o
                0x00000000080030f8                wizchip_readburst
 .text.wizchip_writeburst
                0x0000000008003136       0x3a ./Core/Src/w5500/w5500_spi.o
                0x0000000008003136                wizchip_writeburst
 .text.W5500IOInit
                0x0000000008003170       0x5c ./Core/Src/w5500/w5500_spi.o
                0x0000000008003170                W5500IOInit
 .text.W5500Init
                0x00000000080031cc       0xa8 ./Core/Src/w5500/w5500_spi.o
                0x00000000080031cc                W5500Init
 .text.wizchip_cris_enter
                0x0000000008003274        0xc ./Core/Src/w5500/wizchip_conf.o
                0x0000000008003274                wizchip_cris_enter
 .text.wizchip_cris_exit
                0x0000000008003280        0xc ./Core/Src/w5500/wizchip_conf.o
                0x0000000008003280                wizchip_cris_exit
 .text.wizchip_cs_select
                0x000000000800328c        0xc ./Core/Src/w5500/wizchip_conf.o
                0x000000000800328c                wizchip_cs_select
 .text.wizchip_cs_deselect
                0x0000000008003298        0xc ./Core/Src/w5500/wizchip_conf.o
                0x0000000008003298                wizchip_cs_deselect
 .text.wizchip_bus_readdata
                0x00000000080032a4       0x18 ./Core/Src/w5500/wizchip_conf.o
                0x00000000080032a4                wizchip_bus_readdata
 .text.wizchip_bus_writedata
                0x00000000080032bc       0x1c ./Core/Src/w5500/wizchip_conf.o
                0x00000000080032bc                wizchip_bus_writedata
 .text.wizchip_spi_readbyte
                0x00000000080032d8        0xe ./Core/Src/w5500/wizchip_conf.o
                0x00000000080032d8                wizchip_spi_readbyte
 .text.wizchip_spi_writebyte
                0x00000000080032e6       0x14 ./Core/Src/w5500/wizchip_conf.o
                0x00000000080032e6                wizchip_spi_writebyte
 .text.wizchip_spi_readburst
                0x00000000080032fa       0x16 ./Core/Src/w5500/wizchip_conf.o
                0x00000000080032fa                wizchip_spi_readburst
 .text.wizchip_spi_writeburst
                0x0000000008003310       0x16 ./Core/Src/w5500/wizchip_conf.o
                0x0000000008003310                wizchip_spi_writeburst
 *fill*         0x0000000008003326        0x2 
 .text.reg_wizchip_cs_cbfunc
                0x0000000008003328       0x48 ./Core/Src/w5500/wizchip_conf.o
                0x0000000008003328                reg_wizchip_cs_cbfunc
 .text.reg_wizchip_spi_cbfunc
                0x0000000008003370       0x58 ./Core/Src/w5500/wizchip_conf.o
                0x0000000008003370                reg_wizchip_spi_cbfunc
 .text.reg_wizchip_spiburst_cbfunc
                0x00000000080033c8       0x58 ./Core/Src/w5500/wizchip_conf.o
                0x00000000080033c8                reg_wizchip_spiburst_cbfunc
 .text.ctlwizchip
                0x0000000008003420      0x1c4 ./Core/Src/w5500/wizchip_conf.o
                0x0000000008003420                ctlwizchip
 .text.ctlnetwork
                0x00000000080035e4       0x7c ./Core/Src/w5500/wizchip_conf.o
                0x00000000080035e4                ctlnetwork
 .text.wizchip_sw_reset
                0x0000000008003660       0x98 ./Core/Src/w5500/wizchip_conf.o
                0x0000000008003660                wizchip_sw_reset
 .text.wizchip_init
                0x00000000080036f8      0x118 ./Core/Src/w5500/wizchip_conf.o
                0x00000000080036f8                wizchip_init
 .text.wizchip_clrinterrupt
                0x0000000008003810       0x68 ./Core/Src/w5500/wizchip_conf.o
                0x0000000008003810                wizchip_clrinterrupt
 .text.wizchip_getinterrupt
                0x0000000008003878       0x4a ./Core/Src/w5500/wizchip_conf.o
                0x0000000008003878                wizchip_getinterrupt
 .text.wizchip_setinterruptmask
                0x00000000080038c2       0x36 ./Core/Src/w5500/wizchip_conf.o
                0x00000000080038c2                wizchip_setinterruptmask
 .text.wizchip_getinterruptmask
                0x00000000080038f8       0x46 ./Core/Src/w5500/wizchip_conf.o
                0x00000000080038f8                wizchip_getinterruptmask
 .text.wizphy_getphylink
                0x000000000800393e       0x2c ./Core/Src/w5500/wizchip_conf.o
                0x000000000800393e                wizphy_getphylink
 .text.wizphy_getphypmode
                0x000000000800396a       0x32 ./Core/Src/w5500/wizchip_conf.o
                0x000000000800396a                wizphy_getphypmode
 .text.wizphy_reset
                0x000000000800399c       0x4e ./Core/Src/w5500/wizchip_conf.o
                0x000000000800399c                wizphy_reset
 .text.wizphy_setphyconf
                0x00000000080039ea       0x84 ./Core/Src/w5500/wizchip_conf.o
                0x00000000080039ea                wizphy_setphyconf
 .text.wizphy_getphyconf
                0x0000000008003a6e       0xd2 ./Core/Src/w5500/wizchip_conf.o
                0x0000000008003a6e                wizphy_getphyconf
 .text.wizphy_setphypmode
                0x0000000008003b40       0x94 ./Core/Src/w5500/wizchip_conf.o
                0x0000000008003b40                wizphy_setphypmode
 .text.wizchip_setnetinfo
                0x0000000008003bd4       0x80 ./Core/Src/w5500/wizchip_conf.o
                0x0000000008003bd4                wizchip_setnetinfo
 .text.wizchip_getnetinfo
                0x0000000008003c54       0x80 ./Core/Src/w5500/wizchip_conf.o
                0x0000000008003c54                wizchip_getnetinfo
 .text.wizchip_setnetmode
                0x0000000008003cd4       0x44 ./Core/Src/w5500/wizchip_conf.o
                0x0000000008003cd4                wizchip_setnetmode
 .text.wizchip_getnetmode
                0x0000000008003d18       0x10 ./Core/Src/w5500/wizchip_conf.o
                0x0000000008003d18                wizchip_getnetmode
 .text.wizchip_settimeout
                0x0000000008003d28       0x42 ./Core/Src/w5500/wizchip_conf.o
                0x0000000008003d28                wizchip_settimeout
 .text.wizchip_gettimeout
                0x0000000008003d6a       0x44 ./Core/Src/w5500/wizchip_conf.o
                0x0000000008003d6a                wizchip_gettimeout
 *fill*         0x0000000008003dae        0x2 
 .text.Reset_Handler
                0x0000000008003db0       0x48 ./Core/Startup/startup_stm32f103c8tx.o
                0x0000000008003db0                Reset_Handler
 .text.Default_Handler
                0x0000000008003df8        0x2 ./Core/Startup/startup_stm32f103c8tx.o
                0x0000000008003df8                RTC_Alarm_IRQHandler
                0x0000000008003df8                EXTI2_IRQHandler
                0x0000000008003df8                TIM1_CC_IRQHandler
                0x0000000008003df8                PVD_IRQHandler
                0x0000000008003df8                EXTI3_IRQHandler
                0x0000000008003df8                EXTI0_IRQHandler
                0x0000000008003df8                I2C2_EV_IRQHandler
                0x0000000008003df8                ADC1_2_IRQHandler
                0x0000000008003df8                SPI1_IRQHandler
                0x0000000008003df8                TAMPER_IRQHandler
                0x0000000008003df8                DMA1_Channel4_IRQHandler
                0x0000000008003df8                USART3_IRQHandler
                0x0000000008003df8                RTC_IRQHandler
                0x0000000008003df8                DMA1_Channel7_IRQHandler
                0x0000000008003df8                CAN1_RX1_IRQHandler
                0x0000000008003df8                TIM4_IRQHandler
                0x0000000008003df8                I2C1_EV_IRQHandler
                0x0000000008003df8                DMA1_Channel6_IRQHandler
                0x0000000008003df8                TIM3_IRQHandler
                0x0000000008003df8                RCC_IRQHandler
                0x0000000008003df8                TIM1_TRG_COM_IRQHandler
                0x0000000008003df8                DMA1_Channel1_IRQHandler
                0x0000000008003df8                Default_Handler
                0x0000000008003df8                EXTI15_10_IRQHandler
                0x0000000008003df8                EXTI9_5_IRQHandler
                0x0000000008003df8                SPI2_IRQHandler
                0x0000000008003df8                DMA1_Channel5_IRQHandler
                0x0000000008003df8                EXTI4_IRQHandler
                0x0000000008003df8                USB_LP_CAN1_RX0_IRQHandler
                0x0000000008003df8                USB_HP_CAN1_TX_IRQHandler
                0x0000000008003df8                DMA1_Channel3_IRQHandler
                0x0000000008003df8                TIM1_UP_IRQHandler
                0x0000000008003df8                WWDG_IRQHandler
                0x0000000008003df8                TIM2_IRQHandler
                0x0000000008003df8                TIM1_BRK_IRQHandler
                0x0000000008003df8                EXTI1_IRQHandler
                0x0000000008003df8                USART2_IRQHandler
                0x0000000008003df8                I2C2_ER_IRQHandler
                0x0000000008003df8                DMA1_Channel2_IRQHandler
                0x0000000008003df8                CAN1_SCE_IRQHandler
                0x0000000008003df8                FLASH_IRQHandler
                0x0000000008003df8                USART1_IRQHandler
                0x0000000008003df8                I2C1_ER_IRQHandler
                0x0000000008003df8                USBWakeUp_IRQHandler
 *fill*         0x0000000008003dfa        0x2 
 .text.HAL_Init
                0x0000000008003dfc       0x2c ./Drivers/STM32F1xx_HAL_Driver/Src/stm32f1xx_hal.o
                0x0000000008003dfc                HAL_Init
 .text.HAL_InitTick
                0x0000000008003e28       0x60 ./Drivers/STM32F1xx_HAL_Driver/Src/stm32f1xx_hal.o
                0x0000000008003e28                HAL_InitTick
 .text.HAL_IncTick
                0x0000000008003e88       0x24 ./Drivers/STM32F1xx_HAL_Driver/Src/stm32f1xx_hal.o
                0x0000000008003e88                HAL_IncTick
 .text.HAL_GetTick
                0x0000000008003eac       0x14 ./Drivers/STM32F1xx_HAL_Driver/Src/stm32f1xx_hal.o
                0x0000000008003eac                HAL_GetTick
 .text.HAL_Delay
                0x0000000008003ec0       0x48 ./Drivers/STM32F1xx_HAL_Driver/Src/stm32f1xx_hal.o
                0x0000000008003ec0                HAL_Delay
 .text.__NVIC_SetPriorityGrouping
                0x0000000008003f08       0x48 ./Drivers/STM32F1xx_HAL_Driver/Src/stm32f1xx_hal_cortex.o
 .text.__NVIC_GetPriorityGrouping
                0x0000000008003f50       0x1c ./Drivers/STM32F1xx_HAL_Driver/Src/stm32f1xx_hal_cortex.o
 .text.__NVIC_SetPriority
                0x0000000008003f6c       0x54 ./Drivers/STM32F1xx_HAL_Driver/Src/stm32f1xx_hal_cortex.o
 .text.NVIC_EncodePriority
                0x0000000008003fc0       0x64 ./Drivers/STM32F1xx_HAL_Driver/Src/stm32f1xx_hal_cortex.o
 .text.SysTick_Config
                0x0000000008004024       0x44 ./Drivers/STM32F1xx_HAL_Driver/Src/stm32f1xx_hal_cortex.o
 .text.HAL_NVIC_SetPriorityGrouping
                0x0000000008004068       0x16 ./Drivers/STM32F1xx_HAL_Driver/Src/stm32f1xx_hal_cortex.o
                0x0000000008004068                HAL_NVIC_SetPriorityGrouping
 .text.HAL_NVIC_SetPriority
                0x000000000800407e       0x38 ./Drivers/STM32F1xx_HAL_Driver/Src/stm32f1xx_hal_cortex.o
                0x000000000800407e                HAL_NVIC_SetPriority
 .text.HAL_SYSTICK_Config
                0x00000000080040b6       0x18 ./Drivers/STM32F1xx_HAL_Driver/Src/stm32f1xx_hal_cortex.o
                0x00000000080040b6                HAL_SYSTICK_Config
 *fill*         0x00000000080040ce        0x2 
 .text.HAL_GPIO_Init
                0x00000000080040d0      0x308 ./Drivers/STM32F1xx_HAL_Driver/Src/stm32f1xx_hal_gpio.o
                0x00000000080040d0                HAL_GPIO_Init
 .text.HAL_GPIO_WritePin
                0x00000000080043d8       0x30 ./Drivers/STM32F1xx_HAL_Driver/Src/stm32f1xx_hal_gpio.o
                0x00000000080043d8                HAL_GPIO_WritePin
 .text.HAL_RCC_OscConfig
                0x0000000008004408      0x504 ./Drivers/STM32F1xx_HAL_Driver/Src/stm32f1xx_hal_rcc.o
                0x0000000008004408                HAL_RCC_OscConfig
 .text.HAL_RCC_ClockConfig
                0x000000000800490c      0x1d4 ./Drivers/STM32F1xx_HAL_Driver/Src/stm32f1xx_hal_rcc.o
                0x000000000800490c                HAL_RCC_ClockConfig
 .text.HAL_RCC_GetSysClockFreq
                0x0000000008004ae0       0xa8 ./Drivers/STM32F1xx_HAL_Driver/Src/stm32f1xx_hal_rcc.o
                0x0000000008004ae0                HAL_RCC_GetSysClockFreq
 .text.HAL_RCC_GetHCLKFreq
                0x0000000008004b88       0x14 ./Drivers/STM32F1xx_HAL_Driver/Src/stm32f1xx_hal_rcc.o
                0x0000000008004b88                HAL_RCC_GetHCLKFreq
 .text.HAL_RCC_GetPCLK1Freq
                0x0000000008004b9c       0x28 ./Drivers/STM32F1xx_HAL_Driver/Src/stm32f1xx_hal_rcc.o
                0x0000000008004b9c                HAL_RCC_GetPCLK1Freq
 .text.HAL_RCC_GetPCLK2Freq
                0x0000000008004bc4       0x28 ./Drivers/STM32F1xx_HAL_Driver/Src/stm32f1xx_hal_rcc.o
                0x0000000008004bc4                HAL_RCC_GetPCLK2Freq
 .text.RCC_Delay
                0x0000000008004bec       0x3c ./Drivers/STM32F1xx_HAL_Driver/Src/stm32f1xx_hal_rcc.o
 .text.HAL_SPI_Init
                0x0000000008004c28      0x108 ./Drivers/STM32F1xx_HAL_Driver/Src/stm32f1xx_hal_spi.o
                0x0000000008004c28                HAL_SPI_Init
 .text.HAL_UART_Init
                0x0000000008004d30       0xa0 ./Drivers/STM32F1xx_HAL_Driver/Src/stm32f1xx_hal_uart.o
                0x0000000008004d30                HAL_UART_Init
 .text.HAL_UART_Transmit
                0x0000000008004dd0      0x106 ./Drivers/STM32F1xx_HAL_Driver/Src/stm32f1xx_hal_uart.o
                0x0000000008004dd0                HAL_UART_Transmit
 .text.UART_WaitOnFlagUntilTimeout
                0x0000000008004ed6       0xdc ./Drivers/STM32F1xx_HAL_Driver/Src/stm32f1xx_hal_uart.o
 *fill*         0x0000000008004fb2        0x2 
 .text.UART_SetConfig
                0x0000000008004fb4      0x11c ./Drivers/STM32F1xx_HAL_Driver/Src/stm32f1xx_hal_uart.o
 .text.__errno  0x00000000080050d0        0xc d:/st/stm32cubeide_1.12.0/stm32cubeide/plugins/com.st.stm32cube.ide.mcu.externaltools.gnu-tools-for-stm32.10.3-2021.10.win32_1.0.200.202301161003/tools/bin/../lib/gcc/arm-none-eabi/10.3.1/../../../../arm-none-eabi/lib/thumb/v7-m/nofp\libc_nano.a(lib_a-errno.o)
                0x00000000080050d0                __errno
 .text.__libc_init_array
                0x00000000080050dc       0x48 d:/st/stm32cubeide_1.12.0/stm32cubeide/plugins/com.st.stm32cube.ide.mcu.externaltools.gnu-tools-for-stm32.10.3-2021.10.win32_1.0.200.202301161003/tools/bin/../lib/gcc/arm-none-eabi/10.3.1/../../../../arm-none-eabi/lib/thumb/v7-m/nofp\libc_nano.a(lib_a-init.o)
                0x00000000080050dc                __libc_init_array
 .text.memcpy   0x0000000008005124       0x1c d:/st/stm32cubeide_1.12.0/stm32cubeide/plugins/com.st.stm32cube.ide.mcu.externaltools.gnu-tools-for-stm32.10.3-2021.10.win32_1.0.200.202301161003/tools/bin/../lib/gcc/arm-none-eabi/10.3.1/../../../../arm-none-eabi/lib/thumb/v7-m/nofp\libc_nano.a(lib_a-memcpy-stub.o)
                0x0000000008005124                memcpy
 .text.memset   0x0000000008005140       0x10 d:/st/stm32cubeide_1.12.0/stm32cubeide/plugins/com.st.stm32cube.ide.mcu.externaltools.gnu-tools-for-stm32.10.3-2021.10.win32_1.0.200.202301161003/tools/bin/../lib/gcc/arm-none-eabi/10.3.1/../../../../arm-none-eabi/lib/thumb/v7-m/nofp\libc_nano.a(lib_a-memset.o)
                0x0000000008005140                memset
 .text.printf   0x0000000008005150       0x30 d:/st/stm32cubeide_1.12.0/stm32cubeide/plugins/com.st.stm32cube.ide.mcu.externaltools.gnu-tools-for-stm32.10.3-2021.10.win32_1.0.200.202301161003/tools/bin/../lib/gcc/arm-none-eabi/10.3.1/../../../../arm-none-eabi/lib/thumb/v7-m/nofp\libc_nano.a(lib_a-printf.o)
                0x0000000008005150                iprintf
                0x0000000008005150                printf
 .text._puts_r  0x0000000008005180       0xdc d:/st/stm32cubeide_1.12.0/stm32cubeide/plugins/com.st.stm32cube.ide.mcu.externaltools.gnu-tools-for-stm32.10.3-2021.10.win32_1.0.200.202301161003/tools/bin/../lib/gcc/arm-none-eabi/10.3.1/../../../../arm-none-eabi/lib/thumb/v7-m/nofp\libc_nano.a(lib_a-puts.o)
                0x0000000008005180                _puts_r
 .text.puts     0x000000000800525c       0x10 d:/st/stm32cubeide_1.12.0/stm32cubeide/plugins/com.st.stm32cube.ide.mcu.externaltools.gnu-tools-for-stm32.10.3-2021.10.win32_1.0.200.202301161003/tools/bin/../lib/gcc/arm-none-eabi/10.3.1/../../../../arm-none-eabi/lib/thumb/v7-m/nofp\libc_nano.a(lib_a-puts.o)
                0x000000000800525c                puts
 .text.snprintf
                0x000000000800526c       0x68 d:/st/stm32cubeide_1.12.0/stm32cubeide/plugins/com.st.stm32cube.ide.mcu.externaltools.gnu-tools-for-stm32.10.3-2021.10.win32_1.0.200.202301161003/tools/bin/../lib/gcc/arm-none-eabi/10.3.1/../../../../arm-none-eabi/lib/thumb/v7-m/nofp\libc_nano.a(lib_a-snprintf.o)
                0x000000000800526c                sniprintf
                0x000000000800526c                snprintf
 .text.sprintf  0x00000000080052d4       0x40 d:/st/stm32cubeide_1.12.0/stm32cubeide/plugins/com.st.stm32cube.ide.mcu.externaltools.gnu-tools-for-stm32.10.3-2021.10.win32_1.0.200.202301161003/tools/bin/../lib/gcc/arm-none-eabi/10.3.1/../../../../arm-none-eabi/lib/thumb/v7-m/nofp\libc_nano.a(lib_a-sprintf.o)
                0x00000000080052d4                siprintf
                0x00000000080052d4                sprintf
 .text.strncmp  0x0000000008005314       0x28 d:/st/stm32cubeide_1.12.0/stm32cubeide/plugins/com.st.stm32cube.ide.mcu.externaltools.gnu-tools-for-stm32.10.3-2021.10.win32_1.0.200.202301161003/tools/bin/../lib/gcc/arm-none-eabi/10.3.1/../../../../arm-none-eabi/lib/thumb/v7-m/nofp\libc_nano.a(lib_a-strncmp.o)
                0x0000000008005314                strncmp
 .text.__swbuf_r
                0x000000000800533c       0xa4 d:/st/stm32cubeide_1.12.0/stm32cubeide/plugins/com.st.stm32cube.ide.mcu.externaltools.gnu-tools-for-stm32.10.3-2021.10.win32_1.0.200.202301161003/tools/bin/../lib/gcc/arm-none-eabi/10.3.1/../../../../arm-none-eabi/lib/thumb/v7-m/nofp\libc_nano.a(lib_a-wbuf.o)
                0x000000000800533c                __swbuf_r
 .text.__swsetup_r
                0x00000000080053e0       0xdc d:/st/stm32cubeide_1.12.0/stm32cubeide/plugins/com.st.stm32cube.ide.mcu.externaltools.gnu-tools-for-stm32.10.3-2021.10.win32_1.0.200.202301161003/tools/bin/../lib/gcc/arm-none-eabi/10.3.1/../../../../arm-none-eabi/lib/thumb/v7-m/nofp\libc_nano.a(lib_a-wsetup.o)
                0x00000000080053e0                __swsetup_r
 .text.__sflush_r
                0x00000000080054bc      0x104 d:/st/stm32cubeide_1.12.0/stm32cubeide/plugins/com.st.stm32cube.ide.mcu.externaltools.gnu-tools-for-stm32.10.3-2021.10.win32_1.0.200.202301161003/tools/bin/../lib/gcc/arm-none-eabi/10.3.1/../../../../arm-none-eabi/lib/thumb/v7-m/nofp\libc_nano.a(lib_a-fflush.o)
                0x00000000080054bc                __sflush_r
 .text._fflush_r
                0x00000000080055c0       0x78 d:/st/stm32cubeide_1.12.0/stm32cubeide/plugins/com.st.stm32cube.ide.mcu.externaltools.gnu-tools-for-stm32.10.3-2021.10.win32_1.0.200.202301161003/tools/bin/../lib/gcc/arm-none-eabi/10.3.1/../../../../arm-none-eabi/lib/thumb/v7-m/nofp\libc_nano.a(lib_a-fflush.o)
                0x00000000080055c0                _fflush_r
 .text.std      0x0000000008005638       0x48 d:/st/stm32cubeide_1.12.0/stm32cubeide/plugins/com.st.stm32cube.ide.mcu.externaltools.gnu-tools-for-stm32.10.3-2021.10.win32_1.0.200.202301161003/tools/bin/../lib/gcc/arm-none-eabi/10.3.1/../../../../arm-none-eabi/lib/thumb/v7-m/nofp\libc_nano.a(lib_a-findfp.o)
 .text._cleanup_r
                0x0000000008005680        0xc d:/st/stm32cubeide_1.12.0/stm32cubeide/plugins/com.st.stm32cube.ide.mcu.externaltools.gnu-tools-for-stm32.10.3-2021.10.win32_1.0.200.202301161003/tools/bin/../lib/gcc/arm-none-eabi/10.3.1/../../../../arm-none-eabi/lib/thumb/v7-m/nofp\libc_nano.a(lib_a-findfp.o)
                0x0000000008005680                _cleanup_r
 .text.__sfmoreglue
                0x000000000800568c       0x2c d:/st/stm32cubeide_1.12.0/stm32cubeide/plugins/com.st.stm32cube.ide.mcu.externaltools.gnu-tools-for-stm32.10.3-2021.10.win32_1.0.200.202301161003/tools/bin/../lib/gcc/arm-none-eabi/10.3.1/../../../../arm-none-eabi/lib/thumb/v7-m/nofp\libc_nano.a(lib_a-findfp.o)
                0x000000000800568c                __sfmoreglue
 .text.__sfp_lock_acquire
                0x00000000080056b8        0xc d:/st/stm32cubeide_1.12.0/stm32cubeide/plugins/com.st.stm32cube.ide.mcu.externaltools.gnu-tools-for-stm32.10.3-2021.10.win32_1.0.200.202301161003/tools/bin/../lib/gcc/arm-none-eabi/10.3.1/../../../../arm-none-eabi/lib/thumb/v7-m/nofp\libc_nano.a(lib_a-findfp.o)
                0x00000000080056b8                __sfp_lock_acquire
 .text.__sfp_lock_release
                0x00000000080056c4        0xc d:/st/stm32cubeide_1.12.0/stm32cubeide/plugins/com.st.stm32cube.ide.mcu.externaltools.gnu-tools-for-stm32.10.3-2021.10.win32_1.0.200.202301161003/tools/bin/../lib/gcc/arm-none-eabi/10.3.1/../../../../arm-none-eabi/lib/thumb/v7-m/nofp\libc_nano.a(lib_a-findfp.o)
                0x00000000080056c4                __sfp_lock_release
 .text.__sinit_lock_acquire
                0x00000000080056d0        0xc d:/st/stm32cubeide_1.12.0/stm32cubeide/plugins/com.st.stm32cube.ide.mcu.externaltools.gnu-tools-for-stm32.10.3-2021.10.win32_1.0.200.202301161003/tools/bin/../lib/gcc/arm-none-eabi/10.3.1/../../../../arm-none-eabi/lib/thumb/v7-m/nofp\libc_nano.a(lib_a-findfp.o)
                0x00000000080056d0                __sinit_lock_acquire
 .text.__sinit_lock_release
                0x00000000080056dc        0xc d:/st/stm32cubeide_1.12.0/stm32cubeide/plugins/com.st.stm32cube.ide.mcu.externaltools.gnu-tools-for-stm32.10.3-2021.10.win32_1.0.200.202301161003/tools/bin/../lib/gcc/arm-none-eabi/10.3.1/../../../../arm-none-eabi/lib/thumb/v7-m/nofp\libc_nano.a(lib_a-findfp.o)
                0x00000000080056dc                __sinit_lock_release
 .text.__sinit  0x00000000080056e8       0x70 d:/st/stm32cubeide_1.12.0/stm32cubeide/plugins/com.st.stm32cube.ide.mcu.externaltools.gnu-tools-for-stm32.10.3-2021.10.win32_1.0.200.202301161003/tools/bin/../lib/gcc/arm-none-eabi/10.3.1/../../../../arm-none-eabi/lib/thumb/v7-m/nofp\libc_nano.a(lib_a-findfp.o)
                0x00000000080056e8                __sinit
 .text.__sfp    0x0000000008005758       0x8c d:/st/stm32cubeide_1.12.0/stm32cubeide/plugins/com.st.stm32cube.ide.mcu.externaltools.gnu-tools-for-stm32.10.3-2021.10.win32_1.0.200.202301161003/tools/bin/../lib/gcc/arm-none-eabi/10.3.1/../../../../arm-none-eabi/lib/thumb/v7-m/nofp\libc_nano.a(lib_a-findfp.o)
                0x0000000008005758                __sfp
 .text._fwalk_reent
                0x00000000080057e4       0x3e d:/st/stm32cubeide_1.12.0/stm32cubeide/plugins/com.st.stm32cube.ide.mcu.externaltools.gnu-tools-for-stm32.10.3-2021.10.win32_1.0.200.202301161003/tools/bin/../lib/gcc/arm-none-eabi/10.3.1/../../../../arm-none-eabi/lib/thumb/v7-m/nofp\libc_nano.a(lib_a-fwalk.o)
                0x00000000080057e4                _fwalk_reent
 .text.__retarget_lock_init_recursive
                0x0000000008005822        0x2 d:/st/stm32cubeide_1.12.0/stm32cubeide/plugins/com.st.stm32cube.ide.mcu.externaltools.gnu-tools-for-stm32.10.3-2021.10.win32_1.0.200.202301161003/tools/bin/../lib/gcc/arm-none-eabi/10.3.1/../../../../arm-none-eabi/lib/thumb/v7-m/nofp\libc_nano.a(lib_a-lock.o)
                0x0000000008005822                __retarget_lock_init_recursive
 .text.__retarget_lock_acquire_recursive
                0x0000000008005824        0x2 d:/st/stm32cubeide_1.12.0/stm32cubeide/plugins/com.st.stm32cube.ide.mcu.externaltools.gnu-tools-for-stm32.10.3-2021.10.win32_1.0.200.202301161003/tools/bin/../lib/gcc/arm-none-eabi/10.3.1/../../../../arm-none-eabi/lib/thumb/v7-m/nofp\libc_nano.a(lib_a-lock.o)
                0x0000000008005824                __retarget_lock_acquire_recursive
 .text.__retarget_lock_release_recursive
                0x0000000008005826        0x2 d:/st/stm32cubeide_1.12.0/stm32cubeide/plugins/com.st.stm32cube.ide.mcu.externaltools.gnu-tools-for-stm32.10.3-2021.10.win32_1.0.200.202301161003/tools/bin/../lib/gcc/arm-none-eabi/10.3.1/../../../../arm-none-eabi/lib/thumb/v7-m/nofp\libc_nano.a(lib_a-lock.o)
                0x0000000008005826                __retarget_lock_release_recursive
 .text.__swhatbuf_r
                0x0000000008005828       0x4a d:/st/stm32cubeide_1.12.0/stm32cubeide/plugins/com.st.stm32cube.ide.mcu.externaltools.gnu-tools-for-stm32.10.3-2021.10.win32_1.0.200.202301161003/tools/bin/../lib/gcc/arm-none-eabi/10.3.1/../../../../arm-none-eabi/lib/thumb/v7-m/nofp\libc_nano.a(lib_a-makebuf.o)
                0x0000000008005828                __swhatbuf_r
 *fill*         0x0000000008005872        0x2 
 .text.__smakebuf_r
                0x0000000008005874       0x80 d:/st/stm32cubeide_1.12.0/stm32cubeide/plugins/com.st.stm32cube.ide.mcu.externaltools.gnu-tools-for-stm32.10.3-2021.10.win32_1.0.200.202301161003/tools/bin/../lib/gcc/arm-none-eabi/10.3.1/../../../../arm-none-eabi/lib/thumb/v7-m/nofp\libc_nano.a(lib_a-makebuf.o)
                0x0000000008005874                __smakebuf_r
 .text._free_r  0x00000000080058f4       0x90 d:/st/stm32cubeide_1.12.0/stm32cubeide/plugins/com.st.stm32cube.ide.mcu.externaltools.gnu-tools-for-stm32.10.3-2021.10.win32_1.0.200.202301161003/tools/bin/../lib/gcc/arm-none-eabi/10.3.1/../../../../arm-none-eabi/lib/thumb/v7-m/nofp\libc_nano.a(lib_a-nano-freer.o)
                0x00000000080058f4                _free_r
 .text.sbrk_aligned
                0x0000000008005984       0x40 d:/st/stm32cubeide_1.12.0/stm32cubeide/plugins/com.st.stm32cube.ide.mcu.externaltools.gnu-tools-for-stm32.10.3-2021.10.win32_1.0.200.202301161003/tools/bin/../lib/gcc/arm-none-eabi/10.3.1/../../../../arm-none-eabi/lib/thumb/v7-m/nofp\libc_nano.a(lib_a-nano-mallocr.o)
 .text._malloc_r
                0x00000000080059c4       0xe8 d:/st/stm32cubeide_1.12.0/stm32cubeide/plugins/com.st.stm32cube.ide.mcu.externaltools.gnu-tools-for-stm32.10.3-2021.10.win32_1.0.200.202301161003/tools/bin/../lib/gcc/arm-none-eabi/10.3.1/../../../../arm-none-eabi/lib/thumb/v7-m/nofp\libc_nano.a(lib_a-nano-mallocr.o)
                0x00000000080059c4                _malloc_r
 .text.__ssputs_r
                0x0000000008005aac       0xb6 d:/st/stm32cubeide_1.12.0/stm32cubeide/plugins/com.st.stm32cube.ide.mcu.externaltools.gnu-tools-for-stm32.10.3-2021.10.win32_1.0.200.202301161003/tools/bin/../lib/gcc/arm-none-eabi/10.3.1/../../../../arm-none-eabi/lib/thumb/v7-m/nofp\libc_nano.a(lib_a-nano-svfprintf.o)
                0x0000000008005aac                __ssputs_r
 *fill*         0x0000000008005b62        0x2 
 .text._svfprintf_r
                0x0000000008005b64      0x200 d:/st/stm32cubeide_1.12.0/stm32cubeide/plugins/com.st.stm32cube.ide.mcu.externaltools.gnu-tools-for-stm32.10.3-2021.10.win32_1.0.200.202301161003/tools/bin/../lib/gcc/arm-none-eabi/10.3.1/../../../../arm-none-eabi/lib/thumb/v7-m/nofp\libc_nano.a(lib_a-nano-svfprintf.o)
                0x0000000008005b64                _svfiprintf_r
                0x0000000008005b64                _svfprintf_r
 .text.__sfputc_r
                0x0000000008005d64       0x2a d:/st/stm32cubeide_1.12.0/stm32cubeide/plugins/com.st.stm32cube.ide.mcu.externaltools.gnu-tools-for-stm32.10.3-2021.10.win32_1.0.200.202301161003/tools/bin/../lib/gcc/arm-none-eabi/10.3.1/../../../../arm-none-eabi/lib/thumb/v7-m/nofp\libc_nano.a(lib_a-nano-vfprintf.o)
 .text.__sfputs_r
                0x0000000008005d8e       0x24 d:/st/stm32cubeide_1.12.0/stm32cubeide/plugins/com.st.stm32cube.ide.mcu.externaltools.gnu-tools-for-stm32.10.3-2021.10.win32_1.0.200.202301161003/tools/bin/../lib/gcc/arm-none-eabi/10.3.1/../../../../arm-none-eabi/lib/thumb/v7-m/nofp\libc_nano.a(lib_a-nano-vfprintf.o)
                0x0000000008005d8e                __sfputs_r
 *fill*         0x0000000008005db2        0x2 
 .text._vfprintf_r
                0x0000000008005db4      0x260 d:/st/stm32cubeide_1.12.0/stm32cubeide/plugins/com.st.stm32cube.ide.mcu.externaltools.gnu-tools-for-stm32.10.3-2021.10.win32_1.0.200.202301161003/tools/bin/../lib/gcc/arm-none-eabi/10.3.1/../../../../arm-none-eabi/lib/thumb/v7-m/nofp\libc_nano.a(lib_a-nano-vfprintf.o)
                0x0000000008005db4                _vfprintf_r
                0x0000000008005db4                _vfiprintf_r
 .text._printf_common
                0x0000000008006014       0xde d:/st/stm32cubeide_1.12.0/stm32cubeide/plugins/com.st.stm32cube.ide.mcu.externaltools.gnu-tools-for-stm32.10.3-2021.10.win32_1.0.200.202301161003/tools/bin/../lib/gcc/arm-none-eabi/10.3.1/../../../../arm-none-eabi/lib/thumb/v7-m/nofp\libc_nano.a(lib_a-nano-vfprintf_i.o)
                0x0000000008006014                _printf_common
 *fill*         0x00000000080060f2        0x2 
 .text._printf_i
                0x00000000080060f4      0x24c d:/st/stm32cubeide_1.12.0/stm32cubeide/plugins/com.st.stm32cube.ide.mcu.externaltools.gnu-tools-for-stm32.10.3-2021.10.win32_1.0.200.202301161003/tools/bin/../lib/gcc/arm-none-eabi/10.3.1/../../../../arm-none-eabi/lib/thumb/v7-m/nofp\libc_nano.a(lib_a-nano-vfprintf_i.o)
                0x00000000080060f4                _printf_i
 .text._sbrk_r  0x0000000008006340       0x20 d:/st/stm32cubeide_1.12.0/stm32cubeide/plugins/com.st.stm32cube.ide.mcu.externaltools.gnu-tools-for-stm32.10.3-2021.10.win32_1.0.200.202301161003/tools/bin/../lib/gcc/arm-none-eabi/10.3.1/../../../../arm-none-eabi/lib/thumb/v7-m/nofp\libc_nano.a(lib_a-sbrkr.o)
                0x0000000008006340                _sbrk_r
 .text.__sread  0x0000000008006360       0x22 d:/st/stm32cubeide_1.12.0/stm32cubeide/plugins/com.st.stm32cube.ide.mcu.externaltools.gnu-tools-for-stm32.10.3-2021.10.win32_1.0.200.202301161003/tools/bin/../lib/gcc/arm-none-eabi/10.3.1/../../../../arm-none-eabi/lib/thumb/v7-m/nofp\libc_nano.a(lib_a-stdio.o)
                0x0000000008006360                __sread
 .text.__swrite
                0x0000000008006382       0x38 d:/st/stm32cubeide_1.12.0/stm32cubeide/plugins/com.st.stm32cube.ide.mcu.externaltools.gnu-tools-for-stm32.10.3-2021.10.win32_1.0.200.202301161003/tools/bin/../lib/gcc/arm-none-eabi/10.3.1/../../../../arm-none-eabi/lib/thumb/v7-m/nofp\libc_nano.a(lib_a-stdio.o)
                0x0000000008006382                __swrite
 .text.__sseek  0x00000000080063ba       0x24 d:/st/stm32cubeide_1.12.0/stm32cubeide/plugins/com.st.stm32cube.ide.mcu.externaltools.gnu-tools-for-stm32.10.3-2021.10.win32_1.0.200.202301161003/tools/bin/../lib/gcc/arm-none-eabi/10.3.1/../../../../arm-none-eabi/lib/thumb/v7-m/nofp\libc_nano.a(lib_a-stdio.o)
                0x00000000080063ba                __sseek
 .text.__sclose
                0x00000000080063de        0x8 d:/st/stm32cubeide_1.12.0/stm32cubeide/plugins/com.st.stm32cube.ide.mcu.externaltools.gnu-tools-for-stm32.10.3-2021.10.win32_1.0.200.202301161003/tools/bin/../lib/gcc/arm-none-eabi/10.3.1/../../../../arm-none-eabi/lib/thumb/v7-m/nofp\libc_nano.a(lib_a-stdio.o)
                0x00000000080063de                __sclose
 *fill*         0x00000000080063e6        0x2 
 .text._write_r
                0x00000000080063e8       0x24 d:/st/stm32cubeide_1.12.0/stm32cubeide/plugins/com.st.stm32cube.ide.mcu.externaltools.gnu-tools-for-stm32.10.3-2021.10.win32_1.0.200.202301161003/tools/bin/../lib/gcc/arm-none-eabi/10.3.1/../../../../arm-none-eabi/lib/thumb/v7-m/nofp\libc_nano.a(lib_a-writer.o)
                0x00000000080063e8                _write_r
 .text._close_r
                0x000000000800640c       0x20 d:/st/stm32cubeide_1.12.0/stm32cubeide/plugins/com.st.stm32cube.ide.mcu.externaltools.gnu-tools-for-stm32.10.3-2021.10.win32_1.0.200.202301161003/tools/bin/../lib/gcc/arm-none-eabi/10.3.1/../../../../arm-none-eabi/lib/thumb/v7-m/nofp\libc_nano.a(lib_a-closer.o)
                0x000000000800640c                _close_r
 .text._fstat_r
                0x000000000800642c       0x24 d:/st/stm32cubeide_1.12.0/stm32cubeide/plugins/com.st.stm32cube.ide.mcu.externaltools.gnu-tools-for-stm32.10.3-2021.10.win32_1.0.200.202301161003/tools/bin/../lib/gcc/arm-none-eabi/10.3.1/../../../../arm-none-eabi/lib/thumb/v7-m/nofp\libc_nano.a(lib_a-fstatr.o)
                0x000000000800642c                _fstat_r
 .text._isatty_r
                0x0000000008006450       0x20 d:/st/stm32cubeide_1.12.0/stm32cubeide/plugins/com.st.stm32cube.ide.mcu.externaltools.gnu-tools-for-stm32.10.3-2021.10.win32_1.0.200.202301161003/tools/bin/../lib/gcc/arm-none-eabi/10.3.1/../../../../arm-none-eabi/lib/thumb/v7-m/nofp\libc_nano.a(lib_a-isattyr.o)
                0x0000000008006450                _isatty_r
 .text._lseek_r
                0x0000000008006470       0x24 d:/st/stm32cubeide_1.12.0/stm32cubeide/plugins/com.st.stm32cube.ide.mcu.externaltools.gnu-tools-for-stm32.10.3-2021.10.win32_1.0.200.202301161003/tools/bin/../lib/gcc/arm-none-eabi/10.3.1/../../../../arm-none-eabi/lib/thumb/v7-m/nofp\libc_nano.a(lib_a-lseekr.o)
                0x0000000008006470                _lseek_r
 .text.memchr   0x0000000008006494       0x1c d:/st/stm32cubeide_1.12.0/stm32cubeide/plugins/com.st.stm32cube.ide.mcu.externaltools.gnu-tools-for-stm32.10.3-2021.10.win32_1.0.200.202301161003/tools/bin/../lib/gcc/arm-none-eabi/10.3.1/../../../../arm-none-eabi/lib/thumb/v7-m/nofp\libc_nano.a(lib_a-memchr-stub.o)
                0x0000000008006494                memchr
 .text.memmove  0x00000000080064b0       0x34 d:/st/stm32cubeide_1.12.0/stm32cubeide/plugins/com.st.stm32cube.ide.mcu.externaltools.gnu-tools-for-stm32.10.3-2021.10.win32_1.0.200.202301161003/tools/bin/../lib/gcc/arm-none-eabi/10.3.1/../../../../arm-none-eabi/lib/thumb/v7-m/nofp\libc_nano.a(lib_a-memmove.o)
                0x00000000080064b0                memmove
 .text.__malloc_lock
                0x00000000080064e4        0xc d:/st/stm32cubeide_1.12.0/stm32cubeide/plugins/com.st.stm32cube.ide.mcu.externaltools.gnu-tools-for-stm32.10.3-2021.10.win32_1.0.200.202301161003/tools/bin/../lib/gcc/arm-none-eabi/10.3.1/../../../../arm-none-eabi/lib/thumb/v7-m/nofp\libc_nano.a(lib_a-mlock.o)
                0x00000000080064e4                __malloc_lock
 .text.__malloc_unlock
                0x00000000080064f0        0xc d:/st/stm32cubeide_1.12.0/stm32cubeide/plugins/com.st.stm32cube.ide.mcu.externaltools.gnu-tools-for-stm32.10.3-2021.10.win32_1.0.200.202301161003/tools/bin/../lib/gcc/arm-none-eabi/10.3.1/../../../../arm-none-eabi/lib/thumb/v7-m/nofp\libc_nano.a(lib_a-mlock.o)
                0x00000000080064f0                __malloc_unlock
 .text._realloc_r
                0x00000000080064fc       0x5e d:/st/stm32cubeide_1.12.0/stm32cubeide/plugins/com.st.stm32cube.ide.mcu.externaltools.gnu-tools-for-stm32.10.3-2021.10.win32_1.0.200.202301161003/tools/bin/../lib/gcc/arm-none-eabi/10.3.1/../../../../arm-none-eabi/lib/thumb/v7-m/nofp\libc_nano.a(lib_a-nano-reallocr.o)
                0x00000000080064fc                _realloc_r
 *fill*         0x000000000800655a        0x2 
 .text._read_r  0x000000000800655c       0x24 d:/st/stm32cubeide_1.12.0/stm32cubeide/plugins/com.st.stm32cube.ide.mcu.externaltools.gnu-tools-for-stm32.10.3-2021.10.win32_1.0.200.202301161003/tools/bin/../lib/gcc/arm-none-eabi/10.3.1/../../../../arm-none-eabi/lib/thumb/v7-m/nofp\libc_nano.a(lib_a-readr.o)
                0x000000000800655c                _read_r
 .text._malloc_usable_size_r
                0x0000000008006580       0x10 d:/st/stm32cubeide_1.12.0/stm32cubeide/plugins/com.st.stm32cube.ide.mcu.externaltools.gnu-tools-for-stm32.10.3-2021.10.win32_1.0.200.202301161003/tools/bin/../lib/gcc/arm-none-eabi/10.3.1/../../../../arm-none-eabi/lib/thumb/v7-m/nofp\libc_nano.a(lib_a-nano-msizer.o)
                0x0000000008006580                _malloc_usable_size_r
 *(.glue_7)
 .glue_7        0x0000000008006590        0x0 linker stubs
 *(.glue_7t)
 .glue_7t       0x0000000008006590        0x0 linker stubs
 *(.eh_frame)
 .eh_frame      0x0000000008006590        0x0 d:/st/stm32cubeide_1.12.0/stm32cubeide/plugins/com.st.stm32cube.ide.mcu.externaltools.gnu-tools-for-stm32.10.3-2021.10.win32_1.0.200.202301161003/tools/bin/../lib/gcc/arm-none-eabi/10.3.1/thumb/v7-m/nofp/crtbegin.o
 *(.init)
 .init          0x0000000008006590        0x4 d:/st/stm32cubeide_1.12.0/stm32cubeide/plugins/com.st.stm32cube.ide.mcu.externaltools.gnu-tools-for-stm32.10.3-2021.10.win32_1.0.200.202301161003/tools/bin/../lib/gcc/arm-none-eabi/10.3.1/thumb/v7-m/nofp/crti.o
                0x0000000008006590                _init
 .init          0x0000000008006594        0x8 d:/st/stm32cubeide_1.12.0/stm32cubeide/plugins/com.st.stm32cube.ide.mcu.externaltools.gnu-tools-for-stm32.10.3-2021.10.win32_1.0.200.202301161003/tools/bin/../lib/gcc/arm-none-eabi/10.3.1/thumb/v7-m/nofp/crtn.o
 *(.fini)
 .fini          0x000000000800659c        0x4 d:/st/stm32cubeide_1.12.0/stm32cubeide/plugins/com.st.stm32cube.ide.mcu.externaltools.gnu-tools-for-stm32.10.3-2021.10.win32_1.0.200.202301161003/tools/bin/../lib/gcc/arm-none-eabi/10.3.1/thumb/v7-m/nofp/crti.o
                0x000000000800659c                _fini
 .fini          0x00000000080065a0        0x8 d:/st/stm32cubeide_1.12.0/stm32cubeide/plugins/com.st.stm32cube.ide.mcu.externaltools.gnu-tools-for-stm32.10.3-2021.10.win32_1.0.200.202301161003/tools/bin/../lib/gcc/arm-none-eabi/10.3.1/thumb/v7-m/nofp/crtn.o
                0x00000000080065a8                . = ALIGN (0x4)
                0x00000000080065a8                _etext = .

.vfp11_veneer   0x00000000080065a8        0x0
 .vfp11_veneer  0x00000000080065a8        0x0 linker stubs

.v4_bx          0x00000000080065a8        0x0
 .v4_bx         0x00000000080065a8        0x0 linker stubs

.iplt           0x00000000080065a8        0x0
 .iplt          0x00000000080065a8        0x0 d:/st/stm32cubeide_1.12.0/stm32cubeide/plugins/com.st.stm32cube.ide.mcu.externaltools.gnu-tools-for-stm32.10.3-2021.10.win32_1.0.200.202301161003/tools/bin/../lib/gcc/arm-none-eabi/10.3.1/thumb/v7-m/nofp/crtbegin.o

.rodata         0x00000000080065a8      0x3e0
                0x00000000080065a8                . = ALIGN (0x4)
 *(.rodata)
 .rodata        0x00000000080065a8      0x25e ./Core/Src/main.o
 *fill*         0x0000000008006806        0x2 
 .rodata        0x0000000008006808       0x58 ./Core/Src/w5500/MQTT/MQTTClient.o
 .rodata        0x0000000008006860        0xf ./Core/Src/w5500/MQTT/MQTTPacket/MQTTConnectClient.o
 *fill*         0x000000000800686f        0x1 
 .rodata        0x0000000008006870       0x54 ./Core/Src/w5500/w5500_spi.o
 *(.rodata*)
 .rodata.AHBPrescTable
                0x00000000080068c4       0x10 ./Core/Src/system_stm32f1xx.o
                0x00000000080068c4                AHBPrescTable
 .rodata.APBPrescTable
                0x00000000080068d4        0x8 ./Core/Src/system_stm32f1xx.o
                0x00000000080068d4                APBPrescTable
 .rodata.aPLLMULFactorTable.1
                0x00000000080068dc       0x10 ./Drivers/STM32F1xx_HAL_Driver/Src/stm32f1xx_hal_rcc.o
 .rodata.aPredivFactorTable.0
                0x00000000080068ec        0x2 ./Drivers/STM32F1xx_HAL_Driver/Src/stm32f1xx_hal_rcc.o
 *fill*         0x00000000080068ee        0x2 
 .rodata._global_impure_ptr
                0x00000000080068f0        0x4 d:/st/stm32cubeide_1.12.0/stm32cubeide/plugins/com.st.stm32cube.ide.mcu.externaltools.gnu-tools-for-stm32.10.3-2021.10.win32_1.0.200.202301161003/tools/bin/../lib/gcc/arm-none-eabi/10.3.1/../../../../arm-none-eabi/lib/thumb/v7-m/nofp\libc_nano.a(lib_a-impure.o)
                0x00000000080068f0                _global_impure_ptr
 .rodata.__sf_fake_stderr
                0x00000000080068f4       0x20 d:/st/stm32cubeide_1.12.0/stm32cubeide/plugins/com.st.stm32cube.ide.mcu.externaltools.gnu-tools-for-stm32.10.3-2021.10.win32_1.0.200.202301161003/tools/bin/../lib/gcc/arm-none-eabi/10.3.1/../../../../arm-none-eabi/lib/thumb/v7-m/nofp\libc_nano.a(lib_a-findfp.o)
                0x00000000080068f4                __sf_fake_stderr
 .rodata.__sf_fake_stdin
                0x0000000008006914       0x20 d:/st/stm32cubeide_1.12.0/stm32cubeide/plugins/com.st.stm32cube.ide.mcu.externaltools.gnu-tools-for-stm32.10.3-2021.10.win32_1.0.200.202301161003/tools/bin/../lib/gcc/arm-none-eabi/10.3.1/../../../../arm-none-eabi/lib/thumb/v7-m/nofp\libc_nano.a(lib_a-findfp.o)
                0x0000000008006914                __sf_fake_stdin
 .rodata.__sf_fake_stdout
                0x0000000008006934       0x20 d:/st/stm32cubeide_1.12.0/stm32cubeide/plugins/com.st.stm32cube.ide.mcu.externaltools.gnu-tools-for-stm32.10.3-2021.10.win32_1.0.200.202301161003/tools/bin/../lib/gcc/arm-none-eabi/10.3.1/../../../../arm-none-eabi/lib/thumb/v7-m/nofp\libc_nano.a(lib_a-findfp.o)
                0x0000000008006934                __sf_fake_stdout
 .rodata._svfprintf_r.str1.1
                0x0000000008006954       0x11 d:/st/stm32cubeide_1.12.0/stm32cubeide/plugins/com.st.stm32cube.ide.mcu.externaltools.gnu-tools-for-stm32.10.3-2021.10.win32_1.0.200.202301161003/tools/bin/../lib/gcc/arm-none-eabi/10.3.1/../../../../arm-none-eabi/lib/thumb/v7-m/nofp\libc_nano.a(lib_a-nano-svfprintf.o)
 .rodata._vfprintf_r.str1.1
                0x0000000008006965       0x11 d:/st/stm32cubeide_1.12.0/stm32cubeide/plugins/com.st.stm32cube.ide.mcu.externaltools.gnu-tools-for-stm32.10.3-2021.10.win32_1.0.200.202301161003/tools/bin/../lib/gcc/arm-none-eabi/10.3.1/../../../../arm-none-eabi/lib/thumb/v7-m/nofp\libc_nano.a(lib_a-nano-vfprintf.o)
 .rodata._printf_i.str1.1
                0x0000000008006965       0x22 d:/st/stm32cubeide_1.12.0/stm32cubeide/plugins/com.st.stm32cube.ide.mcu.externaltools.gnu-tools-for-stm32.10.3-2021.10.win32_1.0.200.202301161003/tools/bin/../lib/gcc/arm-none-eabi/10.3.1/../../../../arm-none-eabi/lib/thumb/v7-m/nofp\libc_nano.a(lib_a-nano-vfprintf_i.o)
                0x0000000008006988                . = ALIGN (0x4)
 *fill*         0x0000000008006987        0x1 

.rel.dyn        0x0000000008006988        0x0
 .rel.iplt      0x0000000008006988        0x0 d:/st/stm32cubeide_1.12.0/stm32cubeide/plugins/com.st.stm32cube.ide.mcu.externaltools.gnu-tools-for-stm32.10.3-2021.10.win32_1.0.200.202301161003/tools/bin/../lib/gcc/arm-none-eabi/10.3.1/thumb/v7-m/nofp/crtbegin.o

.ARM.extab      0x0000000008006988        0x0
                0x0000000008006988                . = ALIGN (0x4)
 *(.ARM.extab* .gnu.linkonce.armextab.*)
                0x0000000008006988                . = ALIGN (0x4)

.ARM            0x0000000008006988        0x0
                0x0000000008006988                . = ALIGN (0x4)
                0x0000000008006988                __exidx_start = .
 *(.ARM.exidx*)
                0x0000000008006988                __exidx_end = .
                0x0000000008006988                . = ALIGN (0x4)

.preinit_array  0x0000000008006988        0x0
                0x0000000008006988                . = ALIGN (0x4)
                0x0000000008006988                PROVIDE (__preinit_array_start = .)
 *(.preinit_array*)
                0x0000000008006988                PROVIDE (__preinit_array_end = .)
                0x0000000008006988                . = ALIGN (0x4)

.init_array     0x0000000008006988        0x4
                0x0000000008006988                . = ALIGN (0x4)
                0x0000000008006988                PROVIDE (__init_array_start = .)
 *(SORT_BY_NAME(.init_array.*))
 *(.init_array*)
 .init_array    0x0000000008006988        0x4 d:/st/stm32cubeide_1.12.0/stm32cubeide/plugins/com.st.stm32cube.ide.mcu.externaltools.gnu-tools-for-stm32.10.3-2021.10.win32_1.0.200.202301161003/tools/bin/../lib/gcc/arm-none-eabi/10.3.1/thumb/v7-m/nofp/crtbegin.o
                0x000000000800698c                PROVIDE (__init_array_end = .)
                0x000000000800698c                . = ALIGN (0x4)

.fini_array     0x000000000800698c        0x4
                0x000000000800698c                . = ALIGN (0x4)
                [!provide]                        PROVIDE (__fini_array_start = .)
 *(SORT_BY_NAME(.fini_array.*))
 *(.fini_array*)
 .fini_array    0x000000000800698c        0x4 d:/st/stm32cubeide_1.12.0/stm32cubeide/plugins/com.st.stm32cube.ide.mcu.externaltools.gnu-tools-for-stm32.10.3-2021.10.win32_1.0.200.202301161003/tools/bin/../lib/gcc/arm-none-eabi/10.3.1/thumb/v7-m/nofp/crtbegin.o
                [!provide]                        PROVIDE (__fini_array_end = .)
                0x0000000008006990                . = ALIGN (0x4)
                0x0000000008006990                _sidata = LOADADDR (.data)

.data           0x0000000020000000       0xf0 load address 0x0000000008006990
                0x0000000020000000                . = ALIGN (0x4)
                0x0000000020000000                _sdata = .
 *(.data)
 *(.data*)
 .data.WIZNETINFO
                0x0000000020000000       0x17 ./Core/Src/main.o
                0x0000000020000000                WIZNETINFO
 *fill*         0x0000000020000017        0x1 
 .data.MQTTBroker
                0x0000000020000018        0x4 ./Core/Src/main.o
                0x0000000020000018                MQTTBroker
 .data.targetPort
                0x000000002000001c        0x4 ./Core/Src/main.o
                0x000000002000001c                targetPort
 .data.opts     0x0000000020000020       0x24 ./Core/Src/main.o
                0x0000000020000020                opts
 .data.topics   0x0000000020000044        0x8 ./Core/Src/main.o
                0x0000000020000044                topics
 .data.ncabinas
                0x000000002000004c        0x4 ./Core/Src/main.o
                0x000000002000004c                ncabinas
 .data.SystemCoreClock
                0x0000000020000050        0x4 ./Core/Src/system_stm32f1xx.o
                0x0000000020000050                SystemCoreClock
 .data.sock_any_port
                0x0000000020000054        0x2 ./Core/Src/w5500/socket.o
 *fill*         0x0000000020000056        0x2 
 .data.WIZCHIP  0x0000000020000058       0x2c ./Core/Src/w5500/wizchip_conf.o
                0x0000000020000058                WIZCHIP
 .data.uwTickPrio
                0x0000000020000084        0x4 ./Drivers/STM32F1xx_HAL_Driver/Src/stm32f1xx_hal.o
                0x0000000020000084                uwTickPrio
 .data.uwTickFreq
                0x0000000020000088        0x1 ./Drivers/STM32F1xx_HAL_Driver/Src/stm32f1xx_hal.o
                0x0000000020000088                uwTickFreq
 *fill*         0x0000000020000089        0x3 
 .data._impure_ptr
                0x000000002000008c        0x4 d:/st/stm32cubeide_1.12.0/stm32cubeide/plugins/com.st.stm32cube.ide.mcu.externaltools.gnu-tools-for-stm32.10.3-2021.10.win32_1.0.200.202301161003/tools/bin/../lib/gcc/arm-none-eabi/10.3.1/../../../../arm-none-eabi/lib/thumb/v7-m/nofp\libc_nano.a(lib_a-impure.o)
                0x000000002000008c                _impure_ptr
 .data.impure_data
                0x0000000020000090       0x60 d:/st/stm32cubeide_1.12.0/stm32cubeide/plugins/com.st.stm32cube.ide.mcu.externaltools.gnu-tools-for-stm32.10.3-2021.10.win32_1.0.200.202301161003/tools/bin/../lib/gcc/arm-none-eabi/10.3.1/../../../../arm-none-eabi/lib/thumb/v7-m/nofp\libc_nano.a(lib_a-impure.o)
 *(.RamFunc)
 *(.RamFunc*)
                0x00000000200000f0                . = ALIGN (0x4)
                0x00000000200000f0                _edata = .

.igot.plt       0x00000000200000f0        0x0 load address 0x0000000008006a80
 .igot.plt      0x00000000200000f0        0x0 d:/st/stm32cubeide_1.12.0/stm32cubeide/plugins/com.st.stm32cube.ide.mcu.externaltools.gnu-tools-for-stm32.10.3-2021.10.win32_1.0.200.202301161003/tools/bin/../lib/gcc/arm-none-eabi/10.3.1/thumb/v7-m/nofp/crtbegin.o
                0x00000000200000f0                . = ALIGN (0x4)

.bss            0x00000000200000f0      0x900 load address 0x0000000008006a80
                0x00000000200000f0                _sbss = .
                0x00000000200000f0                __bss_start__ = _sbss
 *(.bss)
 .bss           0x00000000200000f0       0x1c d:/st/stm32cubeide_1.12.0/stm32cubeide/plugins/com.st.stm32cube.ide.mcu.externaltools.gnu-tools-for-stm32.10.3-2021.10.win32_1.0.200.202301161003/tools/bin/../lib/gcc/arm-none-eabi/10.3.1/thumb/v7-m/nofp/crtbegin.o
 *(.bss*)
 .bss.hspi1     0x000000002000010c       0x58 ./Core/Src/main.o
                0x000000002000010c                hspi1
 .bss.huart2    0x0000000020000164       0x48 ./Core/Src/main.o
                0x0000000020000164                huart2
 .bss.tempBuffer
                0x00000000200001ac      0x800 ./Core/Src/main.o
                0x00000000200001ac                tempBuffer
 .bss.__sbrk_heap_end
                0x00000000200009ac        0x4 ./Core/Src/sysmem.o
 .bss.MilliTimer
                0x00000000200009b0        0x4 ./Core/Src/w5500/MQTT/mqtt_interface.o
                0x00000000200009b0                MilliTimer
 .bss.bufptr    0x00000000200009b4        0x4 ./Core/Src/w5500/MQTT/MQTTPacket/MQTTPacket.o
 .bss.sock_io_mode
                0x00000000200009b8        0x2 ./Core/Src/w5500/socket.o
 .bss.sock_is_sending
                0x00000000200009ba        0x2 ./Core/Src/w5500/socket.o
 .bss.sock_remained_size
                0x00000000200009bc       0x10 ./Core/Src/w5500/socket.o
 .bss.sock_pack_info
                0x00000000200009cc        0x8 ./Core/Src/w5500/socket.o
                0x00000000200009cc                sock_pack_info
 .bss._DNS_     0x00000000200009d4        0x4 ./Core/Src/w5500/wizchip_conf.o
 .bss._DHCP_    0x00000000200009d8        0x1 ./Core/Src/w5500/wizchip_conf.o
 *fill*         0x00000000200009d9        0x3 
 .bss.uwTick    0x00000000200009dc        0x4 ./Drivers/STM32F1xx_HAL_Driver/Src/stm32f1xx_hal.o
                0x00000000200009dc                uwTick
 .bss.__lock___malloc_recursive_mutex
                0x00000000200009e0        0x1 d:/st/stm32cubeide_1.12.0/stm32cubeide/plugins/com.st.stm32cube.ide.mcu.externaltools.gnu-tools-for-stm32.10.3-2021.10.win32_1.0.200.202301161003/tools/bin/../lib/gcc/arm-none-eabi/10.3.1/../../../../arm-none-eabi/lib/thumb/v7-m/nofp\libc_nano.a(lib_a-lock.o)
                0x00000000200009e0                __lock___malloc_recursive_mutex
 .bss.__lock___sfp_recursive_mutex
                0x00000000200009e1        0x1 d:/st/stm32cubeide_1.12.0/stm32cubeide/plugins/com.st.stm32cube.ide.mcu.externaltools.gnu-tools-for-stm32.10.3-2021.10.win32_1.0.200.202301161003/tools/bin/../lib/gcc/arm-none-eabi/10.3.1/../../../../arm-none-eabi/lib/thumb/v7-m/nofp\libc_nano.a(lib_a-lock.o)
                0x00000000200009e1                __lock___sfp_recursive_mutex
 .bss.__lock___sinit_recursive_mutex
                0x00000000200009e2        0x1 d:/st/stm32cubeide_1.12.0/stm32cubeide/plugins/com.st.stm32cube.ide.mcu.externaltools.gnu-tools-for-stm32.10.3-2021.10.win32_1.0.200.202301161003/tools/bin/../lib/gcc/arm-none-eabi/10.3.1/../../../../arm-none-eabi/lib/thumb/v7-m/nofp\libc_nano.a(lib_a-lock.o)
                0x00000000200009e2                __lock___sinit_recursive_mutex
 *fill*         0x00000000200009e3        0x1 
 .bss.__malloc_free_list
                0x00000000200009e4        0x4 d:/st/stm32cubeide_1.12.0/stm32cubeide/plugins/com.st.stm32cube.ide.mcu.externaltools.gnu-tools-for-stm32.10.3-2021.10.win32_1.0.200.202301161003/tools/bin/../lib/gcc/arm-none-eabi/10.3.1/../../../../arm-none-eabi/lib/thumb/v7-m/nofp\libc_nano.a(lib_a-nano-mallocr.o)
                0x00000000200009e4                __malloc_free_list
 .bss.__malloc_sbrk_start
                0x00000000200009e8        0x4 d:/st/stm32cubeide_1.12.0/stm32cubeide/plugins/com.st.stm32cube.ide.mcu.externaltools.gnu-tools-for-stm32.10.3-2021.10.win32_1.0.200.202301161003/tools/bin/../lib/gcc/arm-none-eabi/10.3.1/../../../../arm-none-eabi/lib/thumb/v7-m/nofp\libc_nano.a(lib_a-nano-mallocr.o)
                0x00000000200009e8                __malloc_sbrk_start
 .bss.errno     0x00000000200009ec        0x4 d:/st/stm32cubeide_1.12.0/stm32cubeide/plugins/com.st.stm32cube.ide.mcu.externaltools.gnu-tools-for-stm32.10.3-2021.10.win32_1.0.200.202301161003/tools/bin/../lib/gcc/arm-none-eabi/10.3.1/../../../../arm-none-eabi/lib/thumb/v7-m/nofp\libc_nano.a(lib_a-reent.o)
                0x00000000200009ec                errno
 *(COMMON)
                0x00000000200009f0                . = ALIGN (0x4)
                0x00000000200009f0                _ebss = .
                0x00000000200009f0                __bss_end__ = _ebss

._user_heap_stack
                0x00000000200009f0      0x600 load address 0x0000000008006a80
                0x00000000200009f0                . = ALIGN (0x8)
                [!provide]                        PROVIDE (end = .)
                0x00000000200009f0                PROVIDE (_end = .)
                0x0000000020000bf0                . = (. + _Min_Heap_Size)
 *fill*         0x00000000200009f0      0x200 
                0x0000000020000ff0                . = (. + _Min_Stack_Size)
 *fill*         0x0000000020000bf0      0x400 
                0x0000000020000ff0                . = ALIGN (0x8)

/DISCARD/
 libc.a(*)
 libm.a(*)
 libgcc.a(*)

.ARM.attributes
                0x0000000000000000       0x29
 *(.ARM.attributes)
 .ARM.attributes
                0x0000000000000000       0x1d d:/st/stm32cubeide_1.12.0/stm32cubeide/plugins/com.st.stm32cube.ide.mcu.externaltools.gnu-tools-for-stm32.10.3-2021.10.win32_1.0.200.202301161003/tools/bin/../lib/gcc/arm-none-eabi/10.3.1/thumb/v7-m/nofp/crti.o
 .ARM.attributes
                0x000000000000001d       0x2d d:/st/stm32cubeide_1.12.0/stm32cubeide/plugins/com.st.stm32cube.ide.mcu.externaltools.gnu-tools-for-stm32.10.3-2021.10.win32_1.0.200.202301161003/tools/bin/../lib/gcc/arm-none-eabi/10.3.1/thumb/v7-m/nofp/crtbegin.o
 .ARM.attributes
                0x000000000000004a       0x2d ./Core/Src/main.o
 .ARM.attributes
                0x0000000000000077       0x2d ./Core/Src/stm32f1xx_hal_msp.o
 .ARM.attributes
                0x00000000000000a4       0x2d ./Core/Src/stm32f1xx_it.o
 .ARM.attributes
                0x00000000000000d1       0x2d ./Core/Src/syscalls.o
 .ARM.attributes
                0x00000000000000fe       0x2d ./Core/Src/sysmem.o
 .ARM.attributes
                0x000000000000012b       0x2d ./Core/Src/system_stm32f1xx.o
 .ARM.attributes
                0x0000000000000158       0x2d ./Core/Src/w5500/MQTT/MQTTClient.o
 .ARM.attributes
                0x0000000000000185       0x2d ./Core/Src/w5500/MQTT/mqtt_interface.o
 .ARM.attributes
                0x00000000000001b2       0x2d ./Core/Src/w5500/MQTT/MQTTPacket/MQTTConnectClient.o
 .ARM.attributes
                0x00000000000001df       0x2d ./Core/Src/w5500/MQTT/MQTTPacket/MQTTDeserializePublish.o
 .ARM.attributes
                0x000000000000020c       0x2d ./Core/Src/w5500/MQTT/MQTTPacket/MQTTPacket.o
 .ARM.attributes
                0x0000000000000239       0x2d ./Core/Src/w5500/MQTT/MQTTPacket/MQTTSerializePublish.o
 .ARM.attributes
                0x0000000000000266       0x2d ./Core/Src/w5500/MQTT/MQTTPacket/MQTTSubscribeClient.o
 .ARM.attributes
                0x0000000000000293       0x2d ./Core/Src/w5500/W5500/w5500.o
 .ARM.attributes
                0x00000000000002c0       0x2d ./Core/Src/w5500/socket.o
 .ARM.attributes
                0x00000000000002ed       0x2d ./Core/Src/w5500/w5500_spi.o
 .ARM.attributes
                0x000000000000031a       0x2d ./Core/Src/w5500/wizchip_conf.o
 .ARM.attributes
                0x0000000000000347       0x21 ./Core/Startup/startup_stm32f103c8tx.o
 .ARM.attributes
                0x0000000000000368       0x2d ./Drivers/STM32F1xx_HAL_Driver/Src/stm32f1xx_hal.o
 .ARM.attributes
                0x0000000000000395       0x2d ./Drivers/STM32F1xx_HAL_Driver/Src/stm32f1xx_hal_cortex.o
 .ARM.attributes
                0x00000000000003c2       0x2d ./Drivers/STM32F1xx_HAL_Driver/Src/stm32f1xx_hal_gpio.o
 .ARM.attributes
                0x00000000000003ef       0x2d ./Drivers/STM32F1xx_HAL_Driver/Src/stm32f1xx_hal_rcc.o
 .ARM.attributes
                0x000000000000041c       0x2d ./Drivers/STM32F1xx_HAL_Driver/Src/stm32f1xx_hal_spi.o
 .ARM.attributes
                0x0000000000000449       0x2d ./Drivers/STM32F1xx_HAL_Driver/Src/stm32f1xx_hal_uart.o
 .ARM.attributes
                0x0000000000000476       0x2d d:/st/stm32cubeide_1.12.0/stm32cubeide/plugins/com.st.stm32cube.ide.mcu.externaltools.gnu-tools-for-stm32.10.3-2021.10.win32_1.0.200.202301161003/tools/bin/../lib/gcc/arm-none-eabi/10.3.1/../../../../arm-none-eabi/lib/thumb/v7-m/nofp\libc_nano.a(lib_a-errno.o)
 .ARM.attributes
                0x00000000000004a3       0x2d d:/st/stm32cubeide_1.12.0/stm32cubeide/plugins/com.st.stm32cube.ide.mcu.externaltools.gnu-tools-for-stm32.10.3-2021.10.win32_1.0.200.202301161003/tools/bin/../lib/gcc/arm-none-eabi/10.3.1/../../../../arm-none-eabi/lib/thumb/v7-m/nofp\libc_nano.a(lib_a-impure.o)
 .ARM.attributes
                0x00000000000004d0       0x2d d:/st/stm32cubeide_1.12.0/stm32cubeide/plugins/com.st.stm32cube.ide.mcu.externaltools.gnu-tools-for-stm32.10.3-2021.10.win32_1.0.200.202301161003/tools/bin/../lib/gcc/arm-none-eabi/10.3.1/../../../../arm-none-eabi/lib/thumb/v7-m/nofp\libc_nano.a(lib_a-init.o)
 .ARM.attributes
                0x00000000000004fd       0x2d d:/st/stm32cubeide_1.12.0/stm32cubeide/plugins/com.st.stm32cube.ide.mcu.externaltools.gnu-tools-for-stm32.10.3-2021.10.win32_1.0.200.202301161003/tools/bin/../lib/gcc/arm-none-eabi/10.3.1/../../../../arm-none-eabi/lib/thumb/v7-m/nofp\libc_nano.a(lib_a-memcpy-stub.o)
 .ARM.attributes
                0x000000000000052a       0x2d d:/st/stm32cubeide_1.12.0/stm32cubeide/plugins/com.st.stm32cube.ide.mcu.externaltools.gnu-tools-for-stm32.10.3-2021.10.win32_1.0.200.202301161003/tools/bin/../lib/gcc/arm-none-eabi/10.3.1/../../../../arm-none-eabi/lib/thumb/v7-m/nofp\libc_nano.a(lib_a-memset.o)
 .ARM.attributes
                0x0000000000000557       0x2d d:/st/stm32cubeide_1.12.0/stm32cubeide/plugins/com.st.stm32cube.ide.mcu.externaltools.gnu-tools-for-stm32.10.3-2021.10.win32_1.0.200.202301161003/tools/bin/../lib/gcc/arm-none-eabi/10.3.1/../../../../arm-none-eabi/lib/thumb/v7-m/nofp\libc_nano.a(lib_a-printf.o)
 .ARM.attributes
                0x0000000000000584       0x2d d:/st/stm32cubeide_1.12.0/stm32cubeide/plugins/com.st.stm32cube.ide.mcu.externaltools.gnu-tools-for-stm32.10.3-2021.10.win32_1.0.200.202301161003/tools/bin/../lib/gcc/arm-none-eabi/10.3.1/../../../../arm-none-eabi/lib/thumb/v7-m/nofp\libc_nano.a(lib_a-puts.o)
 .ARM.attributes
                0x00000000000005b1       0x2d d:/st/stm32cubeide_1.12.0/stm32cubeide/plugins/com.st.stm32cube.ide.mcu.externaltools.gnu-tools-for-stm32.10.3-2021.10.win32_1.0.200.202301161003/tools/bin/../lib/gcc/arm-none-eabi/10.3.1/../../../../arm-none-eabi/lib/thumb/v7-m/nofp\libc_nano.a(lib_a-snprintf.o)
 .ARM.attributes
                0x00000000000005de       0x2d d:/st/stm32cubeide_1.12.0/stm32cubeide/plugins/com.st.stm32cube.ide.mcu.externaltools.gnu-tools-for-stm32.10.3-2021.10.win32_1.0.200.202301161003/tools/bin/../lib/gcc/arm-none-eabi/10.3.1/../../../../arm-none-eabi/lib/thumb/v7-m/nofp\libc_nano.a(lib_a-sprintf.o)
 .ARM.attributes
                0x000000000000060b       0x1b d:/st/stm32cubeide_1.12.0/stm32cubeide/plugins/com.st.stm32cube.ide.mcu.externaltools.gnu-tools-for-stm32.10.3-2021.10.win32_1.0.200.202301161003/tools/bin/../lib/gcc/arm-none-eabi/10.3.1/../../../../arm-none-eabi/lib/thumb/v7-m/nofp\libc_nano.a(lib_a-strcmp.o)
 .ARM.attributes
                0x0000000000000626       0x17 d:/st/stm32cubeide_1.12.0/stm32cubeide/plugins/com.st.stm32cube.ide.mcu.externaltools.gnu-tools-for-stm32.10.3-2021.10.win32_1.0.200.202301161003/tools/bin/../lib/gcc/arm-none-eabi/10.3.1/../../../../arm-none-eabi/lib/thumb/v7-m/nofp\libc_nano.a(lib_a-strlen.o)
 .ARM.attributes
                0x000000000000063d       0x2d d:/st/stm32cubeide_1.12.0/stm32cubeide/plugins/com.st.stm32cube.ide.mcu.externaltools.gnu-tools-for-stm32.10.3-2021.10.win32_1.0.200.202301161003/tools/bin/../lib/gcc/arm-none-eabi/10.3.1/../../../../arm-none-eabi/lib/thumb/v7-m/nofp\libc_nano.a(lib_a-strncmp.o)
 .ARM.attributes
                0x000000000000066a       0x2d d:/st/stm32cubeide_1.12.0/stm32cubeide/plugins/com.st.stm32cube.ide.mcu.externaltools.gnu-tools-for-stm32.10.3-2021.10.win32_1.0.200.202301161003/tools/bin/../lib/gcc/arm-none-eabi/10.3.1/../../../../arm-none-eabi/lib/thumb/v7-m/nofp\libc_nano.a(lib_a-wbuf.o)
 .ARM.attributes
                0x0000000000000697       0x2d d:/st/stm32cubeide_1.12.0/stm32cubeide/plugins/com.st.stm32cube.ide.mcu.externaltools.gnu-tools-for-stm32.10.3-2021.10.win32_1.0.200.202301161003/tools/bin/../lib/gcc/arm-none-eabi/10.3.1/../../../../arm-none-eabi/lib/thumb/v7-m/nofp\libc_nano.a(lib_a-wsetup.o)
 .ARM.attributes
                0x00000000000006c4       0x2d d:/st/stm32cubeide_1.12.0/stm32cubeide/plugins/com.st.stm32cube.ide.mcu.externaltools.gnu-tools-for-stm32.10.3-2021.10.win32_1.0.200.202301161003/tools/bin/../lib/gcc/arm-none-eabi/10.3.1/../../../../arm-none-eabi/lib/thumb/v7-m/nofp\libc_nano.a(lib_a-fflush.o)
 .ARM.attributes
                0x00000000000006f1       0x2d d:/st/stm32cubeide_1.12.0/stm32cubeide/plugins/com.st.stm32cube.ide.mcu.externaltools.gnu-tools-for-stm32.10.3-2021.10.win32_1.0.200.202301161003/tools/bin/../lib/gcc/arm-none-eabi/10.3.1/../../../../arm-none-eabi/lib/thumb/v7-m/nofp\libc_nano.a(lib_a-findfp.o)
 .ARM.attributes
                0x000000000000071e       0x2d d:/st/stm32cubeide_1.12.0/stm32cubeide/plugins/com.st.stm32cube.ide.mcu.externaltools.gnu-tools-for-stm32.10.3-2021.10.win32_1.0.200.202301161003/tools/bin/../lib/gcc/arm-none-eabi/10.3.1/../../../../arm-none-eabi/lib/thumb/v7-m/nofp\libc_nano.a(lib_a-fwalk.o)
 .ARM.attributes
                0x000000000000074b       0x2d d:/st/stm32cubeide_1.12.0/stm32cubeide/plugins/com.st.stm32cube.ide.mcu.externaltools.gnu-tools-for-stm32.10.3-2021.10.win32_1.0.200.202301161003/tools/bin/../lib/gcc/arm-none-eabi/10.3.1/../../../../arm-none-eabi/lib/thumb/v7-m/nofp\libc_nano.a(lib_a-lock.o)
 .ARM.attributes
                0x0000000000000778       0x2d d:/st/stm32cubeide_1.12.0/stm32cubeide/plugins/com.st.stm32cube.ide.mcu.externaltools.gnu-tools-for-stm32.10.3-2021.10.win32_1.0.200.202301161003/tools/bin/../lib/gcc/arm-none-eabi/10.3.1/../../../../arm-none-eabi/lib/thumb/v7-m/nofp\libc_nano.a(lib_a-makebuf.o)
 .ARM.attributes
                0x00000000000007a5       0x2d d:/st/stm32cubeide_1.12.0/stm32cubeide/plugins/com.st.stm32cube.ide.mcu.externaltools.gnu-tools-for-stm32.10.3-2021.10.win32_1.0.200.202301161003/tools/bin/../lib/gcc/arm-none-eabi/10.3.1/../../../../arm-none-eabi/lib/thumb/v7-m/nofp\libc_nano.a(lib_a-nano-freer.o)
 .ARM.attributes
                0x00000000000007d2       0x2d d:/st/stm32cubeide_1.12.0/stm32cubeide/plugins/com.st.stm32cube.ide.mcu.externaltools.gnu-tools-for-stm32.10.3-2021.10.win32_1.0.200.202301161003/tools/bin/../lib/gcc/arm-none-eabi/10.3.1/../../../../arm-none-eabi/lib/thumb/v7-m/nofp\libc_nano.a(lib_a-nano-mallocr.o)
 .ARM.attributes
                0x00000000000007ff       0x2d d:/st/stm32cubeide_1.12.0/stm32cubeide/plugins/com.st.stm32cube.ide.mcu.externaltools.gnu-tools-for-stm32.10.3-2021.10.win32_1.0.200.202301161003/tools/bin/../lib/gcc/arm-none-eabi/10.3.1/../../../../arm-none-eabi/lib/thumb/v7-m/nofp\libc_nano.a(lib_a-nano-svfprintf.o)
 .ARM.attributes
                0x000000000000082c       0x2d d:/st/stm32cubeide_1.12.0/stm32cubeide/plugins/com.st.stm32cube.ide.mcu.externaltools.gnu-tools-for-stm32.10.3-2021.10.win32_1.0.200.202301161003/tools/bin/../lib/gcc/arm-none-eabi/10.3.1/../../../../arm-none-eabi/lib/thumb/v7-m/nofp\libc_nano.a(lib_a-nano-vfprintf.o)
 .ARM.attributes
                0x0000000000000859       0x2d d:/st/stm32cubeide_1.12.0/stm32cubeide/plugins/com.st.stm32cube.ide.mcu.externaltools.gnu-tools-for-stm32.10.3-2021.10.win32_1.0.200.202301161003/tools/bin/../lib/gcc/arm-none-eabi/10.3.1/../../../../arm-none-eabi/lib/thumb/v7-m/nofp\libc_nano.a(lib_a-nano-vfprintf_i.o)
 .ARM.attributes
                0x0000000000000886       0x2d d:/st/stm32cubeide_1.12.0/stm32cubeide/plugins/com.st.stm32cube.ide.mcu.externaltools.gnu-tools-for-stm32.10.3-2021.10.win32_1.0.200.202301161003/tools/bin/../lib/gcc/arm-none-eabi/10.3.1/../../../../arm-none-eabi/lib/thumb/v7-m/nofp\libc_nano.a(lib_a-sbrkr.o)
 .ARM.attributes
                0x00000000000008b3       0x2d d:/st/stm32cubeide_1.12.0/stm32cubeide/plugins/com.st.stm32cube.ide.mcu.externaltools.gnu-tools-for-stm32.10.3-2021.10.win32_1.0.200.202301161003/tools/bin/../lib/gcc/arm-none-eabi/10.3.1/../../../../arm-none-eabi/lib/thumb/v7-m/nofp\libc_nano.a(lib_a-stdio.o)
 .ARM.attributes
                0x00000000000008e0       0x2d d:/st/stm32cubeide_1.12.0/stm32cubeide/plugins/com.st.stm32cube.ide.mcu.externaltools.gnu-tools-for-stm32.10.3-2021.10.win32_1.0.200.202301161003/tools/bin/../lib/gcc/arm-none-eabi/10.3.1/../../../../arm-none-eabi/lib/thumb/v7-m/nofp\libc_nano.a(lib_a-writer.o)
 .ARM.attributes
                0x000000000000090d       0x2d d:/st/stm32cubeide_1.12.0/stm32cubeide/plugins/com.st.stm32cube.ide.mcu.externaltools.gnu-tools-for-stm32.10.3-2021.10.win32_1.0.200.202301161003/tools/bin/../lib/gcc/arm-none-eabi/10.3.1/../../../../arm-none-eabi/lib/thumb/v7-m/nofp\libc_nano.a(lib_a-closer.o)
 .ARM.attributes
                0x000000000000093a       0x2d d:/st/stm32cubeide_1.12.0/stm32cubeide/plugins/com.st.stm32cube.ide.mcu.externaltools.gnu-tools-for-stm32.10.3-2021.10.win32_1.0.200.202301161003/tools/bin/../lib/gcc/arm-none-eabi/10.3.1/../../../../arm-none-eabi/lib/thumb/v7-m/nofp\libc_nano.a(lib_a-fstatr.o)
 .ARM.attributes
                0x0000000000000967       0x2d d:/st/stm32cubeide_1.12.0/stm32cubeide/plugins/com.st.stm32cube.ide.mcu.externaltools.gnu-tools-for-stm32.10.3-2021.10.win32_1.0.200.202301161003/tools/bin/../lib/gcc/arm-none-eabi/10.3.1/../../../../arm-none-eabi/lib/thumb/v7-m/nofp\libc_nano.a(lib_a-isattyr.o)
 .ARM.attributes
                0x0000000000000994       0x2d d:/st/stm32cubeide_1.12.0/stm32cubeide/plugins/com.st.stm32cube.ide.mcu.externaltools.gnu-tools-for-stm32.10.3-2021.10.win32_1.0.200.202301161003/tools/bin/../lib/gcc/arm-none-eabi/10.3.1/../../../../arm-none-eabi/lib/thumb/v7-m/nofp\libc_nano.a(lib_a-lseekr.o)
 .ARM.attributes
                0x00000000000009c1       0x2d d:/st/stm32cubeide_1.12.0/stm32cubeide/plugins/com.st.stm32cube.ide.mcu.externaltools.gnu-tools-for-stm32.10.3-2021.10.win32_1.0.200.202301161003/tools/bin/../lib/gcc/arm-none-eabi/10.3.1/../../../../arm-none-eabi/lib/thumb/v7-m/nofp\libc_nano.a(lib_a-memchr-stub.o)
 .ARM.attributes
                0x00000000000009ee       0x2d d:/st/stm32cubeide_1.12.0/stm32cubeide/plugins/com.st.stm32cube.ide.mcu.externaltools.gnu-tools-for-stm32.10.3-2021.10.win32_1.0.200.202301161003/tools/bin/../lib/gcc/arm-none-eabi/10.3.1/../../../../arm-none-eabi/lib/thumb/v7-m/nofp\libc_nano.a(lib_a-memmove.o)
 .ARM.attributes
                0x0000000000000a1b       0x2d d:/st/stm32cubeide_1.12.0/stm32cubeide/plugins/com.st.stm32cube.ide.mcu.externaltools.gnu-tools-for-stm32.10.3-2021.10.win32_1.0.200.202301161003/tools/bin/../lib/gcc/arm-none-eabi/10.3.1/../../../../arm-none-eabi/lib/thumb/v7-m/nofp\libc_nano.a(lib_a-mlock.o)
 .ARM.attributes
                0x0000000000000a48       0x2d d:/st/stm32cubeide_1.12.0/stm32cubeide/plugins/com.st.stm32cube.ide.mcu.externaltools.gnu-tools-for-stm32.10.3-2021.10.win32_1.0.200.202301161003/tools/bin/../lib/gcc/arm-none-eabi/10.3.1/../../../../arm-none-eabi/lib/thumb/v7-m/nofp\libc_nano.a(lib_a-nano-reallocr.o)
 .ARM.attributes
                0x0000000000000a75       0x2d d:/st/stm32cubeide_1.12.0/stm32cubeide/plugins/com.st.stm32cube.ide.mcu.externaltools.gnu-tools-for-stm32.10.3-2021.10.win32_1.0.200.202301161003/tools/bin/../lib/gcc/arm-none-eabi/10.3.1/../../../../arm-none-eabi/lib/thumb/v7-m/nofp\libc_nano.a(lib_a-readr.o)
 .ARM.attributes
                0x0000000000000aa2       0x2d d:/st/stm32cubeide_1.12.0/stm32cubeide/plugins/com.st.stm32cube.ide.mcu.externaltools.gnu-tools-for-stm32.10.3-2021.10.win32_1.0.200.202301161003/tools/bin/../lib/gcc/arm-none-eabi/10.3.1/../../../../arm-none-eabi/lib/thumb/v7-m/nofp\libc_nano.a(lib_a-reent.o)
 .ARM.attributes
                0x0000000000000acf       0x2d d:/st/stm32cubeide_1.12.0/stm32cubeide/plugins/com.st.stm32cube.ide.mcu.externaltools.gnu-tools-for-stm32.10.3-2021.10.win32_1.0.200.202301161003/tools/bin/../lib/gcc/arm-none-eabi/10.3.1/../../../../arm-none-eabi/lib/thumb/v7-m/nofp\libc_nano.a(lib_a-nano-msizer.o)
 .ARM.attributes
                0x0000000000000afc       0x1d d:/st/stm32cubeide_1.12.0/stm32cubeide/plugins/com.st.stm32cube.ide.mcu.externaltools.gnu-tools-for-stm32.10.3-2021.10.win32_1.0.200.202301161003/tools/bin/../lib/gcc/arm-none-eabi/10.3.1/thumb/v7-m/nofp/crtn.o
OUTPUT(MQTT_TEST.elf elf32-littlearm)
LOAD linker stubs
LOAD d:/st/stm32cubeide_1.12.0/stm32cubeide/plugins/com.st.stm32cube.ide.mcu.externaltools.gnu-tools-for-stm32.10.3-2021.10.win32_1.0.200.202301161003/tools/bin/../lib/gcc/arm-none-eabi/10.3.1/../../../../arm-none-eabi/lib/thumb/v7-m/nofp\libc.a
LOAD d:/st/stm32cubeide_1.12.0/stm32cubeide/plugins/com.st.stm32cube.ide.mcu.externaltools.gnu-tools-for-stm32.10.3-2021.10.win32_1.0.200.202301161003/tools/bin/../lib/gcc/arm-none-eabi/10.3.1/../../../../arm-none-eabi/lib/thumb/v7-m/nofp\libm.a
LOAD d:/st/stm32cubeide_1.12.0/stm32cubeide/plugins/com.st.stm32cube.ide.mcu.externaltools.gnu-tools-for-stm32.10.3-2021.10.win32_1.0.200.202301161003/tools/bin/../lib/gcc/arm-none-eabi/10.3.1/thumb/v7-m/nofp\libgcc.a

.debug_info     0x0000000000000000     0xf12b
 .debug_info    0x0000000000000000     0x17a0 ./Core/Src/main.o
 .debug_info    0x00000000000017a0      0xb77 ./Core/Src/stm32f1xx_hal_msp.o
 .debug_info    0x0000000000002317      0x12a ./Core/Src/stm32f1xx_it.o
 .debug_info    0x0000000000002441      0x6e0 ./Core/Src/syscalls.o
 .debug_info    0x0000000000002b21      0x171 ./Core/Src/sysmem.o
 .debug_info    0x0000000000002c92      0x23d ./Core/Src/system_stm32f1xx.o
 .debug_info    0x0000000000002ecf     0x11d7 ./Core/Src/w5500/MQTT/MQTTClient.o
 .debug_info    0x00000000000040a6      0x4fa ./Core/Src/w5500/MQTT/mqtt_interface.o
 .debug_info    0x00000000000045a0      0x75c ./Core/Src/w5500/MQTT/MQTTPacket/MQTTConnectClient.o