../Core/Src/main.c:82:6:messageArrived	48	static
../Core/Src/main.c:128:1:__io_putchar	16	static
../Core/Src/main.c:139:5:main	392	static
../Core/Src/main.c:211:6:SystemClock_Config	72	static
../Core/Src/main.c:251:13:MX_SPI1_Init	8	static
../Core/Src/main.c:289:13:MX_USART2_UART_Init	8	static
../Core/Src/main.c:322:13:MX_GPIO_Init	40	static
../Core/Src/main.c:348:6:PHYStatusCheck	16	static
../Core/Src/main.c:368:6:PrintPHYConf	16	static
../Core/Src/main.c:411:13:subscriptionTopics	64	static
../Core/Src/main.c:432:6:Error_Handler	4	static,ignoring_inline_asm
