../Core/Src/main.c:82:6:messageArrived	48	static
../Core/Src/main.c:142:1:__io_putchar	16	static
../Core/Src/main.c:153:5:main	328	static
../Core/Src/main.c:229:6:SystemClock_Config	72	static
../Core/Src/main.c:269:13:MX_SPI1_Init	8	static
../Core/Src/main.c:307:13:MX_USART2_UART_Init	8	static
../Core/Src/main.c:340:13:MX_GPIO_Init	40	static
../Core/Src/main.c:366:6:PHYStatusCheck	16	static
../Core/Src/main.c:386:6:PrintPHYConf	16	static
../Core/Src/main.c:434:6:Error_Handler	4	static,ignoring_inline_asm
